2019-07-08 13:04:07.803 1550-8692/? D/SecContentProvider: query(), uri = 30 selection = isLocalContactStorageAllowed
2019-07-08 13:04:07.803 1550-8692/? D/SecContentProvider: called from com.samsung.android.uid.dialer:10242
2019-07-08 13:04:07.803 1550-8692/? D/RestrictionPolicy: isLocalContactStorageAllowed
2019-07-08 13:04:07.803 1550-8692/? D/RestrictionPolicy: isLocalContactStorageAllowed(0) : true
2019-07-08 13:04:07.804 1550-2261/? D/SecContentProvider: query(), uri = 30 selection = isLocalContactStorageAllowed
2019-07-08 13:04:07.804 1550-2261/? D/SecContentProvider: called from android.uid.shared:10008
2019-07-08 13:04:07.804 1550-2261/? D/RestrictionPolicy: isLocalContactStorageAllowed
2019-07-08 13:04:07.804 1550-2261/? D/RestrictionPolicy: isLocalContactStorageAllowed(0) : true
2019-07-08 13:04:07.807 2528-2528/? D/ImsResolver: maybeAddedImsService, packageName: com.sec.unifiedwfc
2019-07-08 13:04:07.808 1550-13130/? D/SecContentProvider: query(), uri = 30 selection = isLocalContactStorageAllowed
2019-07-08 13:04:07.808 1550-13130/? D/SecContentProvider: called from android.uid.shared:10008
2019-07-08 13:04:07.808 1550-13130/? D/RestrictionPolicy: isLocalContactStorageAllowed
2019-07-08 13:04:07.808 1550-13130/? D/RestrictionPolicy: isLocalContactStorageAllowed(0) : true
2019-07-08 13:04:07.809 2528-2528/? E/Telephony: PhoneInterfaceManager: [PhoneIntfMgr] getCarrierPackageNamesForIntent: No UICC
2019-07-08 13:04:07.809 2528-2528/? D/CarrierSvcBindHelper: No carrier app for: 0
2019-07-08 13:04:07.813 2528-2557/? E/Telephony: PhoneInterfaceManager: [PhoneIntfMgr] getIccId: No UICC
2019-07-08 13:04:07.815 7671-14462/? I/AppsEdge.Data: item=SelectedItem : pos = 0 FolderItem:preset_folder:0:0
2019-07-08 13:04:07.815 7671-14462/? I/AppsEdge.Data: type=0 pos=1 id=5
2019-07-08 13:04:07.822 1550-1981/? D/InputReader: externalDisplayId 0 W 1080 H 2220
2019-07-08 13:04:07.822 1550-1981/? I/InputReader: Reconfiguring input devices.  changes=0x00000010
2019-07-08 13:04:07.825 1550-1566/? D/SurfaceControl: finalize(protected), animation-leash is released by finalize, sc=Surface(name=Surface(name=AppWindowToken{7e0549c token=Token{2603c0f ActivityRecord{c681d6e u0 com.sec.android.app.launcher/.activities.LauncherActivity t41}}})/@0x511a72b - animation-leash)/@0xb281ddc, nativeObject=478284981376, caller=java.lang.Daemons$FinalizerDaemon.doFinalize:250 java.lang.Daemons$FinalizerDaemon.runInternal:237 java.lang.Daemons$Daemon.run:103 java.lang.Thread.run:764 <bottom of call stack> <bottom of call stack> <bottom of call stack> 
2019-07-08 13:04:07.825 1550-1566/? D/SurfaceControl: finalize(protected), animation-leash is released by finalize, sc=Surface(name=Surface(name=AppWindowToken{e409249 token=Token{6fb6050 ActivityRecord{8de1613 u0 com.thirdtimetech.bugsnagandroidcrashminimalrepro/.MainActivity t156}}})/@0xaabca44 - animation-leash)/@0x2b0624f, nativeObject=478258266144, caller=java.lang.Daemons$FinalizerDaemon.doFinalize:250 java.lang.Daemons$FinalizerDaemon.runInternal:237 java.lang.Daemons$Daemon.run:103 java.lang.Thread.run:764 <bottom of call stack> <bottom of call stack> <bottom of call stack> 
2019-07-08 13:04:07.825 1550-1566/? D/SurfaceControl: finalize(protected), animation-leash is released by finalize, sc=Surface(name=Surface(name=620aa4d com.android.systemui.infinity.InfinityWallpaperBlack)/@0x9367a49 - animation-leash)/@0x363f4ae, nativeObject=478147825600, caller=java.lang.Daemons$FinalizerDaemon.doFinalize:250 java.lang.Daemons$FinalizerDaemon.runInternal:237 java.lang.Daemons$Daemon.run:103 java.lang.Thread.run:764 <bottom of call stack> <bottom of call stack> <bottom of call stack> 
2019-07-08 13:04:07.826 1550-1566/? D/SurfaceControl: finalize(protected), animation-leash is released by finalize, sc=Surface(name=Surface(name=1c93414 Splash Screen com.thirdtimetech.bugsnagandroidcrashminimalrepro)/@0x596ae1b - animation-leash)/@0x59814f6, nativeObject=478147827712, caller=java.lang.Daemons$FinalizerDaemon.doFinalize:250 java.lang.Daemons$FinalizerDaemon.runInternal:237 java.lang.Daemons$Daemon.run:103 java.lang.Thread.run:764 <bottom of call stack> <bottom of call stack> <bottom of call stack> 
2019-07-08 13:04:07.826 1550-1566/? D/SurfaceControl: finalize(protected), animation-leash is released by finalize, sc=Surface(name=Surface(name=b77cad8 Toast)/@0x932d0a2 - animation-leash)/@0x81154ee, nativeObject=478258265856, caller=java.lang.Daemons$FinalizerDaemon.doFinalize:250 java.lang.Daemons$FinalizerDaemon.runInternal:237 java.lang.Daemons$Daemon.run:103 java.lang.Thread.run:764 <bottom of call stack> <bottom of call stack> <bottom of call stack> 
2019-07-08 13:04:07.827 1550-1566/? D/SurfaceControl: finalize(protected), animation-leash is released by finalize, sc=Surface(name=Surface(name=b77cad8 Toast)/@0x932d0a2 - animation-leash)/@0xbe3c911, nativeObject=478285078048, caller=java.lang.Daemons$FinalizerDaemon.doFinalize:250 java.lang.Daemons$FinalizerDaemon.runInternal:237 java.lang.Daemons$Daemon.run:103 java.lang.Thread.run:764 <bottom of call stack> <bottom of call stack> <bottom of call stack> 
2019-07-08 13:04:07.834 1550-1981/? D/InputReader: Input event(7): value=0 when=557594.514575
2019-07-08 13:04:07.834 1550-1981/? D/InputReader: Input event(7): value=0 when=557594.514575
2019-07-08 13:04:07.834 1550-1981/? I/InputReader: Touch event's action is 0x1 (deviceType=0) [pCnt=1, s=] when=557594.514575
2019-07-08 13:04:07.835 1550-1980/? I/clp-JNI: Add pinfo.  (channel) a6048d2 com.thirdtimetech.bugsnagandroidcrashminimalrepro/com.thirdtimetech.bugsnagandroidcrashminimalrepro.MainActivity (server) (pkg) AppWindowToken{e409249 token=Token{6fb6050 ActivityRecord{8de1613 u0 com.thirdtimetech.bugsnagandroidcrashminimalrepro/.MainActivity t156}}} 14254 10373 (action) 1
2019-07-08 13:04:07.835 1550-1980/? I/clp-JNI: Add pinfo end.  1
2019-07-08 13:04:07.835 1550-1980/? I/InputDispatcher: Delivering touch to (14254): action: 0x1, displayId: 0, 'a6048d2', toolType: 1
2019-07-08 13:04:07.836 14254-14254/com.thirdtimetech.bugsnagandroidcrashminimalrepro D/ViewRootImpl@3972e9d[MainActivity]: ViewPostIme pointer 1
2019-07-08 13:04:07.840 1550-1550/? E/LockSettingsStorage: Cannot read file java.io.FileNotFoundException: /data/system/fmmpassword.key: open failed: ENOENT (No such file or directory)
2019-07-08 13:04:07.840 1550-1550/? I/PersonaManagerService::Proxy: newPackage is com.sec.unifiedwfc
2019-07-08 13:04:07.840 1550-1550/? I/GameManagerService: PkgInstallationReceiver, onReceive(),  begin, action: android.intent.action.PACKAGE_CHANGED
2019-07-08 13:04:07.842 7671-14462/? I/AppsEdge.Data: item=SelectedItem : pos = 1 ComponentItem:null
2019-07-08 13:04:07.842 7671-14462/? I/AppsEdge.Data: type=0 pos=7 id=6
2019-07-08 13:04:07.843 28715-28896/? E/rs$DefaultThreadFactory: ===== Detect pool-thread leak =====
2019-07-08 13:04:07.844 28715-28896/? E/rs$DefaultThreadFactory: dalvik.system.VMStack.getThreadStackTrace(Native Method)
2019-07-08 13:04:07.844 28715-28896/? E/rs$DefaultThreadFactory: java.lang.Thread.getStackTrace(Thread.java:1538)
2019-07-08 13:04:07.844 28715-28896/? E/rs$DefaultThreadFactory: java.util.concurrent.Executors$DefaultThreadFactory.newThread(Executors.java:569)
2019-07-08 13:04:07.844 28715-28896/? E/rs$DefaultThreadFactory: sql.newThread(Unknown Source:9)
2019-07-08 13:04:07.844 28715-28896/? E/rs$DefaultThreadFactory: java.util.concurrent.ThreadPoolExecutor$Worker.<init>(ThreadPoolExecutor.java:636)
2019-07-08 13:04:07.844 28715-28896/? E/rs$DefaultThreadFactory: java.util.concurrent.ThreadPoolExecutor.addWorker(ThreadPoolExecutor.java:950)
2019-07-08 13:04:07.844 28715-28896/? E/rs$DefaultThreadFactory: java.util.concurrent.ThreadPoolExecutor.execute(ThreadPoolExecutor.java:1393)
2019-07-08 13:04:07.844 28715-28896/? E/rs$DefaultThreadFactory: skn.a(:com.google.android.gms@17785037@17.7.85 (100400-253824076):13)
2019-07-08 13:04:07.844 28715-28896/? E/rs$DefaultThreadFactory: skn.execute(:com.google.android.gms@17785037@17.7.85 (100400-253824076):2)
2019-07-08 13:04:07.844 28715-28896/? E/rs$DefaultThreadFactory: skk.run(:com.google.android.gms@17785037@17.7.85 (100400-253824076):12)
2019-07-08 13:04:07.844 28715-28896/? E/rs$DefaultThreadFactory: java.util.concurrent.Executors$RunnableAdapter.call(Executors.java:459)
2019-07-08 13:04:07.844 28715-28896/? E/rs$DefaultThreadFactory: java.util.concurrent.FutureTask.run(FutureTask.java:266)
2019-07-08 13:04:07.844 28715-28896/? E/rs$DefaultThreadFactory: java.util.concurrent.ScheduledThreadPoolExecutor$ScheduledFutureTask.run(ScheduledThreadPoolExecutor.java:301)
2019-07-08 13:04:07.844 28715-28896/? E/rs$DefaultThreadFactory: java.util.concurrent.ThreadPoolExecutor.runWorker(ThreadPoolExecutor.java:1167)
2019-07-08 13:04:07.844 28715-28896/? E/rs$DefaultThreadFactory: java.util.concurrent.ThreadPoolExecutor$Worker.run(ThreadPoolExecutor.java:641)
2019-07-08 13:04:07.844 28715-28896/? E/rs$DefaultThreadFactory: sqo.run(Unknown Source:7)
2019-07-08 13:04:07.844 28715-28896/? E/rs$DefaultThreadFactory: java.lang.Thread.run(Thread.java:764)
2019-07-08 13:04:07.844 28715-17954/? I/Icing: IndexChimeraService.getServiceInterface callingPackage=com.google.android.gms componentName=AppsCorpus serviceId=32
2019-07-08 13:04:07.844 28715-12564/? I/Icing: IndexChimeraService.getServiceInterface callingPackage=com.google.android.gms componentName=AppsCorpus serviceId=36
2019-07-08 13:04:07.845 2528-2557/? E/Telephony: PhoneInterfaceManager: [PhoneIntfMgr] getIccId: No UICC
2019-07-08 13:04:07.846 7671-14462/? I/AppsEdge.Data: item=SelectedItem : pos = 7 ComponentItem:null
2019-07-08 13:04:07.846 7671-14462/? I/AppsEdge.Data: type=0 pos=2 id=7
2019-07-08 13:04:07.852 7671-14462/? I/AppsEdge.Data: item=SelectedItem : pos = 2 ComponentItem:null
2019-07-08 13:04:07.852 7671-14462/? I/AppsEdge.Data: type=0 pos=6 id=8
2019-07-08 13:04:07.856 7671-14462/? I/AppsEdge.Data: item=SelectedItem : pos = 6 ComponentItem:null
2019-07-08 13:04:07.857 7671-14462/? I/AppsEdge.Service: changeAppPairItem
2019-07-08 13:04:07.897 1550-1550/? I/Telecom:SamsungDefaultDialerManagerAdapter: getDefaultDialerApplication - packageName : com.samsung.android.dialer / userId : 0
2019-07-08 13:04:07.897 1550-1550/? I/Telecom: DefaultDialerCache: Refreshing default dialer for user 0: now com.samsung.android.dialer: DDC.oR@C10
2019-07-08 13:04:07.897 1550-1550/? D/CocktailBarManagerServiceContainer: onReceive : android.intent.action.PACKAGE_CHANGED
2019-07-08 13:04:07.898 1550-1550/? D/RCPManagerService: PackageReceiver onReceive()
2019-07-08 13:04:07.898 1550-1550/? D/CustomFrequencyManagerService: acquireDVFSLockLocked : type : DVFS_MIN_LIMIT  frequency : 1190400  uid : 1000  pid : 1550  pkgName : SMOOTH_SCROLL@CPU_MIN@29
2019-07-08 13:04:07.898 1550-1550/? D/CustomFrequencyManagerService: releaseDVFSLockLocked : Getting Lock type frm List : DVFS_MIN_LIMIT  frequency : 1190400  uid : 1000  pid : 1550  tag : SMOOTH_SCROLL@CPU_MIN@29
2019-07-08 13:04:07.899 1550-1550/? D/GameManagerService: identifyGamePackage. com.thirdtimetech.bugsnagandroidcrashminimalrepro
2019-07-08 13:04:07.899 1550-1550/? D/GamePkgDataHelper: getGamePkgData(). com.thirdtimetech.bugsnagandroidcrashminimalrepro
2019-07-08 13:04:07.899 1550-1550/? D/CustomFrequencyManagerService: acquireDVFSLockLocked : type : DVFS_MIN_LIMIT  frequency : 979200  uid : 1000  pid : 1550  pkgName : GESTURE_DETECTED@CPU_MIN@37
2019-07-08 13:04:07.907 28715-14477/? I/Icing: Usage reports ok 1, Failed Usage reports 0, indexed 0, rejected 0
2019-07-08 13:04:07.918 28715-14477/? I/Icing: Usage reports ok 0, Failed Usage reports 0, indexed 0, rejected 0
2019-07-08 13:04:07.920 1550-1589/? W/SearchableInfo: Invalid searchable metadata for com.samsung.android.messaging/.ui.view.recipientspicker.PickerActivity: Search label must be a resource reference.
2019-07-08 13:04:07.983 1550-1589/? W/SearchableInfo: Invalid searchable metadata for com.samsung.android.themestore/.activity.bixby.SearchActivityForBixby: Search label must be a resource reference.
2019-07-08 13:04:08.029 1550-1589/? D/MediaSessionService: Received change in packages, intent=Intent { act=android.intent.action.PACKAGE_CHANGED dat=package:com.sec.unifiedwfc flg=0x45000010 (has extras) }
2019-07-08 13:04:08.032 1550-1589/? D/LocationProviderProxy-fused: bindBestPackageLocked : com.sec.location.nsflp2
2019-07-08 13:04:08.034 3574-3574/? D/Launcher.Model: onPackageChanged:com.sec.unifiedwfc, user:UserHandle{0}, isUpsModeEnabled = false, isEmergencyEnabled = false
2019-07-08 13:04:08.034 3574-3574/? D/Launcher.Model: isValidStateInKnoxMode:false user:UserHandle{0}
2019-07-08 13:04:08.035 3574-3574/? D/SuggestedItemsProvider: onPackageChanged: com.sec.unifiedwfc
2019-07-08 13:04:08.035 3574-3574/? D/SuggestedItemsProvider: onPackageRemoved: com.sec.unifiedwfc
2019-07-08 13:04:08.035 3574-3574/? D/KnoxHelper: getActivityList callingUserId: 0, target user: 0
2019-07-08 13:04:08.035 3574-3708/? W/Launcher.Model: checkFinderState return, operation is not matched
2019-07-08 13:04:08.035 3574-3708/? D/Launcher.Model: Loader.updatePackage com.sec.unifiedwfc
2019-07-08 13:04:08.036 3574-3708/? D/KnoxHelper: getActivityList callingUserId: 0, target user: 0
2019-07-08 13:04:08.037 3574-3708/? D/KnoxHelper: getActivityList callingUserId: 0, target user: 0
2019-07-08 13:04:08.037 3574-3708/? D/DataLoader: updatePackage:com.sec.unifiedwfc
2019-07-08 13:04:08.037 3574-3708/? D/DataLoader: removePackage:com.sec.unifiedwfc
2019-07-08 13:04:08.038 1550-6273/? D/LauncherAppsService: is Package Hidden: false
2019-07-08 13:04:08.038 1550-6273/? D/LauncherAppsService: is Package Hidden: false
2019-07-08 13:04:08.039 3574-3574/? D/HotseatPresenter: HomeEvent update for Hotseat [7]
2019-07-08 13:04:08.039 3574-3574/? D/WorkspacePresenter: HomeEvent update [7]
2019-07-08 13:04:08.039 3574-3574/? D/HotseatPresenter: HomeEvent update for Hotseat [8]
2019-07-08 13:04:08.039 3574-3574/? D/WorkspacePresenter: HomeEvent update [8]
2019-07-08 13:04:08.039 3574-3574/? D/HotseatPresenter: HomeEvent update for Hotseat [2]
2019-07-08 13:04:08.039 3574-3574/? D/WorkspacePresenter: HomeEvent update [2]
2019-07-08 13:04:08.039 3574-3708/? I/PostPositionController: addItem() - com.sec.unifiedwfc, isWidgetOnly : true
2019-07-08 13:04:08.040 3574-3708/? D/WidgetDataRepository: ignore dirty because widgets are not changed
2019-07-08 13:04:08.067 1550-2131/? D/WifiPermissionsUtil: canAccessScanResults: pkgName = android, uid = 1000
2019-07-08 13:04:08.267 706-15728/? V/APM_AudioPolicyManager: getAudioPolicyConfig: audioParam;outDevice
2019-07-08 13:04:08.268 706-15728/? V/APM_AudioPolicyManager: getNewOutputDevice() selected device 0
2019-07-08 13:04:08.268 706-15728/? V/APM_AudioPolicyManager: ### curdevice : 2
2019-07-08 13:04:08.400 1550-2132/? I/WifiVendorHal: getWifiLinkLayerStats(l.2965) before calling iface.getLinkLayerStats
2019-07-08 13:04:08.415 1550-2132/? I/WifiVendorHal: getWifiLinkLayerStats(l.2965) after calling iface.getLinkLayerStats
2019-07-08 13:04:08.437 1550-2132/? I/WifiStateMachine: checkScoreBasedQuality -  mPreviousScore[0]:0 mPreviousScore[1]:0 mPreviousScore[2]:0 s2Score:84mPrevoiusScoreAverage:0
2019-07-08 13:04:08.443 1550-1981/? D/InputReader: Input event(7): value=1 when=557595.121794
2019-07-08 13:04:08.443 1550-1981/? D/InputReader: Input event(7): value=1 when=557595.121794
2019-07-08 13:04:08.443 1550-1981/? I/InputReader: Touch event's action is 0x0 (deviceType=0) [pCnt=1, s=0.2557 ] when=557595.121794
2019-07-08 13:04:08.443 1550-1980/? I/InputDispatcher: Delivering touch to (2271): action: 0x4, displayId: 0, 'c6cb1f0', toolType: 1
2019-07-08 13:04:08.443 1550-1980/? I/clp-JNI: Add pinfo end.  0
2019-07-08 13:04:08.444 1550-1980/? I/InputDispatcher: Delivering touch to (2271): action: 0x0, displayId: 0, '2e4b900', toolType: 1
2019-07-08 13:04:08.444 2271-2271/? D/ViewRootImpl@eab56e[StatusBar]: ViewPostIme pointer 0
2019-07-08 13:04:08.446 2271-2271/? I/SwipeDoorsillDetector: onTouchEvent(): mIntercepting is false
2019-07-08 13:04:08.446 2271-2271/? D/TilesUpdate:  setListening is set : refreshAllTiles
2019-07-08 13:04:08.449 2271-2271/? I/StackScroller: ADJUST STACK.TRANSLATION
2019-07-08 13:04:08.449 2271-2271/? I/StackScroller: ADJUST STACK.TRANSLATION
2019-07-08 13:04:08.450 2271-2271/? I/PanelView: n.B.P.E.C:false, true, false, false, false, false
2019-07-08 13:04:08.451 2271-2271/? D/StatusBar: M.E.V:false, false, true
2019-07-08 13:04:08.452 1550-1550/? D/InputMethodManagerService: DESKTOP MODE! : 2
2019-07-08 13:04:08.452 1550-1550/? D/InputMethodManagerService: NOT IN KNOX DESKTOP MODE!
2019-07-08 13:04:08.453 5751-5751/? I/TrayVisibilityController: TrayVisibilityReceiver action :com.samsung.systemui.statusbar.ANIMATING
2019-07-08 13:04:08.458 2271-2271/? D/StatusBar: disable<e i a s b h r c s k > disable2<q i n g o >
2019-07-08 13:04:08.458 2271-2271/? D/CollapsedStatusBarFragment: disable<i s c >
2019-07-08 13:04:08.459 2271-2271/? I/PanelView: n.B.P.E.C:false, true, false, false, false, false
2019-07-08 13:04:08.459 2271-2571/? D/Tile.WifiTile:  setItemsVisible : true
2019-07-08 13:04:08.459 2271-2571/? D/Tile.BluetoothTile:  handleUpdateState enabled = false connected = false connecting = false changedState =false bluetoothState = 10 enabledChanging = false state = BooleanState[,icon=ResourceIcon[resId=0x7f0804f8],iconSupplier=null,label=Bluetooth,secondaryLabel=null,contentDescription=Bluetooth,Off.,dualLabelContentDescription=null,expandedAccessibilityClassName=null,disabledByPolicy=false,dualTarget=true,isTransient=false,state=1,slash="null",isCustomTile=false,tileClassName=null,value=false]
2019-07-08 13:04:08.459 2271-2271/? D/Tile.BluetoothTile: onBluetoothStateChange = false
2019-07-08 13:04:08.459 2271-2271/? D/wifiwifi: isShowingDetail =  false
2019-07-08 13:04:08.460 2271-2271/? I/PanelView: n.B.P.E.C:false, true, false, false, true, false
2019-07-08 13:04:08.460 2271-2571/? D/Tile.RotationLockTile:  handleUpdateState: true orientation = true
2019-07-08 13:04:08.460 2271-2271/? I/StackScroller: ADJUST STACK.TRANSLATION
2019-07-08 13:04:08.460 2271-2271/? I/StackScroller: ADJUST STACK.TRANSLATION
2019-07-08 13:04:08.460 2271-2271/? I/PanelView: n.B.P.E.C:false, true, false, false, true, false
2019-07-08 13:04:08.461 2271-2571/? D/Tile.AirplaneModeTile:  handleUpdateState: airplane mode is disabled
2019-07-08 13:04:08.461 2271-2571/? D/Tile.AirplaneModeTile:  handleUpdateState:  value = false, state = 1
2019-07-08 13:04:08.463 2271-2571/? D/Tile.BluetoothTile:  handleUpdateState enabled = false connected = false connecting = false changedState =false bluetoothState = 10 enabledChanging = false state = BooleanState[,icon=ResourceIcon[resId=0x7f0804f8],iconSupplier=null,label=Bluetooth,secondaryLabel=null,contentDescription=Bluetooth,Off.,dualLabelContentDescription=null,expandedAccessibilityClassName=null,disabledByPolicy=false,dualTarget=true,isTransient=false,state=1,slash="null",isCustomTile=false,tileClassName=null,value=false]
2019-07-08 13:04:08.464 2271-2571/? D/Tile.RotationLockTile:  handleUpdateState: true orientation = true
2019-07-08 13:04:08.464 1550-6273/? V/WindowManager: Relayout Window{2e4b900 u0 StatusBar}: viewVisibility=0 req=1080x63 {(0,0)(fillxfill) gr=TOP CENTER_VERTICAL sim={adjust=resize} layoutInDisplayCutoutMode=always ty=STATUS_BAR fmt=TRANSLUCENT
      fl=NOT_FOCUSABLE TOUCHABLE_WHEN_WAKING WATCH_OUTSIDE_TOUCH SPLIT_TOUCH HARDWARE_ACCELERATED DRAWS_SYSTEM_BAR_BACKGROUNDS naviIconColor=0
      sfl=DOZE_MODE}
2019-07-08 13:04:08.464 2271-2571/? D/Tile.RotationLockTile:  handleUpdateState: true orientation = true
2019-07-08 13:04:08.465 2271-2571/? D/Tile.AirplaneModeTile:  handleUpdateState: airplane mode is disabled
2019-07-08 13:04:08.465 2271-2571/? D/Tile.AirplaneModeTile:  handleUpdateState:  value = false, state = 1
2019-07-08 13:04:08.465 2271-2571/? D/Tile.BluetoothTile:  handleUpdateState enabled = false connected = false connecting = false changedState =false bluetoothState = 10 enabledChanging = false state = BooleanState[,icon=ResourceIcon[resId=0x7f0804f8],iconSupplier=null,label=Bluetooth,secondaryLabel=null,contentDescription=Bluetooth,Off.,dualLabelContentDescription=null,expandedAccessibilityClassName=null,disabledByPolicy=false,dualTarget=true,isTransient=false,state=1,slash="null",isCustomTile=false,tileClassName=null,value=false]
2019-07-08 13:04:08.466 1550-6273/? V/WindowManager: Resize reasons for w=Window{2e4b900 u0 StatusBar}:  contentInsetsChanged=true [0,0][0,126] visibleInsetsChanged=true [0,0][0,126] stableInsetsChanged=true [0,0][0,126] outsetsChanged=false [0,0][0,0] surfaceResized=false configChanged=false dragResizingChanged=false reportOrientationChanged=false displayCutoutChanged=false nextForceRelayoutToClient=false
2019-07-08 13:04:08.467 1550-1981/? D/InputReader: Input event(7): value=0 when=557595.146959
2019-07-08 13:04:08.467 1550-1981/? D/InputReader: Input event(7): value=0 when=557595.146959
2019-07-08 13:04:08.467 1550-1981/? I/InputReader: Touch event's action is 0x1 (deviceType=0) [pCnt=1, s=] when=557595.146959
2019-07-08 13:04:08.467 1550-1980/? I/clp-JNI: Add pinfo.  (channel) 2e4b900 StatusBar (server) (pkg) AppWindowToken{e409249 token=Token{6fb6050 ActivityRecord{8de1613 u0 com.thirdtimetech.bugsnagandroidcrashminimalrepro/.MainActivity t156}}} 2271 10045 (action) 1
2019-07-08 13:04:08.467 1550-1980/? I/clp-JNI: Add pinfo end.  1
2019-07-08 13:04:08.467 1550-1980/? I/InputDispatcher: Delivering touch to (2271): action: 0x1, displayId: 0, '2e4b900', toolType: 1
2019-07-08 13:04:08.468 1550-1550/? D/CustomFrequencyManagerService: acquireDVFSLockLocked : type : DVFS_MIN_LIMIT  frequency : 1190400  uid : 1000  pid : 1550  pkgName : SMOOTH_SCROLL@CPU_MIN@29
2019-07-08 13:04:08.469 1550-1550/? D/CustomFrequencyManagerService: releaseDVFSLockLocked : Getting Lock type frm List : DVFS_MIN_LIMIT  frequency : 1190400  uid : 1000  pid : 1550  tag : SMOOTH_SCROLL@CPU_MIN@29
2019-07-08 13:04:08.471 1550-1550/? D/GameManagerService: identifyGamePackage. com.thirdtimetech.bugsnagandroidcrashminimalrepro
2019-07-08 13:04:08.471 1550-1550/? D/GamePkgDataHelper: getGamePkgData(). com.thirdtimetech.bugsnagandroidcrashminimalrepro
2019-07-08 13:04:08.471 1550-1550/? D/CustomFrequencyManagerService: acquireDVFSLockLocked : type : DVFS_MIN_LIMIT  frequency : 979200  uid : 1000  pid : 1550  pkgName : GESTURE_DETECTED@CPU_MIN@37
2019-07-08 13:04:08.477 2271-2271/? D/ViewRootImpl@eab56e[StatusBar]: Relayout returned: old=[0,0][1080,63] new=[0,0][1080,2220] result=0x21 surface={valid=true 478772736000} changed=false
2019-07-08 13:04:08.477 2271-2271/? D/NotificationPanelViewCarrierLabelManager: mInsetNavigationBarBottomHeight:126
2019-07-08 13:04:08.477 2271-2271/? D/SecQuickStatusBarHeader: updateResources: startPadding = 55 endPadding = 55
2019-07-08 13:04:08.478 2271-2271/? D/KeyguardCutout: getSidePadding 0
2019-07-08 13:04:08.478 2271-2271/? D/KeyguardBottomAreaShortcutView: mIndicationArea margin start : 155, end : 155, bottom : 131
2019-07-08 13:04:08.479 2271-2271/? D/LockIcon: mCurrentState = 5, mLastState = 5, mDeviceInteractive = true, mLastDeviceInteractive = true, mScreenOn = true, mLastScreenOn = true,  force = true
2019-07-08 13:04:08.480 2271-2740/? D/OpenGLRenderer: eglDestroySurface = 0x6f5a67a000, 0x6f79143000
2019-07-08 13:04:08.480 2271-2271/? D/KeyguardWallpaperController: onLayoutChange() v: com.android.systemui.statusbar.BackDropView{bfa8df1 I.E...... ........ 0,0-1080,2220 #7f0a008a app:id/backdrop}, bottom : 2220, oldBottom : 63
2019-07-08 13:04:08.480 2271-2271/? D/KeyguardWallpaperController: mShowing=false, mOccluded=false, mFadingAway=false, match_parent=true
2019-07-08 13:04:08.481 2271-2740/? D/OpenGLRenderer: eglCreateWindowSurface = 0x6f5a67a000, 0x6f79143010
2019-07-08 13:04:08.486 2271-2271/? D/ViewRootImpl@eab56e[StatusBar]: ViewPostIme pointer 1
2019-07-08 13:04:08.487 2271-2271/? I/PanelView: n.B.P.E.C:false, false, false, false, true, false
2019-07-08 13:04:08.487 2271-2271/? V/setAnimator: animator = true
2019-07-08 13:04:08.487 2271-2271/? I/PanelView: n.B.P.E.C:false, false, false, false, true, true
2019-07-08 13:04:08.488 2271-2271/? I/PanelView: n.B.P.E.C:false, false, false, false, false, true
2019-07-08 13:04:08.488 2271-2271/? D/Tile.AirplaneModeTile: onReceive: android.intent.action.SERVICE_STATE
2019-07-08 13:04:08.488 2271-2571/? D/Tile.AirplaneModeTile:  handleUpdateState: airplane mode is disabled
2019-07-08 13:04:08.489 2271-2571/? D/Tile.AirplaneModeTile:  handleUpdateState:  value = false, state = 1
2019-07-08 13:04:08.489 2271-2271/? D/Tile.SoundModeTile: onReceive(): Ringer mode profile:2, isTempMuteOn:false
2019-07-08 13:04:08.489 2271-2271/? I/PanelView: n.B.P.E.C:false, false, false, false, false, true
2019-07-08 13:04:08.492 2271-2271/? D/ViewRootImpl@eab56e[StatusBar]: MSG_RESIZED: frame=Rect(0, 0 - 1080, 2220) ci=Rect(0, 0 - 0, 126) vi=Rect(0, 0 - 0, 126) or=1
2019-07-08 13:04:08.497 28715-11209/? I/CastDatabase: Saving the database
2019-07-08 13:04:08.502 28715-11209/? E/SQLiteCastStore: Skip saving CastDeviceInfo: "Nearby device" (__cast_nearby___V_5c4fbdaa-b653-40e6-90eb-855327856b5d)
2019-07-08 13:04:08.504 5751-5751/? I/Utils: isCurrentUser current = 0, ownerId = 0
2019-07-08 13:04:08.504 1550-6273/? E/LockSettingsStorage: Cannot read file java.io.FileNotFoundException: /data/system/fmmpassword.key: open failed: ENOENT (No such file or directory)
2019-07-08 13:04:08.505 5751-5751/? I/TrayVisibilityController: updateTrayVisible: State=513 visible=2 mCurrentVisible=1 specificMode=0
2019-07-08 13:04:08.505 5751-5751/? D/TrayStateController: putInputRect mDynamicInputRegion=96375893@LastEvent=t=1562605441417Rect(25, 0 - 67, 429),Rect=Rect(0, 0 - 0, 0)
2019-07-08 13:04:08.507 2271-2271/? D/StatusBar: disable<e i a s b h r c s k > disable2<q i n g o >
2019-07-08 13:04:08.507 2271-2271/? D/CollapsedStatusBarFragment: shouldHideNotificationIcons(!)
2019-07-08 13:04:08.507 2271-2271/? D/CollapsedStatusBarFragment: adjustDisableFlags(!)
2019-07-08 13:04:08.507 2271-2271/? D/CollapsedStatusBarFragment: disable<I!S!C!>
2019-07-08 13:04:08.507 28715-11209/? I/SQLiteCastStore: [CastNetworkInfo] saved: 4, skipped: 0, [CastDeviceInfo]: saved 25, skipped 1, [Paired Guest Mode DeviceInfo] saved: 0, skipped: 0. [ProbedNetworks]: saved 0, skipped: 0, [ProbedSocketAddress]: saved 24, skipped: 0, [Network-Device pairs]: saved: 4
2019-07-08 13:04:08.507 1550-6273/? W/CocktailBarStatePolicyController: updateWindowType: current window type is requested window type(1)
2019-07-08 13:04:08.509 1550-14478/? D/TspStateManagerInternal: update cmd=set_grip_data,0,0,0,0
2019-07-08 13:04:08.509 1550-2261/? I/EasyMuteController: UnRegister failed. no registered
2019-07-08 13:04:08.509 1550-2261/? V/Vibrator: Called cancel() API - PUID: 1000, PackageName: android, token: android.os.Binder@103590e
2019-07-08 13:04:08.509 1550-2261/? D/VibratorService: cancel() : android.os.Binder@103590e
2019-07-08 13:04:08.509 1550-2261/? D/VibratorService: Turning vibrator off
2019-07-08 13:04:08.510 686-686/? D/SecVibrator-HAL: writeNode node:/sys/class/timed_output/vibrator/enable val:0
2019-07-08 13:04:08.510 5751-5751/? D/TrayStateController: setUiState 2 : 0 --> 2
2019-07-08 13:04:08.511 1550-2261/? D/LightsService: [api] [SvcLED] turnOff:: id = 4 (uid: 1000 pid: 1550) 
2019-07-08 13:04:08.511 1550-2261/? D/PowerManagerUtil: fileWriteString to /sys/power/wake_lock, LightsService
2019-07-08 13:04:08.511 1550-2261/? D/LightsService: [SvcLED] setSvcLedStateLocked:: SvcLEDState : 0x0 -> 0x0 | SvcLED(id=4:NOTIFICATIONS) set Off
2019-07-08 13:04:08.511 1550-1608/? D/LightsService: [SvcLED] handleForcedSvcLEDTask()
2019-07-08 13:04:08.511 1550-1608/? D/LightsService: [SvcLED]  setSvcLedLightLocked :: Current SvcLED(id=3:BATTERY) maintains its priority right
2019-07-08 13:04:08.511 1550-1608/? D/PowerManagerUtil: fileWriteString to /sys/power/wake_unlock, LightsService
2019-07-08 13:04:08.511 2271-2271/? I/PanelView: n.B.P.E.C:true, false, false, false, false, true
2019-07-08 13:04:08.515 1550-2261/? V/WindowManager: Relayout Window{2e4b900 u0 StatusBar}: viewVisibility=0 req=1080x2220 {(0,0)(fillxfill) gr=TOP CENTER_VERTICAL sim={adjust=resize} layoutInDisplayCutoutMode=always ty=STATUS_BAR fmt=TRANSLUCENT
      fl=TOUCHABLE_WHEN_WAKING ALT_FOCUSABLE_IM WATCH_OUTSIDE_TOUCH SPLIT_TOUCH HARDWARE_ACCELERATED DRAWS_SYSTEM_BAR_BACKGROUNDS naviIconColor=0
      sfl=DOZE_MODE}
2019-07-08 13:04:08.518 1550-2261/? V/WindowManager: Changing focus from Window{a6048d2 u0 com.thirdtimetech.bugsnagandroidcrashminimalrepro/com.thirdtimetech.bugsnagandroidcrashminimalrepro.MainActivity} to Window{2e4b900 u0 StatusBar} Callers=com.android.server.wm.WindowManagerService.relayoutWindow:2505 com.android.server.wm.Session.relayoutForTranslate:287 android.view.IWindowSession$Stub.onTransact:432 com.android.server.wm.Session.onTransact:186 
2019-07-08 13:04:08.518 1550-2261/? D/StatusBarManagerService: notifyRequestedSystemKey recent=false home=false
2019-07-08 13:04:08.518 1550-1591/? D/WindowManager: setSystemUiVisibility: vis= 0x8008, fullscreenVis= 0x0, dockedVis= 0x0, win=Window{2e4b900 u0 StatusBar}
2019-07-08 13:04:08.519 1550-2261/? D/InputDispatcher: Focus left window (14254): a6048d2 0
2019-07-08 13:04:08.519 1550-2261/? D/InputDispatcher: Focus entered window (2271): 2e4b900 0
2019-07-08 13:04:08.519 1550-1600/? D/WindowManager: reportFocusChangedSerialized, focused=true, inTouchMode=true, win=Window{2e4b900 u0 StatusBar}
2019-07-08 13:04:08.519 1550-1600/? D/WindowManager: reportFocusChangedSerialized, focused=false, inTouchMode=true, win=Window{a6048d2 u0 com.thirdtimetech.bugsnagandroidcrashminimalrepro/com.thirdtimetech.bugsnagandroidcrashminimalrepro.MainActivity}
2019-07-08 13:04:08.519 2271-2271/? D/ViewRootImpl@eab56e[StatusBar]: Relayout returned: old=[0,0][1080,2220] new=[0,0][1080,2220] result=0x1 surface={valid=true 478772736000} changed=false
2019-07-08 13:04:08.520 14254-14254/com.thirdtimetech.bugsnagandroidcrashminimalrepro D/ViewRootImpl@3972e9d[MainActivity]: MSG_WINDOW_FOCUS_CHANGED 0 1
2019-07-08 13:04:08.520 14254-14254/com.thirdtimetech.bugsnagandroidcrashminimalrepro D/InputMethodManager: prepareNavigationBarInfo() DecorView@b67730a[MainActivity]
2019-07-08 13:04:08.520 14254-14254/com.thirdtimetech.bugsnagandroidcrashminimalrepro D/InputMethodManager: getNavigationBarColor() -855310
2019-07-08 13:04:08.522 2271-2271/? D/LightBarController: onNavigationVisibilityChanged : vis = 8008, nbModeChanged = false navigationBarMode = 4
2019-07-08 13:04:08.523 2271-2271/? D/ViewRootImpl@eab56e[StatusBar]: MSG_WINDOW_FOCUS_CHANGED 1 1
2019-07-08 13:04:08.523 1550-2261/? D/SamsungPhoneWindowManager: adjustSystemUiVisibilityLw: vis=0x8008
2019-07-08 13:04:08.523 1550-2261/? D/InputManager-JNI: setSystemUiVisibility dexmode: false changed: true displayid: 0 visibility: 0x8008 DD: 0x8008 OD: 0x0
2019-07-08 13:04:08.523 5751-5823/? D/OpenGLRenderer: eglDestroySurface = 0x6f5db0b280, 0x6f79d97000
2019-07-08 13:04:08.523 2271-2271/? D/Navbar.StatusBarNavBarFeature: onWindowFocusChanged() gainFocus=true, mScreenTurnedOff=false, mState=0, isServiceBoxFullPage=false, isBouncerShowing()=false
2019-07-08 13:04:08.526 2271-2271/? I/PanelView: n.B.P.E.C:true, false, false, false, false, true
2019-07-08 13:04:08.527 1550-6273/? V/WindowManager: Relayout Window{871ad05 u0 com.samsung.android.app.cocktailbarservice/com.samsung.android.app.cocktailbarservice.CocktailBarService}: viewVisibility=8 req=67x429 {(0,245)(67x429) gr=TOP RIGHT CENTER sim={adjust=nothing} layoutInDisplayCutoutMode=always ty=SEM_EDGE_OVERLAY fmt=TRANSPARENT
      fl=NOT_FOCUSABLE TOUCHABLE_WHEN_WAKING LAYOUT_IN_SCREEN FULLSCREEN SPLIT_TOUCH HARDWARE_ACCELERATED
      pfl=SHOW_FOR_ALL_USERS NO_MOVE_ANIMATION
      vsysui=LIGHT_STATUS_BAR naviIconColor=0}
2019-07-08 13:04:08.528 1550-6273/? E/WindowManager: win=Window{871ad05 u0 com.samsung.android.app.cocktailbarservice/com.samsung.android.app.cocktailbarservice.CocktailBarService} destroySurfaces: appStopped=true win.mWindowRemovalAllowed=false win.mRemoveOnExit=false win.mViewVisibility=8 caller=com.android.server.wm.WindowManagerService.tryStartExitingAnimation:2737 com.android.server.wm.WindowManagerService.relayoutWindow:2435 com.android.server.wm.Session.relayoutForTranslate:287 android.view.IWindowSession$Stub.onTransact:432 com.android.server.wm.Session.onTransact:186 android.os.Binder.execTransact:739 <bottom of call stack> 
2019-07-08 13:04:08.528 1550-6273/? I/WindowManager: Destroying surface Surface(name=com.samsung.android.app.cocktailbarservice/com.samsung.android.app.cocktailbarservice.CocktailBarService[5751])/@0x606557b called by com.android.server.wm.WindowStateAnimator.destroySurface:1880 com.android.server.wm.WindowStateAnimator.destroySurfaceLocked:838 com.android.server.wm.WindowState.destroySurfaceUnchecked:3775 com.android.server.wm.WindowState.destroySurface:3756 com.android.server.wm.WindowManagerService.tryStartExitingAnimation:2737 com.android.server.wm.WindowManagerService.relayoutWindow:2435 com.android.server.wm.Session.relayoutForTranslate:287 android.view.IWindowSession$Stub.onTransact:432 
2019-07-08 13:04:08.528 709-1963/? I/SurfaceFlinger: id=5901 Removed com.samsung.android.app.cocktailbarservice/com.samsung.android.app.cocktailbarservice.CocktailBarService[5751]#0 (0/50)
2019-07-08 13:04:08.532 5751-5751/? D/ViewRootImpl@3a120d1[CocktailBarService]: Relayout returned: old=[1013,245][1080,674] new=[1013,245][1080,674] result=0x5 surface={valid=false 0} changed=true
2019-07-08 13:04:08.536 5751-5751/? D/CocktailBarUiController: onCocktailBarStateChanged: flag=0x1 vis=2 bgType=0 showTimeout=-1 activate=true
2019-07-08 13:04:08.539 709-709/? I/Layer: id=5901 onRemoved com.samsung.android.app.cocktailbarservice/com.samsung.android.app.cocktailbarservice.CocktailBarService[5751]#0 
2019-07-08 13:04:08.539 2271-2271/? I/PanelView: n.B.P.E.C:true, false, false, false, false, true
2019-07-08 13:04:08.543 1550-2261/? V/WindowManager: Relayout Window{871ad05 u0 com.samsung.android.app.cocktailbarservice/com.samsung.android.app.cocktailbarservice.CocktailBarService}: viewVisibility=8 req=67x429 {(0,245)(67x429) gr=TOP RIGHT CENTER sim={adjust=nothing} layoutInDisplayCutoutMode=always ty=SEM_EDGE_OVERLAY fmt=TRANSPARENT
      fl=NOT_FOCUSABLE TOUCHABLE_WHEN_WAKING LAYOUT_IN_SCREEN FULLSCREEN SPLIT_TOUCH HARDWARE_ACCELERATED
      pfl=SHOW_FOR_ALL_USERS NO_MOVE_ANIMATION
      vsysui=LIGHT_STATUS_BAR naviIconColor=0}
2019-07-08 13:04:08.543 709-709/? I/SurfaceFlinger: Display 0 HWC layers:
        type    |    handle    | flag |  format   |   source crop (l,t,r,b)    |         frame       | name 
    ------------+--------------+------+-----------+----------------------------+---------------------+------
         Device | 0x7c44e3b780 | 0002 | RGBA_8888 |   0.0    0.0 1080.0 2220.0 |    0    0 1080 2220 | com.thirdtimetech.bugsnagandroidcras[...]shminimalrepro.MainActivity[14254]#0
         Device | 0x7c44e22180 | 0000 | RGBA_8888 |   0.0    0.0 1080.0 2220.0 |    0    0 1080 2220 | StatusBar[2271]#0
         Device | 0x7c44e22100 | 0000 | RGBA_8888 |   0.0    0.0 1080.0  126.0 |    0 2094 1080 2220 | NavigationBar[2271]#0
2019-07-08 13:04:08.546 5751-5751/? D/ViewRootImpl@3a120d1[CocktailBarService]: Relayout returned: old=[1013,245][1080,674] new=[1013,245][1080,674] result=0x1 surface={valid=false 0} changed=false
2019-07-08 13:04:08.556 2271-2271/? I/PanelView: n.B.P.E.C:true, false, false, false, false, true
2019-07-08 13:04:08.624 3136-3136/? D/io_stats: !@   8,0 r 464849 30877868 w 2046145 41006280 d 152038 67951828 f 893882 935431 iot 3822550 1635262 th 102400 0 0 pt 0 inp 0 0 557595.303
2019-07-08 13:04:08.641 1550-2261/? D/StatusBarManagerService:   setPanelExpandStateToType barType0
2019-07-08 13:04:08.623 2271-2271/? I/chatty: uid=10045(com.samsung.android.app.aodservice) com.android.systemui identical 4 lines
2019-07-08 13:04:08.641 2271-2271/? I/PanelView: n.B.P.E.C:true, false, false, false, false, true
2019-07-08 13:04:08.641 2271-2271/? V/setAnimator: animator = false
2019-07-08 13:04:08.643 2271-2271/? D/SystemUIAnalytics: sendEventLog 299, 1101
2019-07-08 13:04:08.643 5751-5751/? I/TrayVisibilityController: TrayVisibilityReceiver action :com.samsung.systemui.statusbar.EXPANDED
2019-07-08 13:04:08.643 2271-2271/? D/SystemUIAnalytics: sendScreenViewLog 201
2019-07-08 13:04:08.643 2271-2271/? I/PanelView: n.B.P.E.C:true, false, false, false, false, false
2019-07-08 13:04:08.664 2271-6074/? D/SamsungAnalytics200001: [DLC Sender] send result success : 0
2019-07-08 13:04:08.682 2271-6074/? D/SamsungAnalytics200001: [DLC Sender] send result success : 0
2019-07-08 13:04:08.922 28715-11209/? I/Icing: Indexing com.google.android.gms-apps from com.google.android.gms
2019-07-08 13:04:08.928 28715-11209/? I/Icing: Indexing done com.google.android.gms-apps
2019-07-08 13:04:09.020 1550-14482/? D/TspStateManagerInternal: update cmd=set_grip_data,1,60,10,32,888
2019-07-08 13:04:09.069 1550-2131/? D/WifiPermissionsUtil: canAccessScanResults: pkgName = android, uid = 1000
2019-07-08 13:04:09.074 1550-1981/? D/InputReader: Input event(7): value=1 when=557595.754092
2019-07-08 13:04:09.074 1550-1981/? D/InputReader: Input event(7): value=1 when=557595.754092
2019-07-08 13:04:09.074 1550-1981/? I/InputReader: Touch event's action is 0x0 (deviceType=0) [pCnt=1, s=0.2558 ] when=557595.754092
2019-07-08 13:04:09.074 1550-1980/? I/InputDispatcher: Delivering touch to (2271): action: 0x4, displayId: 0, 'c6cb1f0', toolType: 1
2019-07-08 13:04:09.074 1550-1980/? I/clp-JNI: Add pinfo end.  0
2019-07-08 13:04:09.074 1550-1980/? I/InputDispatcher: Delivering touch to (2271): action: 0x0, displayId: 0, '2e4b900', toolType: 1
2019-07-08 13:04:09.075 2271-2271/? D/ViewRootImpl@eab56e[StatusBar]: ViewPostIme pointer 0
2019-07-08 13:04:09.075 2271-2271/? D/PanelView: onInterceptTouchEvent !mQsExp : true BarState : 0 TouchEmptyArea : true X : 96.76758 Y : 323.02734
2019-07-08 13:04:09.119 1550-1929/? I/HqmInfo::HqmManagerService: MSG_TYPE:MSG_TYPE_PROCESS_LOG_BY_HQM
2019-07-08 13:04:09.122 13247-13247/? D/DQA: get data intent
2019-07-08 13:04:09.122 13247-13247/? D/DQA: save data
2019-07-08 13:04:09.124 13247-13247/? D/SamsungAnalytics:DQA: [Log Sender] insert
2019-07-08 13:04:09.158 1550-1981/? D/InputReader: Input event(7): value=0 when=557595.837542
2019-07-08 13:04:09.158 1550-1981/? D/InputReader: Input event(7): value=0 when=557595.837542
2019-07-08 13:04:09.158 1550-1981/? I/InputReader: Touch event's action is 0x1 (deviceType=0) [pCnt=1, s=] when=557595.837542
2019-07-08 13:04:09.158 1550-1980/? I/clp-JNI: Add pinfo.  (channel) 2e4b900 StatusBar (server) (pkg) AppWindowToken{e409249 token=Token{6fb6050 ActivityRecord{8de1613 u0 com.thirdtimetech.bugsnagandroidcrashminimalrepro/.MainActivity t156}}} 2271 10045 (action) 1
2019-07-08 13:04:09.158 1550-1980/? I/clp-JNI: Add pinfo end.  1
2019-07-08 13:04:09.158 2271-2271/? D/ViewRootImpl@eab56e[StatusBar]: ViewPostIme pointer 1
2019-07-08 13:04:09.158 1550-1980/? I/InputDispatcher: Delivering touch to (2271): action: 0x1, displayId: 0, '2e4b900', toolType: 1
2019-07-08 13:04:09.161 2271-2271/? D/SystemUIAnalytics: sendEventLog 201, 1104, 0
2019-07-08 13:04:09.163 2271-2571/? D/Tile.WifiTile: handleClick true
2019-07-08 13:04:09.163 706-15728/? V/APM_AudioPolicyManager: selectOutput() commonFlags for output 13, 0000
2019-07-08 13:04:09.163 706-15728/? V/APM_AudioPolicyManager: selectOutput() commonFlags for output 21, 0000
2019-07-08 13:04:09.163 706-15728/? V/APM_AudioPolicyManager: selectOutput() commonFlags for output 29, 0000
2019-07-08 13:04:09.163 706-15728/? V/APM_AudioPolicyManager: getOutput() stream 1 selected device 00000002, output 13
2019-07-08 13:04:09.163 706-15728/? V/APM_AudioPolicyManager: selectOutput() commonFlags for output 13, 0000
2019-07-08 13:04:09.163 706-15728/? V/APM_AudioPolicyManager: selectOutput() commonFlags for output 21, 0000
2019-07-08 13:04:09.163 706-15728/? V/APM_AudioPolicyManager: selectOutput() commonFlags for output 29, 0000
2019-07-08 13:04:09.163 706-15728/? V/APM_AudioPolicyManager: getOutput() stream 1 selected device 00000002, output 13
2019-07-08 13:04:09.163 706-15728/? I/AudioFlinger: setMixerOutConfig return default condition, mixer key 2002, thread key 202
2019-07-08 13:04:09.163 706-15728/? W/AudioPolicyIntefaceImpl: Skipped to add effects on session 3777
2019-07-08 13:04:09.163 706-15728/? V/APM_AudioPolicyManager: startOutput() output 21, stream 1, session 3777
2019-07-08 13:04:09.164 706-15728/? V/APM_AudioPolicyManager: setBeaconMute(1) mBeaconMuteRefCount=1 mBeaconPlayingRefCount=0
2019-07-08 13:04:09.164 706-15728/? V/APM_AudioPolicyManager: getNewOutputDevice() selected device 2
2019-07-08 13:04:09.164 706-15728/? V/APM_AudioPolicyManager: setOutputDevice() device 0002 delayMs 0
2019-07-08 13:04:09.164 706-15728/? V/APM_AudioPolicyManager: setOutputDevice() prevDevice 0x0002
2019-07-08 13:04:09.164 706-15728/? V/APM_AudioPolicyManager: setOutputDevice: suppressing checkDeviceMuteStrategies
2019-07-08 13:04:09.164 706-15728/? V/APM_AudioPolicyManager: setOutputDevice() setting same device 0x0002 or null device
2019-07-08 13:04:09.164 1550-14245/? D/WifiService: setWifiEnabled: false pid=2271, uid=10045, package=com.android.systemui
2019-07-08 13:04:09.164 1550-14245/? I/WifiService: setWifiEnabled package=com.android.systemui uid=10045 enable=false
2019-07-08 13:04:09.165 1550-14245/? D/WifiControlHistoryProvider: query
2019-07-08 13:04:09.166 659-13201/? D/audio_hw_primary: start_output_stream: enter: stream(0xe527b000)usecase(1: low-latency-playback) devices(0x2)
2019-07-08 13:04:09.166 659-13201/? D/audio_hw_primary: select_devices for use case (low-latency-playback)
2019-07-08 13:04:09.166 659-13201/? D/audio_hw_primary: select_devices: out_snd_device(2: speaker) in_snd_device(0: )
2019-07-08 13:04:09.166 659-13201/? I/msm8974_platform: platform_check_and_set_codec_backend_cfg:becf: afe: bitwidth 16, samplerate 48000 channels 2, backend_idx 0 usecase = 1 device (speaker)
2019-07-08 13:04:09.166 659-13201/? D/msm8974_platform: platform_split_snd_device: snd_device(2) num devices(1) new_snd_devices(0)
2019-07-08 13:04:09.166 659-13201/? I/msm8974_platform: platform_check_and_set_codec_backend_cfg: new_snd_devices[0] is 2
2019-07-08 13:04:09.166 659-13201/? I/msm8974_platform: platform_check_codec_backend_cfg:becf: afe: bitwidth 16, samplerate 48000 channels 2, backend_idx 0 usecase = 1 device (speaker)
2019-07-08 13:04:09.166 659-13201/? D/msm8974_platform: platform_check_codec_backend_cfg:becf: afe: playback on codec device not supporting native playback set default Sample Rate(48k)
2019-07-08 13:04:09.167 659-13201/? I/msm8974_platform: platform_check_codec_backend_cfg:becf: afe: Codec selected backend: 0 updated bit width: 16 and sample rate: 48000
2019-07-08 13:04:09.167 659-13201/? D/audio_hw_primary: check_usecases_codec_backend:becf: force routing 1
2019-07-08 13:04:09.167 659-13201/? E/msm8974_platform: platform_check_backends_match: Invalid snd_device = 
2019-07-08 13:04:09.167 659-13201/? D/audio_hw_primary: check_usecases_codec_backend:becf: (65) check_usecases curr device: speaker, usecase device: backends match 0
2019-07-08 13:04:09.167 659-13201/? D/audio_hw_primary: check_usecases_codec_backend:becf: check_usecases num.of Usecases to switch 0
2019-07-08 13:04:09.167 659-13201/? D/hardware_info: hw_info_append_hw_type : device_name = speaker
2019-07-08 13:04:09.167 659-13201/? D/audio_hw_primary: enable_snd_device: snd_device(2: speaker)
2019-07-08 13:04:09.167 659-13201/? I/soundtrigger: audio_extn_sound_trigger_update_device_status: device 0x2 of type 0 for Event 1, with Raise=0
2019-07-08 13:04:09.167 659-13201/? D/audio_route: Apply path: speaker
2019-07-08 13:04:09.167 659-13201/? D/soundtrigger: audio_extn_sound_trigger_update_stream_status: uc_info->id 1 of type 0 for Event 3, with Raise=0
2019-07-08 13:04:09.167 659-13201/? D/audio_hw_utils: audio_extn_utils_send_app_type_cfg: usecase->out_snd_device speaker
2019-07-08 13:04:09.167 659-13201/? D/msm8974_platform: platform_split_snd_device: snd_device(2) num devices(0) new_snd_devices(0)
2019-07-08 13:04:09.167 1550-14245/? D/SecContentProvider2: query(), uri = 20 selection = isWifiStateChangeAllowed
2019-07-08 13:04:09.168 659-13201/? I/audio_hw_utils: send_app_type_cfg_for_device PLAYBACK app_type 69937, acdb_dev_id 15, sample_rate 48000, snd_device_be_idx 45
2019-07-08 13:04:09.168 659-13201/? D/msm8974_platform: platform_split_snd_device: snd_device(2) num devices(1) new_snd_devices(0)
2019-07-08 13:04:09.168 659-13201/? D/ACDB-LOADER: ACDB -> send_audio_cal, acdb_id = 15, path = 0, app id = 0x11131, sample rate = 48000
2019-07-08 13:04:09.168 659-13201/? D/ACDB-LOADER: ACDB -> send_asm_topology
2019-07-08 13:04:09.168 659-13201/? D/ACDB-LOADER: ACDB -> ACDB_CMD_GET_AUDPROC_STREAM_TOPOLOGY_ID
2019-07-08 13:04:09.168 659-13201/? D/ACDB-LOADER: ACDB -> send_adm_topology
2019-07-08 13:04:09.168 659-13201/? D/ACDB-LOADER: ACDB -> ACDB_CMD_GET_AUDPROC_COMMON_TOPOLOGY_ID
2019-07-08 13:04:09.169 659-13201/? D/ACDB-LOADER: ACDB -> send_audtable
2019-07-08 13:04:09.169 659-13201/? D/ACDB-LOADER: ACDB -> ACDB_CMD_GET_AUDPROC_COMMON_TABLE_SIZE
2019-07-08 13:04:09.169 1550-2132/? D/WifiStateMachinePrime: Switching from ClientModeActiveState to ScanOnlyMode
2019-07-08 13:04:09.169 659-13201/? D/ACDB-LOADER: ACDB -> ACDB_CMD_GET_AUDPROC_COMMON_TABLE
2019-07-08 13:04:09.169 1550-2132/? D/WifiClientModeManager:  currentstate: StartedState
2019-07-08 13:04:09.169 1550-2132/? D/WifiClientModeManager: expected stop, not triggering callbacks: newState = 0
2019-07-08 13:04:09.169 2540-2820/? W/Settings: Setting wifi_on has moved from android.provider.Settings.System to android.provider.Settings.Secure, returning read-only value.
2019-07-08 13:04:09.169 2540-2820/? W/Settings: Setting wifi_on has moved from android.provider.Settings.Secure to android.provider.Settings.Global.
2019-07-08 13:04:09.169 659-13201/? D/ACDB-LOADER: ACDB -> AUDIO_SET_AUDPROC_CAL
2019-07-08 13:04:09.169 659-13201/? D/ACDB-LOADER: ACDB -> send_audvoltable
2019-07-08 13:04:09.169 1550-2132/? D/SecContentProvider: insert(), uri = 2
2019-07-08 13:04:09.169 659-13201/? D/ACDB-LOADER: ACDB -> ACDB_CMD_GET_AUDPROC_VOL_STEP_TABLE_SIZE
2019-07-08 13:04:09.169 1550-2132/? D/SecContentProvider: called from android.uid.system:1000
2019-07-08 13:04:09.169 659-13201/? D/ACDB-LOADER: ACDB -> ACDB_CMD_GET_AUDPROC_GAIN_DEP_STEP_TABLE, vol index 0
2019-07-08 13:04:09.169 659-13201/? D/ACDB-LOADER: ACDB -> AUDIO_SET_VOL_CAL cal type = 12
2019-07-08 13:04:09.169 659-13201/? D/ACDB-LOADER: ACDB -> ACDB_CMD_GET_AUDPROC_STREAM_TABLE_SIZE
2019-07-08 13:04:09.169 659-13201/? D/ACDB-LOADER: ACDB -> send_audstrmtable
2019-07-08 13:04:09.169 659-13201/? D/ACDB-LOADER: ACDB -> ACDB_CMD_GET_AUDPROC_STREAM_TABLE_V2
2019-07-08 13:04:09.169 659-13201/? D/ACDB-LOADER: ACDB -> audstrm_cal->cal_type.cal_data.cal_size = 4168
2019-07-08 13:04:09.169 659-13201/? D/ACDB-LOADER: ACDB -> send_afe_topology
2019-07-08 13:04:09.169 659-13201/? D/ACDB-LOADER: ACDB -> ACDB_CMD_GET_AFE_TOPOLOGY_ID
2019-07-08 13:04:09.169 659-13201/? D/ACDB-LOADER: ACDB -> GET_AFE_TOPOLOGY_ID for adcd_id 15, Topology Id 10001061
2019-07-08 13:04:09.169 659-13201/? D/ACDB-LOADER: ACDB -> send_afe_cal
2019-07-08 13:04:09.169 659-13201/? D/ACDB-LOADER: ACDB -> ACDB_CMD_GET_AFE_COMMON_TABLE_SIZE
2019-07-08 13:04:09.169 1550-2232/? I/WifiStateMachine: CheckEleEnvironment - setElePollingSkipMode mElePollingMode :0
2019-07-08 13:04:09.169 659-13201/? D/ACDB-LOADER: ACDB -> ACDB_CMD_GET_AFE_COMMON_TABLE
2019-07-08 13:04:09.169 1550-2232/? I/WifiStateMachine: enableEleMobileRssiPolling : false
2019-07-08 13:04:09.169 1550-2232/? I/WifiStateMachine: stopScoreQualityCheck
2019-07-08 13:04:09.169 659-13201/? D/ACDB-LOADER: ACDB -> AUDIO_SET_AFE_CAL
2019-07-08 13:04:09.169 659-13201/? D/ACDB-LOADER: ACDB -> send_hw_delay : acdb_id = 15 path = 0
2019-07-08 13:04:09.169 659-13201/? D/ACDB-LOADER: ACDB -> ACDB_AVSYNC_INFO: ACDB_CMD_GET_DEVICE_PROPERTY
2019-07-08 13:04:09.170 659-13201/? D/audio_hw_primary: enable_audio_route: apply mixer and update path: low-latency-playback speaker
2019-07-08 13:04:09.170 659-13201/? D/audio_route: Apply path: low-latency-playback speaker
2019-07-08 13:04:09.170 659-13201/? D/audio_route: Setting mixer control: TERT_MI2S_RX Audio Mixer MultiMedia5, value: 1
2019-07-08 13:04:09.170 2499-2859/? E/RegiObsMgr: onChange: content://settings/global/wifi_on => match [-1]
2019-07-08 13:04:09.170 2540-2820/? D/EPDG -- SIM0 [EpdgSubScription]: EpdgSettingObserver - wifi on changed 0
2019-07-08 13:04:09.170 2540-2820/? D/EPDG -- SIM0 [EpdgSubScription]: EPDI (CHANGE_WIFI_SETTING)
2019-07-08 13:04:09.170 2540-2820/? D/EPDG -- [EpdgSubScription]: EPDI : setHandoverTriggerReasonForEPDI (7)
2019-07-08 13:04:09.170 2540-2820/? D/EPDG -- SIM0 [EpdgSubScription]: send update unifiedwfc intent: WIFI_STATE : 5
2019-07-08 13:04:09.170 2540-2820/? W/ContextImpl: Calling a method in the system process without a qualified user: android.app.ContextImpl.sendBroadcast:1067 android.content.ContextWrapper.sendBroadcast:449 com.sec.epdg.EpdgSubScription.sendUpdateUnifiedWfcEvent:10178 com.sec.epdg.EpdgSubScription.sendUpdateUnifiedWfcEventAndDb:10184 com.sec.epdg.EpdgSubScription.access$4700:169 
2019-07-08 13:04:09.170 1550-3752/? E/OsAgent:  Wifi Scan Always Available: 1
2019-07-08 13:04:09.170 1550-3752/? V/LocSvc_HIDL_Subscription_jni: bool_dataitem_update
2019-07-08 13:04:09.170 1550-3752/? V/LocSvc_HIDL_Subscription_jni: [bool_dataitem_update][252] [HC] =>> [HS]
2019-07-08 13:04:09.171 678-2399/? V/LocSvc_HIDL_IzatSubscription: [boolDataItemUpdate][220] [HS] <<<<= [HC]
