2019-07-08 13:04:06.136 1550-2189/? D/ConnectivityService: currentScore = 0, newScore = 20
2019-07-08 13:04:06.136 1550-2189/? D/ConnectivityService: rematch for NetworkAgentInfo [WIFI () - 628]
2019-07-08 13:04:06.136 1550-2189/? D/ConnectivityService:    accepting network in place of null
2019-07-08 13:04:06.136 1550-2189/? D/ConnectivityService: sending new Min Network Score(20): NetworkRequest [ TRACK_DEFAULT id=980, [ Capabilities: INTERNET&NOT_RESTRICTED&TRUSTED Unwanted:  Uid: 10088] ]
2019-07-08 13:04:06.136 1550-2239/? D/Ethernet: new score 20 for exisiting request NetworkRequest [ TRACK_DEFAULT id=980, [ Capabilities: INTERNET&NOT_RESTRICTED&TRUSTED Unwanted:  Uid: 10088] ]
2019-07-08 13:04:06.137 1550-2239/? D/Ethernet:   my score=110, my filter=[ Transports: ETHERNET LinkUpBandwidth>=100000Kbps LinkDnBandwidth>=100000Kbps]
2019-07-08 13:04:06.137 1550-2239/? D/Ethernet: evalRequest
2019-07-08 13:04:06.137 1550-2239/? D/Ethernet:   done
2019-07-08 13:04:06.137 1550-2189/? D/ConnectivityService:   checking if request is : NetworkRequest [ TRACK_DEFAULT id=610, [ Capabilities: INTERNET&NOT_RESTRICTED&TRUSTED Unwanted:  Uid: 10032] ], satisfies : true
2019-07-08 13:04:06.137 1550-2189/? D/ConnectivityService: currentScore = 0, newScore = 20
2019-07-08 13:04:06.137 1550-2189/? D/ConnectivityService: rematch for NetworkAgentInfo [WIFI () - 628]
2019-07-08 13:04:06.137 1550-2189/? D/ConnectivityService:    accepting network in place of null
2019-07-08 13:04:06.137 1550-2232/? D/WifiConnectivityMonitor: eleCreateSensorObjects
2019-07-08 13:04:06.137 1550-2189/? D/ConnectivityService: sending new Min Network Score(20): NetworkRequest [ TRACK_DEFAULT id=610, [ Capabilities: INTERNET&NOT_RESTRICTED&TRUSTED Unwanted:  Uid: 10032] ]
2019-07-08 13:04:06.137 1550-2189/? D/ConnectivityService:   checking if request is : NetworkRequest [ TRACK_DEFAULT id=8, [ Capabilities: INTERNET&NOT_RESTRICTED&TRUSTED Unwanted:  Uid: 1000] ], satisfies : true
2019-07-08 13:04:06.137 1550-2232/? D/WifiConnectivityMonitor: eleCreateSensorObjects created
2019-07-08 13:04:06.137 1550-2189/? D/ConnectivityService: currentScore = 0, newScore = 20
2019-07-08 13:04:06.137 1550-2189/? D/ConnectivityService: rematch for NetworkAgentInfo [WIFI () - 628]
2019-07-08 13:04:06.137 1550-2189/? D/ConnectivityService:    accepting network in place of null
2019-07-08 13:04:06.137 1550-2189/? D/ConnectivityService: sending new Min Network Score(20): NetworkRequest [ TRACK_DEFAULT id=8, [ Capabilities: INTERNET&NOT_RESTRICTED&TRUSTED Unwanted:  Uid: 1000] ]
2019-07-08 13:04:06.137 1550-2189/? D/ConnectivityService:   checking if request is : NetworkRequest [ TRACK_DEFAULT id=937, [ Capabilities: INTERNET&NOT_RESTRICTED&TRUSTED Unwanted:  Uid: 10123] ], satisfies : true
2019-07-08 13:04:06.137 1550-2189/? D/ConnectivityService: currentScore = 0, newScore = 20
2019-07-08 13:04:06.137 1550-2189/? D/ConnectivityService: rematch for NetworkAgentInfo [WIFI () - 628]
2019-07-08 13:04:06.137 1550-2189/? D/ConnectivityService:    accepting network in place of null
2019-07-08 13:04:06.137 1550-2189/? D/ConnectivityService: sending new Min Network Score(20): NetworkRequest [ TRACK_DEFAULT id=937, [ Capabilities: INTERNET&NOT_RESTRICTED&TRUSTED Unwanted:  Uid: 10123] ]
2019-07-08 13:04:06.137 1550-2232/? D/WifiConnectivityMonitor: start to check Captive portal
2019-07-08 13:04:06.137 1550-2239/? D/Ethernet: new score 20 for exisiting request NetworkRequest [ TRACK_DEFAULT id=610, [ Capabilities: INTERNET&NOT_RESTRICTED&TRUSTED Unwanted:  Uid: 10032] ]
2019-07-08 13:04:06.137 1550-2239/? D/Ethernet:   my score=110, my filter=[ Transports: ETHERNET LinkUpBandwidth>=100000Kbps LinkDnBandwidth>=100000Kbps]
2019-07-08 13:04:06.137 1550-2239/? D/Ethernet: evalRequest
2019-07-08 13:04:06.137 1550-2239/? D/Ethernet:   done
2019-07-08 13:04:06.137 1550-2239/? D/Ethernet: new score 20 for exisiting request NetworkRequest [ TRACK_DEFAULT id=8, [ Capabilities: INTERNET&NOT_RESTRICTED&TRUSTED Unwanted:  Uid: 1000] ]
2019-07-08 13:04:06.137 1550-2239/? D/Ethernet:   my score=110, my filter=[ Transports: ETHERNET LinkUpBandwidth>=100000Kbps LinkDnBandwidth>=100000Kbps]
2019-07-08 13:04:06.137 1550-2189/? D/ConnectivityService:   checking if request is : NetworkRequest [ TRACK_DEFAULT id=1214, [ Capabilities: INTERNET&NOT_RESTRICTED&TRUSTED Unwanted:  Uid: 10373] ], satisfies : true
2019-07-08 13:04:06.137 1550-2239/? D/Ethernet: evalRequest
2019-07-08 13:04:06.137 1550-2189/? D/ConnectivityService: currentScore = 0, newScore = 20
2019-07-08 13:04:06.137 1550-2239/? D/Ethernet:   done
2019-07-08 13:04:06.137 1550-2189/? D/ConnectivityService: rematch for NetworkAgentInfo [WIFI () - 628]
2019-07-08 13:04:06.137 1550-2189/? D/ConnectivityService:    accepting network in place of null
2019-07-08 13:04:06.137 1550-2239/? D/Ethernet: new score 20 for exisiting request NetworkRequest [ TRACK_DEFAULT id=937, [ Capabilities: INTERNET&NOT_RESTRICTED&TRUSTED Unwanted:  Uid: 10123] ]
2019-07-08 13:04:06.137 1550-2189/? D/ConnectivityService: sending new Min Network Score(20): NetworkRequest [ TRACK_DEFAULT id=1214, [ Capabilities: INTERNET&NOT_RESTRICTED&TRUSTED Unwanted:  Uid: 10373] ]
2019-07-08 13:04:06.137 1550-2239/? D/Ethernet:   my score=110, my filter=[ Transports: ETHERNET LinkUpBandwidth>=100000Kbps LinkDnBandwidth>=100000Kbps]
2019-07-08 13:04:06.137 1550-2239/? D/Ethernet: evalRequest
2019-07-08 13:04:06.137 1550-2139/? D/WIFI_P2P: new score 20 for exisiting request NetworkRequest [ TRACK_DEFAULT id=980, [ Capabilities: INTERNET&NOT_RESTRICTED&TRUSTED Unwanted:  Uid: 10088] ]
2019-07-08 13:04:06.138 1550-2239/? D/Ethernet:   done
2019-07-08 13:04:06.138 1550-2139/? D/WIFI_P2P:   my score=60, my filter=[ Transports: WIFI Capabilities: WIFI_P2P&NOT_RESTRICTED&TRUSTED&NOT_VPN Unwanted:  LinkUpBandwidth>=1048576Kbps LinkDnBandwidth>=1048576Kbps]
2019-07-08 13:04:06.138 1550-2139/? D/WIFI_P2P: evalRequest
2019-07-08 13:04:06.138 1550-2239/? D/Ethernet: new score 20 for exisiting request NetworkRequest [ TRACK_DEFAULT id=1214, [ Capabilities: INTERNET&NOT_RESTRICTED&TRUSTED Unwanted:  Uid: 10373] ]
2019-07-08 13:04:06.138 1550-2139/? D/WIFI_P2P:   done
2019-07-08 13:04:06.138 1550-2239/? D/Ethernet:   my score=110, my filter=[ Transports: ETHERNET LinkUpBandwidth>=100000Kbps LinkDnBandwidth>=100000Kbps]
2019-07-08 13:04:06.138 1550-2239/? D/Ethernet: evalRequest
2019-07-08 13:04:06.138 1550-2139/? D/WIFI_P2P: new score 20 for exisiting request NetworkRequest [ TRACK_DEFAULT id=610, [ Capabilities: INTERNET&NOT_RESTRICTED&TRUSTED Unwanted:  Uid: 10032] ]
2019-07-08 13:04:06.138 1550-2239/? D/Ethernet:   done
2019-07-08 13:04:06.138 1550-2139/? D/WIFI_P2P:   my score=60, my filter=[ Transports: WIFI Capabilities: WIFI_P2P&NOT_RESTRICTED&TRUSTED&NOT_VPN Unwanted:  LinkUpBandwidth>=1048576Kbps LinkDnBandwidth>=1048576Kbps]
2019-07-08 13:04:06.138 1550-2139/? D/WIFI_P2P: evalRequest
2019-07-08 13:04:06.138 1550-2139/? D/WIFI_P2P:   done
2019-07-08 13:04:06.138 1550-2139/? D/WIFI_P2P: new score 20 for exisiting request NetworkRequest [ TRACK_DEFAULT id=8, [ Capabilities: INTERNET&NOT_RESTRICTED&TRUSTED Unwanted:  Uid: 1000] ]
2019-07-08 13:04:06.138 1550-2139/? D/WIFI_P2P:   my score=60, my filter=[ Transports: WIFI Capabilities: WIFI_P2P&NOT_RESTRICTED&TRUSTED&NOT_VPN Unwanted:  LinkUpBandwidth>=1048576Kbps LinkDnBandwidth>=1048576Kbps]
2019-07-08 13:04:06.138 1550-2189/? D/ConnectivityService: Switching to new default network: NetworkAgentInfo{ ni{[type: WIFI[], state: CONNECTED/CONNECTED, reason: (unspecified), extra: (none), failover: false, available: true, roaming: false]}  network{628}  nethandle{2700645158925}  lp{{InterfaceName: wlan0 LinkAddresses: [fe80::564b:f425:7db6:1436/64,172.20.74.175/23,]  Routes: [fe80::/64 -> :: wlan0,172.20.74.0/23 -> 0.0.0.0 wlan0,0.0.0.0/0 -> 172.20.74.1 wlan0,] DnsAddresses: [208.67.222.222,208.67.220.220,] UsePrivateDns: false PrivateDnsServerName: null Domains: null MTU: 0 TcpBufferSizes: 524288,1048576,4194304,524288,1048576,4194304}}  nc{[ Transports: WIFI Capabilities: NOT_METERED&INTERNET&NOT_RESTRICTED&TRUSTED&NOT_VPN&NOT_ROAMING&FOREGROUND&NOT_CONGESTED&NOT_SUSPENDED Unwanted:  LinkUpBandwidth>=1048576Kbps LinkDnBandwidth>=1048576Kbps SignalStrength: -53 SSID: "PELOTON-BIKES"]}  Score{20}  everValidated{false}  lastValidated{false}  created{true} lingering{false} explicitlySelected{false} acceptUnvalidated{false} everCaptivePortalDetected{false} lastCaptivePortalDetected{false} clat{null} }
2019-07-08 13:04:06.138 1550-2139/? D/WIFI_P2P: evalRequest
2019-07-08 13:04:06.138 1550-2139/? D/WIFI_P2P:   done
2019-07-08 13:04:06.138 1550-2139/? D/WIFI_P2P: new score 20 for exisiting request NetworkRequest [ TRACK_DEFAULT id=937, [ Capabilities: INTERNET&NOT_RESTRICTED&TRUSTED Unwanted:  Uid: 10123] ]
2019-07-08 13:04:06.138 1550-2139/? D/WIFI_P2P:   my score=60, my filter=[ Transports: WIFI Capabilities: WIFI_P2P&NOT_RESTRICTED&TRUSTED&NOT_VPN Unwanted:  LinkUpBandwidth>=1048576Kbps LinkDnBandwidth>=1048576Kbps]
2019-07-08 13:04:06.138 1550-2139/? D/WIFI_P2P: evalRequest
2019-07-08 13:04:06.138 1550-2139/? D/WIFI_P2P:   done
2019-07-08 13:04:06.138 1550-2139/? D/WIFI_P2P: new score 20 for exisiting request NetworkRequest [ TRACK_DEFAULT id=1214, [ Capabilities: INTERNET&NOT_RESTRICTED&TRUSTED Unwanted:  Uid: 10373] ]
2019-07-08 13:04:06.138 1550-2139/? D/WIFI_P2P:   my score=60, my filter=[ Transports: WIFI Capabilities: WIFI_P2P&NOT_RESTRICTED&TRUSTED&NOT_VPN Unwanted:  LinkUpBandwidth>=1048576Kbps LinkDnBandwidth>=1048576Kbps]
2019-07-08 13:04:06.138 1550-2139/? D/WIFI_P2P: evalRequest
2019-07-08 13:04:06.138 1550-2139/? D/WIFI_P2P:   done
2019-07-08 13:04:06.138 1550-2232/? I/WifiConnectivityMonitor: com.verizon.messaging.vzmsgs is requesting MultiNetwork
2019-07-08 13:04:06.138 1550-2232/? I/WifiConnectivityMonitor: MultiNetwork + exception network pass
2019-07-08 13:04:06.138 1043-1192/? E/IptablesRestoreController: [iptables debug]iptables-restore execute *raw
    -A idletimer_raw_PREROUTING -i wlan0 -j IDLETIMER --timeout 15 --label 1 --send_nl_msg 1
    COMMIT
    *mangle
    -A idletimer_mangle_POSTROUTING -o wlan0 -j IDLETIMER --timeout 15 --label 1 --send_nl_msg 1
    COMMIT
2019-07-08 13:04:06.138 1550-2232/? I/WifiConnectivityMonitor: MultiNetwork +is system true
2019-07-08 13:04:06.138 1550-2232/? I/WifiConnectivityMonitor: cur multi falsefalse
2019-07-08 13:04:06.138 1550-2232/? I/WifiConnectivityMonitor: com.verizon.messaging.vzmsgs is requesting MultiNetwork
2019-07-08 13:04:06.138 1550-2232/? I/WifiConnectivityMonitor: MultiNetwork + exception network pass
2019-07-08 13:04:06.139 1550-2232/? I/WifiConnectivityMonitor: MultiNetwork +is system true
2019-07-08 13:04:06.139 14027-14049/? D/InternalContentProvider: wifi_state_changed null
2019-07-08 13:04:06.139 14027-14049/? D/InternalContentProvider: Take CarrierUiCallFunctions
2019-07-08 13:04:06.139 14027-14049/? D/CarrierUiCallFunctions: call wifi_state_changed null Bundle[mParcelledData.dataSize=332]
2019-07-08 13:04:06.139 14027-14049/? V/UT.Worker-General: schedule job 891b5d6
2019-07-08 13:04:06.140 1043-1181/? E/NetlinkEvent: NetlinkEvent::FindParam(): Parameter 'INTERFACE' not found
2019-07-08 13:04:06.140 1043-1181/? E/NetlinkEvent: NetlinkEvent::FindParam(): Parameter 'STATE' not found
2019-07-08 13:04:06.140 1043-1181/? E/NetlinkEvent: NetlinkEvent::FindParam(): Parameter 'TIME_NS' not found
2019-07-08 13:04:06.140 1043-1181/? E/NetlinkEvent: NetlinkEvent::FindParam(): Parameter 'UID' not found
2019-07-08 13:04:06.140 1550-2132/? D/WIFI_UT: new score 20 for exisiting request NetworkRequest [ TRACK_DEFAULT id=980, [ Capabilities: INTERNET&NOT_RESTRICTED&TRUSTED Unwanted:  Uid: 10088] ]
2019-07-08 13:04:06.140 1550-2132/? D/WIFI_UT:   my score=2147483647, my filter=[ Transports: WIFI Capabilities: NOT_METERED&INTERNET&NOT_RESTRICTED&TRUSTED&NOT_VPN&NOT_ROAMING&NOT_CONGESTED Unwanted:  LinkUpBandwidth>=1048576Kbps LinkDnBandwidth>=1048576Kbps]
2019-07-08 13:04:06.140 1550-2132/? D/WIFI_UT: evalRequest
2019-07-08 13:04:06.140 1550-2132/? D/WIFI_UT:   done
2019-07-08 13:04:06.141 1550-2132/? D/WIFI: new score 20 for exisiting request NetworkRequest [ TRACK_DEFAULT id=980, [ Capabilities: INTERNET&NOT_RESTRICTED&TRUSTED Unwanted:  Uid: 10088] ]
2019-07-08 13:04:06.141 1550-2132/? D/WIFI:   my score=60, my filter=[ Transports: WIFI Capabilities: NOT_METERED&INTERNET&NOT_RESTRICTED&TRUSTED&NOT_VPN&NOT_ROAMING&NOT_CONGESTED Unwanted:  LinkUpBandwidth>=1048576Kbps LinkDnBandwidth>=1048576Kbps]
2019-07-08 13:04:06.141 1550-2132/? D/WIFI: evalRequest
2019-07-08 13:04:06.141 1550-2132/? D/WIFI:   done
2019-07-08 13:04:06.141 1550-2132/? D/WIFI_UT: new score 20 for exisiting request NetworkRequest [ TRACK_DEFAULT id=610, [ Capabilities: INTERNET&NOT_RESTRICTED&TRUSTED Unwanted:  Uid: 10032] ]
2019-07-08 13:04:06.141 1550-2132/? D/WIFI_UT:   my score=2147483647, my filter=[ Transports: WIFI Capabilities: NOT_METERED&INTERNET&NOT_RESTRICTED&TRUSTED&NOT_VPN&NOT_ROAMING&NOT_CONGESTED Unwanted:  LinkUpBandwidth>=1048576Kbps LinkDnBandwidth>=1048576Kbps]
2019-07-08 13:04:06.141 1550-2132/? D/WIFI_UT: evalRequest
2019-07-08 13:04:06.141 1550-2132/? D/WIFI_UT:   done
2019-07-08 13:04:06.141 1550-2132/? D/WIFI: new score 20 for exisiting request NetworkRequest [ TRACK_DEFAULT id=610, [ Capabilities: INTERNET&NOT_RESTRICTED&TRUSTED Unwanted:  Uid: 10032] ]
2019-07-08 13:04:06.141 1550-2132/? D/WIFI:   my score=60, my filter=[ Transports: WIFI Capabilities: NOT_METERED&INTERNET&NOT_RESTRICTED&TRUSTED&NOT_VPN&NOT_ROAMING&NOT_CONGESTED Unwanted:  LinkUpBandwidth>=1048576Kbps LinkDnBandwidth>=1048576Kbps]
2019-07-08 13:04:06.141 1550-2132/? D/WIFI: evalRequest
2019-07-08 13:04:06.141 1550-2132/? D/WIFI:   done
2019-07-08 13:04:06.141 1550-2132/? D/WIFI_UT: new score 20 for exisiting request NetworkRequest [ TRACK_DEFAULT id=8, [ Capabilities: INTERNET&NOT_RESTRICTED&TRUSTED Unwanted:  Uid: 1000] ]
2019-07-08 13:04:06.141 14027-14071/? V/UT.Worker-General: handle job 891b5d6
2019-07-08 13:04:06.141 1550-2132/? D/WIFI_UT:   my score=2147483647, my filter=[ Transports: WIFI Capabilities: NOT_METERED&INTERNET&NOT_RESTRICTED&TRUSTED&NOT_VPN&NOT_ROAMING&NOT_CONGESTED Unwanted:  LinkUpBandwidth>=1048576Kbps LinkDnBandwidth>=1048576Kbps]
2019-07-08 13:04:06.141 14027-14071/? V/UT.Worker-General: completed job 891b5d6
2019-07-08 13:04:06.141 1550-2132/? D/WIFI_UT: evalRequest
2019-07-08 13:04:06.141 1550-2132/? D/WIFI_UT:   done
2019-07-08 13:04:06.141 1550-2132/? D/WIFI: new score 20 for exisiting request NetworkRequest [ TRACK_DEFAULT id=8, [ Capabilities: INTERNET&NOT_RESTRICTED&TRUSTED Unwanted:  Uid: 1000] ]
2019-07-08 13:04:06.141 1550-2132/? D/WIFI:   my score=60, my filter=[ Transports: WIFI Capabilities: NOT_METERED&INTERNET&NOT_RESTRICTED&TRUSTED&NOT_VPN&NOT_ROAMING&NOT_CONGESTED Unwanted:  LinkUpBandwidth>=1048576Kbps LinkDnBandwidth>=1048576Kbps]
2019-07-08 13:04:06.141 1550-2132/? D/WIFI: evalRequest
2019-07-08 13:04:06.141 1550-2132/? D/WIFI:   done
2019-07-08 13:04:06.141 1550-2132/? D/WIFI_UT: new score 20 for exisiting request NetworkRequest [ TRACK_DEFAULT id=937, [ Capabilities: INTERNET&NOT_RESTRICTED&TRUSTED Unwanted:  Uid: 10123] ]
2019-07-08 13:04:06.141 1550-2132/? D/WIFI_UT:   my score=2147483647, my filter=[ Transports: WIFI Capabilities: NOT_METERED&INTERNET&NOT_RESTRICTED&TRUSTED&NOT_VPN&NOT_ROAMING&NOT_CONGESTED Unwanted:  LinkUpBandwidth>=1048576Kbps LinkDnBandwidth>=1048576Kbps]
2019-07-08 13:04:06.141 1550-2132/? D/WIFI_UT: evalRequest
2019-07-08 13:04:06.141 1550-2132/? D/WIFI_UT:   done
2019-07-08 13:04:06.141 1550-2132/? D/WIFI: new score 20 for exisiting request NetworkRequest [ TRACK_DEFAULT id=937, [ Capabilities: INTERNET&NOT_RESTRICTED&TRUSTED Unwanted:  Uid: 10123] ]
2019-07-08 13:04:06.141 1550-2132/? D/WIFI:   my score=60, my filter=[ Transports: WIFI Capabilities: NOT_METERED&INTERNET&NOT_RESTRICTED&TRUSTED&NOT_VPN&NOT_ROAMING&NOT_CONGESTED Unwanted:  LinkUpBandwidth>=1048576Kbps LinkDnBandwidth>=1048576Kbps]
2019-07-08 13:04:06.141 1550-2132/? D/WIFI: evalRequest
2019-07-08 13:04:06.141 1550-2132/? D/WIFI:   done
2019-07-08 13:04:06.141 1550-2132/? D/WIFI_UT: new score 20 for exisiting request NetworkRequest [ TRACK_DEFAULT id=1214, [ Capabilities: INTERNET&NOT_RESTRICTED&TRUSTED Unwanted:  Uid: 10373] ]
2019-07-08 13:04:06.141 1550-2132/? D/WIFI_UT:   my score=2147483647, my filter=[ Transports: WIFI Capabilities: NOT_METERED&INTERNET&NOT_RESTRICTED&TRUSTED&NOT_VPN&NOT_ROAMING&NOT_CONGESTED Unwanted:  LinkUpBandwidth>=1048576Kbps LinkDnBandwidth>=1048576Kbps]
2019-07-08 13:04:06.141 1550-2132/? D/WIFI_UT: evalRequest
2019-07-08 13:04:06.141 1550-2132/? D/WIFI_UT:   done
2019-07-08 13:04:06.141 14027-14027/? V/UT.Worker-General: issue callback for job 891b5d6
2019-07-08 13:04:06.141 1550-2132/? D/WIFI: new score 20 for exisiting request NetworkRequest [ TRACK_DEFAULT id=1214, [ Capabilities: INTERNET&NOT_RESTRICTED&TRUSTED Unwanted:  Uid: 10373] ]
2019-07-08 13:04:06.141 1550-2132/? D/WIFI:   my score=60, my filter=[ Transports: WIFI Capabilities: NOT_METERED&INTERNET&NOT_RESTRICTED&TRUSTED&NOT_VPN&NOT_ROAMING&NOT_CONGESTED Unwanted:  LinkUpBandwidth>=1048576Kbps LinkDnBandwidth>=1048576Kbps]
2019-07-08 13:04:06.141 1550-2132/? D/WIFI: evalRequest
2019-07-08 13:04:06.141 1550-2132/? D/WIFI:   done
2019-07-08 13:04:06.141 14027-14027/? D/FT.TuiSalesCodeFeature: USA.isCurrentCountry
2019-07-08 13:04:06.142 2528-2528/? D/PhoneSwitcherNetworkRequstListener: new score 20 for exisiting request NetworkRequest [ TRACK_DEFAULT id=11, [ Capabilities: INTERNET&NOT_RESTRICTED&TRUSTED Unwanted:  Uid: 10045] ]
2019-07-08 13:04:06.142 2528-2528/? D/PhoneSwitcherNetworkRequstListener:   my score=101, my filter=[ Transports: CELLULAR Capabilities: MMS&SUPL&DUN&FOTA&IMS&CBS&IA&RCS&XCAP&EIMS&INTERNET&NOT_RESTRICTED&TRUSTED&NOT_VPN&ENT1&FOC&MCX Unwanted:  Specifier: <android.net.MatchAllNetworkSpecifier@0>]
2019-07-08 13:04:06.142 2528-2528/? D/PhoneSwitcherNetworkRequstListener: evalRequest
2019-07-08 13:04:06.142 2528-2528/? D/PhoneSwitcherNetworkRequstListener:   done
2019-07-08 13:04:06.142 2528-2528/? D/PhoneSwitcherNetworkRequstListener: new score 20 for exisiting request NetworkRequest [ TRACK_DEFAULT id=42, [ Capabilities: INTERNET&NOT_RESTRICTED&TRUSTED Unwanted:  Uid: 1000] ]
2019-07-08 13:04:06.142 2528-2528/? D/PhoneSwitcherNetworkRequstListener:   my score=101, my filter=[ Transports: CELLULAR Capabilities: MMS&SUPL&DUN&FOTA&IMS&CBS&IA&RCS&XCAP&EIMS&INTERNET&NOT_RESTRICTED&TRUSTED&NOT_VPN&ENT1&FOC&MCX Unwanted:  Specifier: <android.net.MatchAllNetworkSpecifier@0>]
2019-07-08 13:04:06.142 2528-2528/? D/PhoneSwitcherNetworkRequstListener: evalRequest
2019-07-08 13:04:06.142 2528-2528/? D/PhoneSwitcherNetworkRequstListener:   done
2019-07-08 13:04:06.142 2528-2528/? D/PhoneSwitcherNetworkRequstListener: new score 20 for exisiting request NetworkRequest [ TRACK_DEFAULT id=1179, [ Capabilities: INTERNET&NOT_RESTRICTED&TRUSTED Unwanted:  Uid: 10056] ]
2019-07-08 13:04:06.142 2528-2528/? D/PhoneSwitcherNetworkRequstListener:   my score=101, my filter=[ Transports: CELLULAR Capabilities: MMS&SUPL&DUN&FOTA&IMS&CBS&IA&RCS&XCAP&EIMS&INTERNET&NOT_RESTRICTED&TRUSTED&NOT_VPN&ENT1&FOC&MCX Unwanted:  Specifier: <android.net.MatchAllNetworkSpecifier@0>]
2019-07-08 13:04:06.142 2528-2528/? D/PhoneSwitcherNetworkRequstListener: evalRequest
2019-07-08 13:04:06.142 2528-2528/? D/PhoneSwitcherNetworkRequstListener:   done
2019-07-08 13:04:06.142 1043-1192/? E/IptablesRestoreController: [iptables debug]iptables-restore execute done *raw
    -A idletimer_raw_PREROUTING -i wlan0 -j IDLETIMER --timeout 15 --label 1 --send_nl_msg 1
    COMMIT
    *mangle
    -A idletimer_mangle_POSTROUTING -o wlan0 -j IDLETIMER --timeout 15 --label 1 --send_nl_msg 1
    COMMIT
    , res : 0
2019-07-08 13:04:06.143 2528-2528/? D/PhoneSwitcherNetworkRequstListener: new score 20 for exisiting request NetworkRequest [ TRACK_DEFAULT id=935, [ Capabilities: INTERNET&NOT_RESTRICTED&TRUSTED Unwanted:  Uid: 10123] ]
2019-07-08 13:04:06.143 2528-2528/? D/PhoneSwitcherNetworkRequstListener:   my score=101, my filter=[ Transports: CELLULAR Capabilities: MMS&SUPL&DUN&FOTA&IMS&CBS&IA&RCS&XCAP&EIMS&INTERNET&NOT_RESTRICTED&TRUSTED&NOT_VPN&ENT1&FOC&MCX Unwanted:  Specifier: <android.net.MatchAllNetworkSpecifier@0>]
2019-07-08 13:04:06.143 2528-2528/? D/PhoneSwitcherNetworkRequstListener: evalRequest
2019-07-08 13:04:06.143 2528-2528/? D/PhoneSwitcherNetworkRequstListener:   done
2019-07-08 13:04:06.143 2528-2528/? D/PhoneSwitcherNetworkRequstListener: new score 20 for exisiting request NetworkRequest [ REQUEST id=1, [ Capabilities: INTERNET&NOT_RESTRICTED&TRUSTED&NOT_VPN Unwanted: ] ]
2019-07-08 13:04:06.143 2528-2528/? D/PhoneSwitcherNetworkRequstListener:   my score=101, my filter=[ Transports: CELLULAR Capabilities: MMS&SUPL&DUN&FOTA&IMS&CBS&IA&RCS&XCAP&EIMS&INTERNET&NOT_RESTRICTED&TRUSTED&NOT_VPN&ENT1&FOC&MCX Unwanted:  Specifier: <android.net.MatchAllNetworkSpecifier@0>]
2019-07-08 13:04:06.143 2528-2528/? D/PhoneSwitcherNetworkRequstListener: evalRequest
2019-07-08 13:04:06.143 2528-2528/? D/PhoneSwitcherNetworkRequstListener:   done
2019-07-08 13:04:06.143 2528-2528/? D/PhoneSwitcherNetworkRequstListener: new score 20 for exisiting request NetworkRequest [ REQUEST id=930, [ Transports: WIFI Capabilities: INTERNET&NOT_RESTRICTED&TRUSTED&NOT_VPN Unwanted:  Uid: 10044] ]
2019-07-08 13:04:06.143 2528-2528/? D/PhoneSwitcherNetworkRequstListener:   my score=101, my filter=[ Transports: CELLULAR Capabilities: MMS&SUPL&DUN&FOTA&IMS&CBS&IA&RCS&XCAP&EIMS&INTERNET&NOT_RESTRICTED&TRUSTED&NOT_VPN&ENT1&FOC&MCX Unwanted:  Specifier: <android.net.MatchAllNetworkSpecifier@0>]
2019-07-08 13:04:06.143 2528-2528/? D/PhoneSwitcherNetworkRequstListener: evalRequest
2019-07-08 13:04:06.143 2528-2528/? D/PhoneSwitcherNetworkRequstListener:   done
2019-07-08 13:04:06.143 2528-2528/? D/PhoneSwitcherNetworkRequstListener: new score 20 for exisiting request NetworkRequest [ TRACK_DEFAULT id=816, [ Capabilities: INTERNET&NOT_RESTRICTED&TRUSTED Unwanted:  Uid: 10142] ]
2019-07-08 13:04:06.143 2528-2528/? D/PhoneSwitcherNetworkRequstListener:   my score=101, my filter=[ Transports: CELLULAR Capabilities: MMS&SUPL&DUN&FOTA&IMS&CBS&IA&RCS&XCAP&EIMS&INTERNET&NOT_RESTRICTED&TRUSTED&NOT_VPN&ENT1&FOC&MCX Unwanted:  Specifier: <android.net.MatchAllNetworkSpecifier@0>]
2019-07-08 13:04:06.143 2528-2528/? D/PhoneSwitcherNetworkRequstListener: evalRequest
2019-07-08 13:04:06.143 2528-2528/? D/PhoneSwitcherNetworkRequstListener:   done
2019-07-08 13:04:06.145 2540-2585/? D/EPDG -- [NETMGMT]: Interface Data activity changed : label: 1 : active: true
2019-07-08 13:04:06.146 1550-2189/? D/ConnectivityService: 628 network ip type : v4
2019-07-08 13:04:06.146 1550-1590/? W/BroadcastQueue: Background execution not allowed: receiving Intent { act=android.net.conn.DATA_ACTIVITY_CHANGE flg=0x10 (has extras) } to com.verizon.mips.services/com.verizon.vzwavs.AVSImplicitBroadcastReceiver
2019-07-08 13:04:06.148 14027-14049/? D/InternalContentProvider: wifi_state_changed null
2019-07-08 13:04:06.148 14027-14049/? D/InternalContentProvider: Take CarrierUiCallFunctions
2019-07-08 13:04:06.148 14027-14049/? D/CarrierUiCallFunctions: call wifi_state_changed null Bundle[mParcelledData.dataSize=332]
2019-07-08 13:04:06.148 14027-14049/? V/UT.Worker-General: schedule job 891b5d6
2019-07-08 13:04:06.149 14027-14071/? V/UT.Worker-General: handle job 891b5d6
2019-07-08 13:04:06.149 14027-14071/? V/UT.Worker-General: completed job 891b5d6
2019-07-08 13:04:06.150 14027-14027/? V/UT.Worker-General: issue callback for job 891b5d6
2019-07-08 13:04:06.150 14027-14027/? D/FT.TuiSalesCodeFeature: USA.isCurrentCountry
2019-07-08 13:04:06.150 1550-1599/? D/EntConnectivity: Not allowed due to - mEnabled false
2019-07-08 13:04:06.151 1550-2189/? D/NtpTrustedTime: currentTimeMillis() cache hit
2019-07-08 13:04:06.154 2528-2528/? D/PhoneSwitcherNetworkRequstListener: new score 20 for exisiting request NetworkRequest [ TRACK_DEFAULT id=1064, [ Capabilities: INTERNET&NOT_RESTRICTED&TRUSTED Unwanted:  Uid: 10085] ]
2019-07-08 13:04:06.154 2528-2528/? D/PhoneSwitcherNetworkRequstListener:   my score=101, my filter=[ Transports: CELLULAR Capabilities: MMS&SUPL&DUN&FOTA&IMS&CBS&IA&RCS&XCAP&EIMS&INTERNET&NOT_RESTRICTED&TRUSTED&NOT_VPN&ENT1&FOC&MCX Unwanted:  Specifier: <android.net.MatchAllNetworkSpecifier@0>]
2019-07-08 13:04:06.154 2528-2528/? D/PhoneSwitcherNetworkRequstListener: evalRequest
2019-07-08 13:04:06.154 2528-2528/? D/PhoneSwitcherNetworkRequstListener:   done
2019-07-08 13:04:06.154 2528-2528/? D/PhoneSwitcherNetworkRequstListener: new score 20 for exisiting request NetworkRequest [ TRACK_DEFAULT id=980, [ Capabilities: INTERNET&NOT_RESTRICTED&TRUSTED Unwanted:  Uid: 10088] ]
2019-07-08 13:04:06.154 2528-2528/? D/PhoneSwitcherNetworkRequstListener:   my score=101, my filter=[ Transports: CELLULAR Capabilities: MMS&SUPL&DUN&FOTA&IMS&CBS&IA&RCS&XCAP&EIMS&INTERNET&NOT_RESTRICTED&TRUSTED&NOT_VPN&ENT1&FOC&MCX Unwanted:  Specifier: <android.net.MatchAllNetworkSpecifier@0>]
2019-07-08 13:04:06.154 2528-2528/? D/PhoneSwitcherNetworkRequstListener: evalRequest
2019-07-08 13:04:06.154 2528-2528/? D/PhoneSwitcherNetworkRequstListener:   done
2019-07-08 13:04:06.154 2528-2528/? D/PhoneSwitcherNetworkRequstListener: new score 20 for exisiting request NetworkRequest [ TRACK_DEFAULT id=610, [ Capabilities: INTERNET&NOT_RESTRICTED&TRUSTED Unwanted:  Uid: 10032] ]
2019-07-08 13:04:06.154 2528-2528/? D/PhoneSwitcherNetworkRequstListener:   my score=101, my filter=[ Transports: CELLULAR Capabilities: MMS&SUPL&DUN&FOTA&IMS&CBS&IA&RCS&XCAP&EIMS&INTERNET&NOT_RESTRICTED&TRUSTED&NOT_VPN&ENT1&FOC&MCX Unwanted:  Specifier: <android.net.MatchAllNetworkSpecifier@0>]
2019-07-08 13:04:06.154 2528-2528/? D/PhoneSwitcherNetworkRequstListener: evalRequest
2019-07-08 13:04:06.154 2528-2528/? D/PhoneSwitcherNetworkRequstListener:   done
2019-07-08 13:04:06.154 2528-2528/? D/PhoneSwitcherNetworkRequstListener: new score 20 for exisiting request NetworkRequest [ TRACK_DEFAULT id=8, [ Capabilities: INTERNET&NOT_RESTRICTED&TRUSTED Unwanted:  Uid: 1000] ]
2019-07-08 13:04:06.155 2528-2528/? D/PhoneSwitcherNetworkRequstListener:   my score=101, my filter=[ Transports: CELLULAR Capabilities: MMS&SUPL&DUN&FOTA&IMS&CBS&IA&RCS&XCAP&EIMS&INTERNET&NOT_RESTRICTED&TRUSTED&NOT_VPN&ENT1&FOC&MCX Unwanted:  Specifier: <android.net.MatchAllNetworkSpecifier@0>]
2019-07-08 13:04:06.155 2528-2528/? D/PhoneSwitcherNetworkRequstListener: evalRequest
2019-07-08 13:04:06.155 2528-2528/? D/PhoneSwitcherNetworkRequstListener:   done
2019-07-08 13:04:06.155 2528-2528/? D/PhoneSwitcherNetworkRequstListener: new score 20 for exisiting request NetworkRequest [ TRACK_DEFAULT id=937, [ Capabilities: INTERNET&NOT_RESTRICTED&TRUSTED Unwanted:  Uid: 10123] ]
2019-07-08 13:04:06.155 2528-2528/? D/PhoneSwitcherNetworkRequstListener:   my score=101, my filter=[ Transports: CELLULAR Capabilities: MMS&SUPL&DUN&FOTA&IMS&CBS&IA&RCS&XCAP&EIMS&INTERNET&NOT_RESTRICTED&TRUSTED&NOT_VPN&ENT1&FOC&MCX Unwanted:  Specifier: <android.net.MatchAllNetworkSpecifier@0>]
2019-07-08 13:04:06.155 2528-2528/? D/PhoneSwitcherNetworkRequstListener: evalRequest
2019-07-08 13:04:06.155 2528-2528/? D/PhoneSwitcherNetworkRequstListener:   done
2019-07-08 13:04:06.155 1043-1200/? E/IptablesRestoreController: [iptables debug]iptables-restore execute *filter
    -nvx -L tetherctrl_counters
    COMMIT
2019-07-08 13:04:06.155 2528-2528/? D/PhoneSwitcherNetworkRequstListener: new score 20 for exisiting request NetworkRequest [ TRACK_DEFAULT id=1214, [ Capabilities: INTERNET&NOT_RESTRICTED&TRUSTED Unwanted:  Uid: 10373] ]
2019-07-08 13:04:06.155 2528-2528/? D/PhoneSwitcherNetworkRequstListener:   my score=101, my filter=[ Transports: CELLULAR Capabilities: MMS&SUPL&DUN&FOTA&IMS&CBS&IA&RCS&XCAP&EIMS&INTERNET&NOT_RESTRICTED&TRUSTED&NOT_VPN&ENT1&FOC&MCX Unwanted:  Specifier: <android.net.MatchAllNetworkSpecifier@0>]
2019-07-08 13:04:06.155 2528-2528/? D/PhoneSwitcherNetworkRequstListener: evalRequest
2019-07-08 13:04:06.155 2528-2528/? D/PhoneSwitcherNetworkRequstListener:   done
2019-07-08 13:04:06.156 1043-1200/? E/IptablesRestoreController: [iptables debug]iptables-restore execute done *filter
    -nvx -L tetherctrl_counters
    COMMIT
    , res : 0
2019-07-08 13:04:06.156 1043-1200/? E/IptablesRestoreController: [iptables debug]iptables-restore execute *filter
    -nvx -L tetherctrl_counters
    COMMIT
2019-07-08 13:04:06.157 1043-1200/? E/IptablesRestoreController: [iptables debug]iptables-restore execute done *filter
    -nvx -L tetherctrl_counters
    COMMIT
    , res : 0
2019-07-08 13:04:06.159 1043-1185/? D/DnsProxyListener: DNSDBG::dns addrinfo af 2
2019-07-08 13:04:06.160 1550-2106/? D/WifiPolicyService: Updating WPS Blocked networks
2019-07-08 13:04:06.166 1550-2189/? D/NtpTrustedTime: currentTimeMillis() cache hit
2019-07-08 13:04:06.170 1550-2189/? D/WifiPermissionsUtil: canAccessScanResults: pkgName = android, uid = 1000
2019-07-08 13:04:06.171 1550-2112/? D/NtpTrustedTime: currentTimeMillis() cache hit
2019-07-08 13:04:06.171 1550-2189/? D/ConnectivityService: sending notification CALLBACK_AVAILABLE for NetworkRequest [ LISTEN id=936, [ Capabilities: INTERNET&NOT_RESTRICTED&TRUSTED Unwanted:  Uid: 10123] ]
2019-07-08 13:04:06.172 1550-2189/? D/ConnectivityService: sending notification CALLBACK_AVAILABLE for NetworkRequest [ LISTEN id=1065, [ Capabilities: INTERNET&NOT_RESTRICTED&TRUSTED Unwanted:  Uid: 10085] ]
2019-07-08 13:04:06.172 1550-2189/? D/ConnectivityService: sending notification CALLBACK_AVAILABLE for NetworkRequest [ LISTEN id=13, [ Transports: WIFI Capabilities: INTERNET&NOT_RESTRICTED&TRUSTED&NOT_VPN Unwanted:  Uid: 1000] ]
2019-07-08 13:04:06.172 1550-2189/? D/ConnectivityService: sending notification CALLBACK_AVAILABLE for NetworkRequest [ LISTEN id=14, [] ]
2019-07-08 13:04:06.171 1550-2112/? D/NtpTrustedTime: currentTimeMillis() cache hit
2019-07-08 13:04:06.173 2499-2797/? D/PdnController: handleMessage: what 105
2019-07-08 13:04:06.173 2499-2797/? D/PdnController: onWifiConnected:
2019-07-08 13:04:06.174 1550-13130/? D/ConnectivityService: filterNetworkStateForUid() uid: 10123, pid: 6678
2019-07-08 13:04:06.174 1550-13130/? D/ConnectivityService: filterNetworkStateForUid() uid: 10123, pid: 6678, networkInfo: [type: WIFI[], state: CONNECTED/CONNECTED, reason: (unspecified), extra: (none), failover: false, available: true, roaming: false]
2019-07-08 13:04:06.174 1550-2189/? D/ConnectivityService: Sending PendingIntent{5a0638d: PendingIntentRecord{857b61f com.asurion.android.verizon.vms broadcastIntent}}
2019-07-08 13:04:06.175 2499-2797/? D/RegiMgrBase<0>: onDataConnectionStateChanged(): networkType [UNKNOWN], isWifiConnected [true]
2019-07-08 13:04:06.175 1550-2189/? D/ConnectivityService: sending notification CALLBACK_AVAILABLE for NetworkRequest [ LISTEN id=981, [ Capabilities: INTERNET&NOT_RESTRICTED&TRUSTED Unwanted:  Uid: 10088] ]
2019-07-08 13:04:06.175 1550-2189/? D/ConnectivityService: sending notification CALLBACK_AVAILABLE for NetworkRequest [ LISTEN id=938, [ Capabilities: INTERNET&NOT_RESTRICTED&TRUSTED Unwanted:  Uid: 10123] ]
2019-07-08 13:04:06.175 1550-2189/? D/ConnectivityService: sending notification CALLBACK_AVAILABLE for NetworkRequest [ LISTEN id=611, [ Capabilities: INTERNET&NOT_RESTRICTED&TRUSTED Unwanted:  Uid: 10032] ]
2019-07-08 13:04:06.176 1550-2189/? D/ConnectivityService: sending notification CALLBACK_AVAILABLE for NetworkRequest [ LISTEN id=676, [ Capabilities: INTERNET&NOT_RESTRICTED&TRUSTED&NOT_VPN Unwanted:  Uid: 10032] ]
2019-07-08 13:04:06.176 2499-2797/? D/VolteServiceModule: onDataConnectionStateChanged(): networkType [UNKNOWN]isWifiConnected [true], phoneId [0]
2019-07-08 13:04:06.176 2499-2797/? D/RegiMgrBase: handleMessage: NETWORK_TYPE
2019-07-08 13:04:06.176 2499-2797/? D/RegiMgrBase<0>: onNetworkChanged:
2019-07-08 13:04:06.176 2499-2797/? D/RegiMgrBase<0>: updatePani:
2019-07-08 13:04:06.176 2499-2797/? D/RegiMgrBase<0>: updateRat:
2019-07-08 13:04:06.176 2499-2797/? D/RegiMgrBase<0>: notifyNetworkEvent:
2019-07-08 13:04:06.176 2499-2797/? D/RegiMgrBase<0>: buildNetworkEvent:
2019-07-08 13:04:06.177 2499-2797/? D/RegiMgrBase<0>: onNetworkEventChanged:Changed Event: VoPS(UNKNOWN=>SUPPORTED), isWifiConnected(false=> true), isPsOnlyReg(false=>true), isDataConnected(false=>true), Operator(=>311480)
2019-07-08 13:04:06.177 1550-2189/? D/ConnectivityService: sending notification CALLBACK_AVAILABLE for NetworkRequest [ LISTEN id=7, [ Capabilities: NOT_RESTRICTED&TRUSTED&NOT_VPN Unwanted:  Uid: 1000] ]
2019-07-08 13:04:06.177 2499-2797/? D/VolteServiceModule: onNetworkChanged: NetworkEvent [network=0, voiceOverPs=SUPPORTED, outOfService=true, isDataRoaming=false, isVoiceRoaming=false, csOutOfService=true, isWifiConnected=true, isEpdgConnected=false. isEpdgAvailable=false, operatorNumeric=311480, isPsOnlyReg=true, isDataConnected=true]
2019-07-08 13:04:06.177 2499-2797/? D/ImageShareModule: onNetworkChanged: NetworkEvent [network=0, voiceOverPs=SUPPORTED, outOfService=true, isDataRoaming=false, isVoiceRoaming=false, csOutOfService=true, isWifiConnected=true, isEpdgConnected=false. isEpdgAvailable=false, operatorNumeric=311480, isPsOnlyReg=true, isDataConnected=true]
2019-07-08 13:04:06.177 2499-2969/? D/VolteServiceModule: tryDisconnect(0) delay 100
2019-07-08 13:04:06.177 2499-2797/? D/CapabilityDiscModule<0>: onNetworkChanged: NetworkEvent [network=0, voiceOverPs=SUPPORTED, outOfService=true, isDataRoaming=false, isVoiceRoaming=false, csOutOfService=true, isWifiConnected=true, isEpdgConnected=false. isEpdgAvailable=false, operatorNumeric=311480, isPsOnlyReg=true, isDataConnected=true]
2019-07-08 13:04:06.177 1550-2189/? D/ConnectivityService: sending notification CALLBACK_AVAILABLE for NetworkRequest [ LISTEN id=6, [ Transports: WIFI Capabilities: INTERNET&NOT_RESTRICTED&TRUSTED&NOT_VPN Unwanted: ] ]
2019-07-08 13:04:06.177 1550-6273/? D/ConnectivityService: filterNetworkStateForUid() uid: 10032, pid: 28715
2019-07-08 13:04:06.177 1550-2189/? D/ConnectivityService: sending notification CALLBACK_AVAILABLE for NetworkRequest [ LISTEN id=10, [ Transports: WIFI Capabilities: NOT_VPN Unwanted: ] ]
2019-07-08 13:04:06.177 1550-2138/? D/WifiPermissionsUtil: canAccessScanResults: pkgName = android, uid = 1000
2019-07-08 13:04:06.177 1550-2257/? D/ConnectivityService: filterNetworkStateForUid() uid: 10123, pid: 6678
2019-07-08 13:04:06.177 1550-2189/? D/ConnectivityService: sending notification CALLBACK_AVAILABLE for NetworkRequest [ LISTEN id=1180, [ Capabilities: INTERNET&NOT_RESTRICTED&TRUSTED Unwanted:  Uid: 10056] ]
2019-07-08 13:04:06.178 2499-2797/? E/VolteServiceModule: disallow Call Service
2019-07-08 13:04:06.178 1550-2189/? D/ConnectivityService: sending notification CALLBACK_AVAILABLE for NetworkRequest [ LISTEN id=1203, [ Transports: CELLULAR|WIFI Capabilities: NOT_RESTRICTED&TRUSTED&NOT_VPN Unwanted:  Uid: 5009] ]
2019-07-08 13:04:06.178 2499-2797/? E/VolteServiceModule: disallow Call Service
2019-07-08 13:04:06.178 2499-2797/? D/ImsUtil: getSimSlotFromUri: content://com.sec.ims.settings/global#simslot0
2019-07-08 13:04:06.178 2499-2797/? D/ImsUtil: Valid simslot:0. get it from Uri
2019-07-08 13:04:06.178 2499-2797/? D/ImsSettingsProvider<0>: query:
2019-07-08 13:04:06.179 2499-2797/? D/ImsSettingsProvider: Query(2499) : Uri[content://com.sec.ims.settings/global#simslot0], pro : [ss_domain_setting]
2019-07-08 13:04:06.179 1550-2189/? D/ConnectivityService: sending notification CALLBACK_AVAILABLE for NetworkRequest [ LISTEN id=1189, [ Capabilities: INTERNET&NOT_RESTRICTED&TRUSTED&NOT_VPN Unwanted:  Uid: 10102] ]
2019-07-08 13:04:06.179 2499-2797/? D/GlobalSettingsRepoBase<0>: query:
2019-07-08 13:04:06.179 2499-2797/? D/UtServiceModule<0>: isUtEnabled with policy : CS_ALWAYS enabled = false
2019-07-08 13:04:06.179 2499-2797/? D/ServiceModuleManager: updateCapabilities to Capabilities: 0
2019-07-08 13:04:06.179 2499-2797/? D/RegiMgrBase<0>: out of service.
2019-07-08 13:04:06.179 2499-2797/? D/RegiMgrBase<0>: onNetworkEventChanged: nTask= 0 nRegisteredTask= 0 bExistRetryTimer= false bHaveRegisteringTask= false
2019-07-08 13:04:06.179 1550-2138/? D/NetworkStatsCollection: getHistory: mached - UID: -1, isVideoCall: false
2019-07-08 13:04:06.179 1550-2189/? D/ConnectivityService: sending notification CALLBACK_AVAILABLE for NetworkRequest [ LISTEN id=817, [ Capabilities: INTERNET&NOT_RESTRICTED&TRUSTED Unwanted:  Uid: 10142] ]
2019-07-08 13:04:06.179 1550-1599/? D/EntConnectivity: Not allowed due to - mEnabled false
2019-07-08 13:04:06.180 1550-2138/? D/NetworkStatsCollection: getHistory: mached - UID: -1, isVideoCall: false
2019-07-08 13:04:06.180 1550-3615/? D/ConnectivityService: filterNetworkStateForUid() uid: 10085, pid: 5257
2019-07-08 13:04:06.180 1550-2189/? D/ConnectivityService: sending notification CALLBACK_AVAILABLE for NetworkRequest [ LISTEN id=3, [] ]
2019-07-08 13:04:06.180 1550-2189/? D/ConnectivityService: sending notification CALLBACK_AVAILABLE for NetworkRequest [ LISTEN id=12, [ Transports: WIFI Capabilities: INTERNET&NOT_RESTRICTED&TRUSTED&NOT_VPN Unwanted:  Uid: 1000] ]
2019-07-08 13:04:06.181 1550-2189/? D/ConnectivityService: sending notification CALLBACK_AVAILABLE for NetworkRequest [ LISTEN id=929, [ Transports: WIFI Capabilities: INTERNET&NOT_RESTRICTED&TRUSTED&NOT_VPN Unwanted:  Uid: 10044] ]
2019-07-08 13:04:06.181 1550-2189/? D/ConnectivityService: sending notification CALLBACK_AVAILABLE for NetworkRequest [ TRACK_DEFAULT id=11, [ Capabilities: INTERNET&NOT_RESTRICTED&TRUSTED Unwanted:  Uid: 10045] ]
2019-07-08 13:04:06.182 1550-2189/? D/ConnectivityService: sending notification CALLBACK_AVAILABLE for NetworkRequest [ TRACK_DEFAULT id=42, [ Capabilities: INTERNET&NOT_RESTRICTED&TRUSTED Unwanted:  Uid: 1000] ]
2019-07-08 13:04:06.182 1550-2261/? D/ConnectivityService: filterNetworkStateForUid() uid: 10102, pid: 7179
2019-07-08 13:04:06.182 2499-2785/? D/CapabilityProvider: mWifiStateListener.onAvailable(): mIsWifiConnected [true]
2019-07-08 13:04:06.183 1550-2189/? D/ConnectivityService: sending notification CALLBACK_AVAILABLE for NetworkRequest [ TRACK_DEFAULT id=1179, [ Capabilities: INTERNET&NOT_RESTRICTED&TRUSTED Unwanted:  Uid: 10056] ]
2019-07-08 13:04:06.183 1550-2440/? D/ConnectivityService: filterNetworkStateForUid() uid: 10056, pid: 19498
2019-07-08 13:04:06.183 1550-2189/? D/ConnectivityService: sending notification CALLBACK_AVAILABLE for NetworkRequest [ TRACK_DEFAULT id=935, [ Capabilities: INTERNET&NOT_RESTRICTED&TRUSTED Unwanted:  Uid: 10123] ]
2019-07-08 13:04:06.183 1550-8692/? D/ConnectivityService: filterNetworkStateForUid() uid: 1000, pid: 3359
2019-07-08 13:04:06.183 1550-8692/? D/ConnectivityService: filterNetworkStateForUid() uid: 1000, pid: 3359, networkInfo: [type: WIFI[], state: CONNECTED/CONNECTED, reason: (unspecified), extra: (none), failover: false, available: true, roaming: false]
2019-07-08 13:04:06.183 1550-2189/? D/ConnectivityService: sending notification CALLBACK_AVAILABLE for NetworkRequest [ REQUEST id=930, [ Transports: WIFI Capabilities: INTERNET&NOT_RESTRICTED&TRUSTED&NOT_VPN Unwanted:  Uid: 10044] ]
2019-07-08 13:04:06.183 1550-14245/? D/ConnectivityService: filterNetworkStateForUid() uid: 10142, pid: 7830
2019-07-08 13:04:06.184 1550-2189/? D/ConnectivityService: sending notification CALLBACK_AVAILABLE for NetworkRequest [ TRACK_DEFAULT id=816, [ Capabilities: INTERNET&NOT_RESTRICTED&TRUSTED Unwanted:  Uid: 10142] ]
2019-07-08 13:04:06.184 2271-2571/? D/NetworkController.MobileSignalController(0/-2): updateConnectivity: mCurrentState.bluetoothTethered + false
2019-07-08 13:04:06.184 3359-9206/? D/UniSet-Others: Broadcasting network type is WIFI
2019-07-08 13:04:06.184 3359-9206/? V/UniSet-Utils: notifyConnectivityChange: 
2019-07-08 13:04:06.184 1550-1569/? D/ConnectivityService: filterNetworkStateForUid() uid: 10088, pid: 25554
2019-07-08 13:04:06.184 3359-9206/? W/ContextImpl: Calling a method in the system process without a qualified user: android.app.ContextImpl.sendBroadcast:1067 android.content.ContextWrapper.sendBroadcast:449 com.samsung.unifiedsettingservice.Utils.notifyConnectivityChange:246 com.samsung.unifiedsettingservice.settings.OtherSettings$1.onAvailable:183 android.net.ConnectivityManager$NetworkCallback.onAvailable:3115 
2019-07-08 13:04:06.184 1550-2189/? D/ConnectivityService: sending notification CALLBACK_AVAILABLE for NetworkRequest [ TRACK_DEFAULT id=1064, [ Capabilities: INTERNET&NOT_RESTRICTED&TRUSTED Unwanted:  Uid: 10085] ]
2019-07-08 13:04:06.185 1550-8692/? D/ConnectivityService: filterNetworkStateForUid() uid: 10044, pid: 6569
2019-07-08 13:04:06.185 1550-2189/? D/ConnectivityService: sending notification CALLBACK_AVAILABLE for NetworkRequest [ TRACK_DEFAULT id=980, [ Capabilities: INTERNET&NOT_RESTRICTED&TRUSTED Unwanted:  Uid: 10088] ]
2019-07-08 13:04:06.185 1550-2189/? D/ConnectivityService: sending notification CALLBACK_AVAILABLE for NetworkRequest [ TRACK_DEFAULT id=610, [ Capabilities: INTERNET&NOT_RESTRICTED&TRUSTED Unwanted:  Uid: 10032] ]
2019-07-08 13:04:06.186 1550-6273/? D/ConnectivityService: filterNetworkStateForUid() uid: 10032, pid: 28715, networkInfo: [type: WIFI[], state: CONNECTED/CONNECTED, reason: (unspecified), extra: (none), failover: false, available: true, roaming: false]
2019-07-08 13:04:06.186 1550-3615/? D/ConnectivityService: filterNetworkStateForUid() uid: 10085, pid: 5257, networkInfo: [type: WIFI[], state: CONNECTED/CONNECTED, reason: (unspecified), extra: (none), failover: false, available: true, roaming: false]
2019-07-08 13:04:06.186 1550-2138/? D/ConnectivityService: filterNetworkStateForUid() uid: 10085, pid: 1550
2019-07-08 13:04:06.186 1550-2189/? D/ConnectivityService: sending notification CALLBACK_AVAILABLE for NetworkRequest [ TRACK_DEFAULT id=8, [ Capabilities: INTERNET&NOT_RESTRICTED&TRUSTED Unwanted:  Uid: 1000] ]
2019-07-08 13:04:06.186 1550-2261/? D/ConnectivityService: filterNetworkStateForUid() uid: 10102, pid: 7179, networkInfo: [type: WIFI[], state: CONNECTED/CONNECTED, reason: (unspecified), extra: (none), failover: false, available: true, roaming: false]
2019-07-08 13:04:06.186 1550-14245/? D/ConnectivityService: filterNetworkStateForUid() uid: 10142, pid: 7830, networkInfo: [type: WIFI[], state: CONNECTED/CONNECTED, reason: (unspecified), extra: (none), failover: false, available: true, roaming: false]
2019-07-08 13:04:06.186 1550-2189/? D/ConnectivityService: sending notification CALLBACK_AVAILABLE for NetworkRequest [ TRACK_DEFAULT id=937, [ Capabilities: INTERNET&NOT_RESTRICTED&TRUSTED Unwanted:  Uid: 10123] ]
2019-07-08 13:04:06.186 1550-2405/? D/NetworkTimeUpdateService: New default network 628; checking time.
2019-07-08 13:04:06.186 1550-2405/? D/SamsungAlarmManager: Cancel Alarm calling from uid:1000 pid :1550 / op:PendingIntent{6aa952e: PendingIntentRecord{fa9b8cf android broadcastIntent}}
2019-07-08 13:04:06.186 1550-2261/? D/ConnectivityService: filterNetworkStateForUid() uid: 10085, pid: 5257
2019-07-08 13:04:06.187 1550-3615/? D/ConnectivityService: filterNetworkStateForUid() uid: 10032, pid: 28715
2019-07-08 13:04:06.187 1550-2261/? D/ConnectivityService: filterNetworkStateForUid() uid: 10085, pid: 5257, networkInfo: [type: WIFI[], state: CONNECTED/CONNECTED, reason: (unspecified), extra: (none), failover: false, available: true, roaming: false]
2019-07-08 13:04:06.187 1550-3615/? D/ConnectivityService: filterNetworkStateForUid() uid: 10032, pid: 28715, networkInfo: [type: WIFI[], state: CONNECTED/CONNECTED, reason: (unspecified), extra: (none), failover: false, available: true, roaming: false]
2019-07-08 13:04:06.187 1550-2440/? D/ConnectivityService: filterNetworkStateForUid() uid: 10056, pid: 19498, networkInfo: [type: WIFI[], state: CONNECTED/CONNECTED, reason: (unspecified), extra: (none), failover: false, available: true, roaming: false]
2019-07-08 13:04:06.187 1550-8692/? D/ConnectivityService: filterNetworkStateForUid() uid: 10044, pid: 6569, networkInfo: [type: WIFI_P2P[], state: DISCONNECTED/DISCONNECTED, reason: (unspecified), extra: (none), failover: false, available: true, roaming: false]
2019-07-08 13:04:06.187 1550-2405/? I/SamsungAlarmManager: setLocked to kernel - T:2 / 20190708T130413, SetElapsed=2093697936, nowELAPSED=2093690711
2019-07-08 13:04:06.187 1550-2112/? D/NtpTrustedTime: currentTimeMillis() cache hit
2019-07-08 13:04:06.188 1550-8692/? D/ConnectivityService: filterNetworkStateForUid() uid: 10056, pid: 19498
2019-07-08 13:04:06.188 1550-8692/? D/ConnectivityService: filterNetworkStateForUid() uid: 10056, pid: 19498, networkInfo: [type: WIFI[], state: CONNECTED/CONNECTED, reason: (unspecified), extra: (none), failover: false, available: true, roaming: false]
2019-07-08 13:04:06.188 1550-2257/? D/ConnectivityService: filterNetworkStateForUid() uid: 10123, pid: 6678, networkInfo: [type: WIFI[], state: CONNECTED/CONNECTED, reason: (unspecified), extra: (none), failover: false, available: true, roaming: false]
2019-07-08 13:04:06.188 1550-14245/? D/ConnectivityService: filterNetworkStateForUid() uid: 10085, pid: 5257
2019-07-08 13:04:06.188 1550-6273/? D/ConnectivityService: filterNetworkStateForUid() uid: 10032, pid: 28715
2019-07-08 13:04:06.188 1550-14245/? D/ConnectivityService: filterNetworkStateForUid() uid: 10085, pid: 5257, networkInfo: [type: WIFI[], state: CONNECTED/CONNECTED, reason: (unspecified), extra: (none), failover: false, available: true, roaming: false]
2019-07-08 13:04:06.188 1550-6273/? D/ConnectivityService: filterNetworkStateForUid() uid: 10032, pid: 28715, networkInfo: [type: WIFI[], state: CONNECTED/CONNECTED, reason: (unspecified), extra: (none), failover: false, available: true, roaming: false]
2019-07-08 13:04:06.188 1550-1569/? D/ConnectivityService: filterNetworkStateForUid() uid: 10088, pid: 25554, networkInfo: [type: WIFI[], state: CONNECTED/CONNECTED, reason: (unspecified), extra: (none), failover: false, available: true, roaming: false]
2019-07-08 13:04:06.188 1550-2138/? D/ConnectivityService: filterNetworkStateForUid() uid: 10085, pid: 1550, networkInfo: [type: WIFI[], state: CONNECTED/CONNECTED, reason: (unspecified), extra: (none), failover: false, available: true, roaming: false]
2019-07-08 13:04:06.189 1043-1192/? D/CommandListener: bwctrlcmd: argc=3 bandwidth setglobalalert ...
2019-07-08 13:04:06.189 1550-14245/? D/ConnectivityService: filterNetworkStateForUid() uid: 10123, pid: 6678
2019-07-08 13:04:06.189 1550-14245/? D/ConnectivityService: filterNetworkStateForUid() uid: 10123, pid: 6678, networkInfo: [type: WIFI[], state: CONNECTED/CONNECTED, reason: (unspecified), extra: (none), failover: false, available: true, roaming: false]
2019-07-08 13:04:06.189 1550-2257/? D/ConnectivityService: filterNetworkStateForUid() uid: 10142, pid: 7830
2019-07-08 13:04:06.189 1550-2405/? D/SamsungAlarmManager: setInexact Intent (T:3/F:8/AC:false) 20190709T130406 - CU:1000/CP:1550
2019-07-08 13:04:06.189 1550-2405/? I/SamsungAlarmManager: setLocked to kernel - T:2 / 20190708T130413, SetElapsed=2093697936, nowELAPSED=2093690713
2019-07-08 13:04:06.189 1550-2257/? D/ConnectivityService: filterNetworkStateForUid() uid: 10142, pid: 7830, networkInfo: [type: WIFI[], state: CONNECTED/CONNECTED, reason: (unspecified), extra: (none), failover: false, available: true, roaming: false]
2019-07-08 13:04:06.190 2528-16481/? E/Telephony: PhoneInterfaceManager: Not getting aid. Exception ex=java.lang.NullPointerException: Attempt to invoke virtual method 'com.android.internal.telephony.uicc.UiccCardApplication com.android.internal.telephony.uicc.UiccCard.getApplicationByType(int)' on a null object reference
2019-07-08 13:04:06.190 2499-2797/? D/SimManager: hasIsim: [false]
2019-07-08 13:04:06.190 2499-2797/? D/SimManager: mSimState:ABSENT, mIsimLoaded:false, hasIsim():false
2019-07-08 13:04:06.190 2499-2797/? D/RegiMgrBase<0>: onNetworkEventChanged: tryRegister
2019-07-08 13:04:06.190 2499-2797/? D/RegiMgrBase<0>: tryRegister:
2019-07-08 13:04:06.190 2499-2797/? D/RegiMgrBase<0>: pendingHasEmergencyTask:
2019-07-08 13:04:06.190 1550-2189/? D/ConnectivityService: sending notification CALLBACK_AVAILABLE for NetworkRequest [ TRACK_DEFAULT id=1214, [ Capabilities: INTERNET&NOT_RESTRICTED&TRUSTED Unwanted:  Uid: 10373] ]
2019-07-08 13:04:06.190 2499-2797/? D/RegiMgrBase<0>: RegisterTask(s): Nothing!
2019-07-08 13:04:06.190 2499-2797/? D/RegiMgrBase: handleMessage: DO_PENDING_UPDATE_REGISTRATION
2019-07-08 13:04:06.191 1550-2138/? D/ConnectivityService: filterNetworkStateForUid() uid: 5017, pid: 1550
2019-07-08 13:04:06.191 1550-2138/? D/ConnectivityService: filterNetworkStateForUid() uid: 5017, pid: 1550, networkInfo: [type: WIFI[], state: CONNECTED/CONNECTED, reason: (unspecified), extra: (none), failover: false, available: true, roaming: false]
2019-07-08 13:04:06.191 1550-2261/? D/ConnectivityService: filterNetworkStateForUid() uid: 10123, pid: 6678
2019-07-08 13:04:06.191 1550-2138/? D/ConnectivityService: filterNetworkStateForUid() uid: 10085, pid: 1550
2019-07-08 13:04:06.191 1550-2138/? D/ConnectivityService: filterNetworkStateForUid() uid: 10085, pid: 1550, networkInfo: [type: WIFI[], state: CONNECTED/CONNECTED, reason: (unspecified), extra: (none), failover: false, available: true, roaming: false]
2019-07-08 13:04:06.191 1550-2261/? D/ConnectivityService: filterNetworkStateForUid() uid: 10123, pid: 6678, networkInfo: [type: WIFI[], state: CONNECTED/CONNECTED, reason: (unspecified), extra: (none), failover: false, available: true, roaming: false]
2019-07-08 13:04:06.191 1550-3615/? D/ConnectivityService: filterNetworkStateForUid() uid: 10056, pid: 19498
