2019-07-08 13:04:05.971 1550-1590/? W/BroadcastQueue: Background execution not allowed: receiving Intent { act=android.net.wifi.STATE_CHANGE flg=0x4000010 (has extras) } to com.samsung.android.knox.containeragent/.switcher.knoxusage.KnoxUsageReceiver
2019-07-08 13:04:05.971 1550-1590/? W/BroadcastQueue: Background execution not allowed: receiving Intent { act=android.net.wifi.STATE_CHANGE flg=0x4000010 (has extras) } to com.samsung.android.messaging/com.chinamobile.aisms.sdk.LocalBroadcastManager
2019-07-08 13:04:05.971 1550-1590/? W/BroadcastQueue: Background execution not allowed: receiving Intent { act=android.net.wifi.STATE_CHANGE flg=0x4000010 (has extras) } to com.verizon.mips.services/com.vzw.hss.myverizon.rdd.wifidata.receiver.RDDWifiStateReceiver
2019-07-08 13:04:05.972 1550-1590/? W/BroadcastQueue: Background execution not allowed: receiving Intent { act=android.net.wifi.STATE_CHANGE flg=0x4000010 (has extras) } to com.verizon.mips.services/com.verizon.vzwavs.AVSImplicitBroadcastReceiver
2019-07-08 13:04:05.972 1550-1590/? W/BroadcastQueue: Background execution not allowed: receiving Intent { act=android.net.wifi.STATE_CHANGE flg=0x4000010 (has extras) } to com.vzw.hss.myverizon/com.verizon.contenttransfer.base.CTWifiConnBroadcastReceiver
2019-07-08 13:04:05.976 1550-13130/? D/WifiPermissionsUtil: canAccessScanResults: pkgName = com.sec.android.sdhms, uid = 1000
2019-07-08 13:04:05.977 1043-1192/? W/CommandListener: Failed to retrieve HW addr for null (No such device)
2019-07-08 13:04:05.978 1550-2132/? D/WifiNative: SoftApIpAddress : 0 wlanIpAddress:-1354099540
2019-07-08 13:04:05.978 1550-2189/? D/ConnectivityService: Update of LinkProperties for NetworkAgentInfo [WIFI () - 628]; created=false; everConnected=false
2019-07-08 13:04:05.978 1550-2232/? D/WifiConnectivityMonitor: updateDnsLinkProperty: enter
2019-07-08 13:04:05.979 1550-2232/? D/WifiConnectivityMonitor: mLinkProperties = {InterfaceName: wlan0 LinkAddresses: [fe80::564b:f425:7db6:1436/64,]  Routes: [fe80::/64 -> :: wlan0,172.20.74.0/23 -> 0.0.0.0 wlan0,0.0.0.0/0 -> 172.20.74.1 wlan0,] DnsAddresses: [] UsePrivateDns: false PrivateDnsServerName: null Domains: null MTU: 0 TcpBufferSizes: 524288,1048576,4194304,524288,1048576,4194304}
2019-07-08 13:04:05.980 675-675/? D/WifiHAL: Setting APF program, halHandle = 0x730da2df20
2019-07-08 13:04:05.980 675-675/? I/WifiHAL: createRequest: APF set program request
2019-07-08 13:04:05.982 1550-14395/? I/SamsungAlarmManager: setLocked to kernel - T:2 / 20190708T130413, SetElapsed=2093697936, nowELAPSED=2093690505
2019-07-08 13:04:05.982 1550-14395/? D/IpClient.wlan0: dispatchCallback delta:GAINED_PROVISIONING
2019-07-08 13:04:05.982 1550-14395/? D/IpClient.wlan0: onProvisioningSuccess()
2019-07-08 13:04:05.985 675-675/? I/WifiHAL: Done!
2019-07-08 13:04:05.986 1550-2189/? D/ConnectivityService: Update of LinkProperties for NetworkAgentInfo [WIFI () - 628]; created=false; everConnected=false
2019-07-08 13:04:05.986 1550-2232/? D/WifiConnectivityMonitor: updateDnsLinkProperty: enter
2019-07-08 13:04:05.986 1550-2232/? D/WifiConnectivityMonitor: mLinkProperties = {InterfaceName: wlan0 LinkAddresses: [fe80::564b:f425:7db6:1436/64,172.20.74.175/23,]  Routes: [fe80::/64 -> :: wlan0,172.20.74.0/23 -> 0.0.0.0 wlan0,0.0.0.0/0 -> 172.20.74.1 wlan0,] DnsAddresses: [208.67.222.222,208.67.220.220,] UsePrivateDns: false PrivateDnsServerName: null Domains: null MTU: 0 TcpBufferSizes: 524288,1048576,4194304,524288,1048576,4194304}
2019-07-08 13:04:05.987 1550-2189/? D/ConnectivityService: updateCapabilities: oldCap = [ Transports: WIFI Capabilities: NOT_METERED&INTERNET&NOT_RESTRICTED&TRUSTED&NOT_VPN&NOT_ROAMING&FOREGROUND&NOT_CONGESTED&NOT_SUSPENDED Unwanted:  LinkUpBandwidth>=1048576Kbps LinkDnBandwidth>=1048576Kbps SignalStrength: -53 SSID: "PELOTON-BIKES"], newCap = [ Transports: WIFI Capabilities: NOT_METERED&INTERNET&NOT_RESTRICTED&TRUSTED&NOT_VPN&NOT_ROAMING&NOT_CONGESTED Unwanted:  LinkUpBandwidth>=1048576Kbps LinkDnBandwidth>=1048576Kbps SignalStrength: -53 SSID: "PELOTON-BIKES"]
2019-07-08 13:04:05.991 1550-2132/? I/WifiStateMachine: sns inital connection check, scan set : true
2019-07-08 13:04:05.991 1550-2132/? D/WifiScanRequestProxy: setScanningEnabled: false, WCM_INITIAL_CONNECTION_CHECK
2019-07-08 13:04:05.991 1550-2132/? I/WifiScanner: setScanEnable:false pid=1550
2019-07-08 13:04:05.992 1550-2137/? I/WifiScanController: setEnableScan false reason:WCM_INITIAL_CONNECTION_CHECK
2019-07-08 13:04:05.992 1550-2132/? D/WifiStateMachine: sendConnectedState - setManualConnection: false
2019-07-08 13:04:05.993 1550-2189/? D/ConnectivityService: NetworkAgentInfo [WIFI () - 628] EVENT_NETWORK_INFO_CHANGED, going from CONNECTING to CONNECTED
2019-07-08 13:04:05.993 1043-1192/? D/TcpSocketMonitor: resuming tcpinfo polling (interval=30000ms)
2019-07-08 13:04:05.994 1550-14395/? D/SamsungAlarmManager: setExact Listener (T:2/F:9/AC:false) 20190709T000037 - CU:1000/CP:1550
2019-07-08 13:04:05.994 1550-14395/? I/SamsungAlarmManager: setLocked to kernel - T:2 / 20190708T130413, SetElapsed=2093697936, nowELAPSED=2093690518
2019-07-08 13:04:05.995 1550-2189/? W/DnsManager: updatePrivateDns(628, PrivateDnsConfig{false:/[]})
2019-07-08 13:04:05.995 1550-2189/? D/ConnectivityService: Setting DNS servers for network 628 to [/208.67.222.222, /208.67.220.220]
2019-07-08 13:04:05.995 1550-2189/? D/DnsManager: setDnsConfigurationForNetwork(628, [208.67.222.222, 208.67.220.220], [], [1800, 25, 8, 64], , [])
2019-07-08 13:04:05.995 1550-14395/? D/SamsungAlarmManager: setExact Listener (T:2/F:9/AC:false) 20190709T090052 - CU:1000/CP:1550
2019-07-08 13:04:05.995 1550-14395/? I/SamsungAlarmManager: setLocked to kernel - T:2 / 20190708T130413, SetElapsed=2093697936, nowELAPSED=2093690519
2019-07-08 13:04:05.996 1550-2232/? D/WifiConnectivityMonitor: [WWSM_PRIVATE_DNS_SETTINGS_CHANGED] PrivateDnsConfig{false:/[]}
2019-07-08 13:04:05.996 1550-14395/? D/SamsungAlarmManager: setExact Listener (T:2/F:9/AC:false) 20190709T115150 - CU:1000/CP:1550
2019-07-08 13:04:05.996 1550-14395/? I/SamsungAlarmManager: setLocked to kernel - T:2 / 20190708T130413, SetElapsed=2093697936, nowELAPSED=2093690520
2019-07-08 13:04:05.996 1550-14395/? D/DhcpClient: Scheduling renewal in 39391s
2019-07-08 13:04:05.996 1550-2232/? D/WifiConnectivityMonitor: isPackageRunning - top:com.thirdtimetech.bugsnagandroidcrashminimalrepro.MainActivity
2019-07-08 13:04:05.996 1550-14395/? D/DhcpClient: Scheduling rebind in 71806s
2019-07-08 13:04:05.996 1550-2232/? D/WifiConnectivityMonitor: isPackageRunning - top:com.thirdtimetech.bugsnagandroidcrashminimalrepro.MainActivity
2019-07-08 13:04:05.997 1550-14395/? D/DhcpClient: Scheduling expiry in 82064s
2019-07-08 13:04:05.997 1043-1200/? D/ResolverController: DNSDBG::server[0] 208.67.222.222
2019-07-08 13:04:05.997 1043-1200/? D/ResolverController: DNSDBG::server[1] 208.67.220.220
2019-07-08 13:04:05.997 1043-1200/? D/ResolverController: DNSDBG::netId 628 searchDomains 
2019-07-08 13:04:05.997 1043-1200/? D/ResolverController: DNSDBG::server[0] 208.67.222.222
2019-07-08 13:04:05.997 1043-1200/? D/ResolverController: DNSDBG::server[1] 208.67.220.220
2019-07-08 13:04:06.001 1550-2440/? W/BroadcastQueue: Background execution not allowed: receiving Intent { act=android.net.wifi.STATE_CHANGE flg=0x4000010 (has extras) } to com.asurion.android.verizon.vms/com.wavesecure.core.WSAndroidSystemIntentReceiver
2019-07-08 13:04:06.002 1550-8692/? D/WifiPermissionsUtil: canAccessScanResults: pkgName = com.google.android.gms, uid = 10032
2019-07-08 13:04:06.002 1550-14245/? D/WifiPermissionsUtil: canAccessScanResults: pkgName = com.sec.android.sdhms, uid = 1000
2019-07-08 13:04:06.003 1550-1550/? D/WifiPolicyService: android.net.wifi.STATE_CHANGE
2019-07-08 13:04:06.003 1550-2106/? D/WifiPolicyService: Updating WPS Blocked networks
2019-07-08 13:04:06.004 1550-1569/? D/WifiPermissionsUtil: canAccessScanResults: pkgName = com.android.systemui, uid = 10045
2019-07-08 13:04:06.004 1550-1550/? I/WifiTrafficPoller: mDefaultCpuCoreBooster locked. Current Booster Mode: 1
2019-07-08 13:04:06.004 1550-1550/? I/WifiTrafficPoller: setPcieIrqAffinity Connected -> PrimaryMode
2019-07-08 13:04:06.004 1550-1550/? I/WifiTrafficPoller: setPcieIrqAffinity 1
2019-07-08 13:04:06.004 1550-1550/? I/WifiNative: setAffinityBooster called
2019-07-08 13:04:06.004 1550-14245/? D/WifiPermissionsUtil: canAccessScanResults: pkgName = com.sec.android.sdhms, uid = 1000
2019-07-08 13:04:06.004 1550-1550/? I/SupplicantStaIfaceHal: setAffinityBooster
2019-07-08 13:04:06.004 1550-13130/? D/WifiPermissionsUtil: canAccessScanResults: pkgName = com.sec.android.sdhms, uid = 1000
2019-07-08 13:04:06.005 28702-28702/? I/GeofencerStateMachine: sendWifiConnectivityChanged: connectivity=true
2019-07-08 13:04:06.005 1550-1590/? W/BroadcastQueue: Background execution not allowed: receiving Intent { act=android.net.wifi.STATE_CHANGE flg=0x4000010 (has extras) } to com.samsung.android.knox.containeragent/.switcher.knoxusage.KnoxUsageReceiver
2019-07-08 13:04:06.006 1550-1550/? I/GameManagerService: NetworkReceiver, onReceive(), action: android.net.wifi.STATE_CHANGE
2019-07-08 13:04:06.006 1550-1550/? D/GameManagerService: NetworkReceiver, onReceive(), Wi-Fi is available
2019-07-08 13:04:06.006 1550-2252/? D/GameManagerService:GosNotifyThread: notifyWifiConnectedToGos(), before send intent to GOS. type:3
2019-07-08 13:04:06.006 1550-2232/? D/WifiConnectivityMonitor: EVENT_NETWORK_STATE_CHANGE
2019-07-08 13:04:06.009 1550-2440/? D/WifiPermissionsUtil: canAccessScanResults: pkgName = com.google.android.gms, uid = 10032
2019-07-08 13:04:06.011 1550-2189/? D/ConnectivityService: updateLinkProperties: newLp = {InterfaceName: wlan0 LinkAddresses: [fe80::564b:f425:7db6:1436/64,172.20.74.175/23,]  Routes: [fe80::/64 -> :: wlan0,172.20.74.0/23 -> 0.0.0.0 wlan0,0.0.0.0/0 -> 172.20.74.1 wlan0,] DnsAddresses: [208.67.222.222,208.67.220.220,] UsePrivateDns: false PrivateDnsServerName: null Domains: null MTU: 0 TcpBufferSizes: 524288,1048576,4194304,524288,1048576,4194304}, oldLp = null
2019-07-08 13:04:06.011 1550-2189/? D/ConnectivityService: Adding iface wlan0 to network 628
2019-07-08 13:04:06.012 1043-1192/? E/IptablesRestoreController: [iptables debug]iptables-restore execute *mangle
    -A routectrl_mangle_INPUT -i wlan0 -j MARK --set-mark 0x30274/0xffefffff
    COMMIT
2019-07-08 13:04:06.014 1043-1192/? E/IptablesRestoreController: [iptables debug]iptables-restore execute done *mangle
    -A routectrl_mangle_INPUT -i wlan0 -j MARK --set-mark 0x30274/0xffefffff
    COMMIT
    , res : 0
2019-07-08 13:04:06.016 1550-2189/? D/ConnectivityService: Adding Route [fe80::/64 -> :: wlan0] to network 628
2019-07-08 13:04:06.018 1550-1590/? W/BroadcastQueue: Background execution not allowed: receiving Intent { act=android.net.wifi.STATE_CHANGE flg=0x4000010 (has extras) } to com.samsung.android.messaging/com.chinamobile.aisms.sdk.LocalBroadcastManager
2019-07-08 13:04:06.018 1550-2189/? D/ConnectivityService: Adding Route [172.20.74.0/23 -> 0.0.0.0 wlan0] to network 628
2019-07-08 13:04:06.018 1550-1590/? W/BroadcastQueue: Background execution not allowed: receiving Intent { act=android.net.wifi.STATE_CHANGE flg=0x4000010 (has extras) } to com.verizon.mips.services/com.vzw.hss.myverizon.rdd.wifidata.receiver.RDDWifiStateReceiver
2019-07-08 13:04:06.035 1550-2252/? D/GameManagerService:GosNotifyThread: notifyWifiConnectedToGos(), after send intent to GOS. ComponentInfo{com.samsung.android.game.gos/com.samsung.android.game.gos.service.MainIntentService}
2019-07-08 13:04:06.035 1550-2189/? D/ConnectivityService: Adding Route [0.0.0.0/0 -> 172.20.74.1 wlan0] to network 628
2019-07-08 13:04:06.037 2528-2528/? D/SecImsManager-WfcDataBaseManager: getInt() epdg_support : 0
2019-07-08 13:04:06.037 2528-2528/? D/SecImsManager-WfcDataBaseManager: getInt() epdg_support : 0
2019-07-08 13:04:06.038 5187-5187/? D/GOS:MainIntentService: onCreate
2019-07-08 13:04:06.038 1550-2189/? D/ConnectivityService: Setting DNS servers for network 628 to [/208.67.222.222, /208.67.220.220]
2019-07-08 13:04:06.039 5187-14417/? D/GOS:MainIntentService: onHandleIntent. begin
2019-07-08 13:04:06.039 5187-14417/? D/GOS:MainIntentService: onHandleIntent(). type(WIFI_CONNECTED) from 3
2019-07-08 13:04:06.039 5187-14417/? D/GOS:SystemEventReactor: onWifiConnected()
2019-07-08 13:04:06.039 5187-14417/? D/GOS:SystemEventReactor: onWifiConnected(), too early. skip update. millisFromLastUpdate: 4332669
2019-07-08 13:04:06.039 1550-2189/? D/DnsManager: setDnsConfigurationForNetwork(628, [208.67.222.222, 208.67.220.220], [], [1800, 25, 8, 64], , [])
2019-07-08 13:04:06.039 1043-1200/? D/ResolverController: DNSDBG::server[0] 208.67.222.222
2019-07-08 13:04:06.039 1043-1200/? D/ResolverController: DNSDBG::server[1] 208.67.220.220
2019-07-08 13:04:06.039 1043-1200/? D/ResolverController: DNSDBG::netId 628 searchDomains 
2019-07-08 13:04:06.039 1043-1200/? D/ResolverController: DNSDBG::server[0] 208.67.222.222
2019-07-08 13:04:06.039 1043-1200/? D/ResolverController: DNSDBG::server[1] 208.67.220.220
2019-07-08 13:04:06.043 1550-2132/? D/WifiNotificationController: clearPendingNotification with resetRepeatTime= true, state= 0
2019-07-08 13:04:06.045 1550-2189/? I/Nat464Xlat: capability true
2019-07-08 13:04:06.047 5187-5187/? D/GOS:MainIntentService: onDestroy
2019-07-08 13:04:06.047 1550-2189/? D/NtpTrustedTime: currentTimeMillis() cache hit
2019-07-08 13:04:06.048 2528-2528/? D/SecImsManager: isWfcEnabledByPlatform
2019-07-08 13:04:06.051 1550-1550/? D/WifiPolicyService: android.net.wifi.STATE_CHANGE
2019-07-08 13:04:06.053 1550-1550/? I/WifiTrafficPoller: mDefaultCpuCoreBooster locked. Current Booster Mode: 1
2019-07-08 13:04:06.054 1550-1550/? I/GameManagerService: NetworkReceiver, onReceive(), action: android.net.wifi.STATE_CHANGE
2019-07-08 13:04:06.054 1550-2232/? D/WifiConnectivityMonitor: EVENT_NETWORK_STATE_CHANGE
2019-07-08 13:04:06.056 1550-1590/? W/BroadcastQueue: Background execution not allowed: receiving Intent { act=android.net.wifi.STATE_CHANGE flg=0x4000010 (has extras) } to com.verizon.mips.services/com.verizon.vzwavs.AVSImplicitBroadcastReceiver
2019-07-08 13:04:06.056 1043-1200/? E/IptablesRestoreController: [iptables debug]iptables-restore execute *filter
    -nvx -L tetherctrl_counters
    COMMIT
2019-07-08 13:04:06.056 1550-8692/? D/WifiPermissionsUtil: canAccessScanResults: pkgName = com.google.android.gms, uid = 10032
2019-07-08 13:04:06.059 1550-2131/? D/WifiTrafficPoller: TrafficStats TxPkts=1029224 RxPkts=4098649 TxBytes=230060460 RxBytes=5353946147 , Foreground uid=10373 pkgName=com.thirdtimetech.bugsnagandroidcrashminimalrepro TxPackets=140 RxPackets=121 TxBytes=16513 RxBytes=67205
2019-07-08 13:04:06.059 1550-2131/? D/WifiPermissionsUtil: canAccessScanResults: pkgName = android, uid = 1000
2019-07-08 13:04:06.061 1550-2131/? D/WifiPermissionsUtil: canAccessScanResults: pkgName = android, uid = 1000
2019-07-08 13:04:06.061 1043-1200/? E/IptablesRestoreController: [iptables debug]iptables-restore execute done *filter
    -nvx -L tetherctrl_counters
    COMMIT
    , res : 0
2019-07-08 13:04:06.061 1043-1200/? E/IptablesRestoreController: [iptables debug]iptables-restore execute *filter
    -nvx -L tetherctrl_counters
    COMMIT
2019-07-08 13:04:06.062 1550-1590/? W/BroadcastQueue: Background execution not allowed: receiving Intent { act=android.net.wifi.STATE_CHANGE flg=0x4000010 (has extras) } to com.vzw.hss.myverizon/com.verizon.contenttransfer.base.CTWifiConnBroadcastReceiver
2019-07-08 13:04:06.063 1043-1200/? E/IptablesRestoreController: [iptables debug]iptables-restore execute done *filter
    -nvx -L tetherctrl_counters
    COMMIT
    , res : 0
2019-07-08 13:04:06.064 1550-2440/? D/WifiPermissionsUtil: canAccessScanResults: pkgName = com.google.android.gms, uid = 10032
2019-07-08 13:04:06.068 1550-2132/? D/SamsungAlarmManager: setInexact Listener (T:2/F:8/AC:false) 20190708T130416 - CU:1000/CP:1550
2019-07-08 13:04:06.068 1550-2132/? I/SamsungAlarmManager: setLocked to kernel - T:2 / 20190708T130413, SetElapsed=2093697936, nowELAPSED=2093690591
2019-07-08 13:04:06.068 1550-1594/? I/WifiService: getSupportedFeatures uid=1000
2019-07-08 13:04:06.068 1550-2132/? D/SecContentProvider: insert(), uri = 2
2019-07-08 13:04:06.068 1550-2132/? D/SecContentProvider: called from android.uid.system:1000
2019-07-08 13:04:06.070 2528-2942/? D/SecImsManager: isMultiDeviceCallContinuityEnabledByUser
2019-07-08 13:04:06.071 2528-2942/? D/SecImsManager: cmc_activation NotFound
2019-07-08 13:04:06.071 1550-2132/? D/WifiStateMachine: previous lteuState = 0, lteuEnable = 1
2019-07-08 13:04:06.071 1550-2132/? D/WifiStateMachine: input = 4, is5GHz = true
2019-07-08 13:04:06.071 1550-2132/? D/WifiStateMachine: new lteuState = 4, lteuEnable = 0
2019-07-08 13:04:06.072 1550-2132/? D/WifiIssueDetector: report htime=2019-07-08_13:04:06 time=1562605446071 rid=300 dhcpResult=1 
2019-07-08 13:04:06.073 1550-2132/? I/WifiVendorHal: getWifiLinkLayerStats(l.2965) before calling iface.getLinkLayerStats
2019-07-08 13:04:06.074 2271-2571/? D/NetworkController.WifiSignalController: NETWORK_STATE_CHANGED_ACTION received : mConnectionInfo = SSID: PELOTON-BIKES, BSSID: ea:55:2d:c1:12:28, MAC: 02:00:00:00:00:00, Supplicant state: COMPLETED, RSSI: -53, Link speed: 360Mbps, Frequency: 5180MHz, Net ID: 9, Metered hint: false, GigaAp: false, VenueName: null, WifiMode: 4, score: 60
2019-07-08 13:04:06.076 1550-1569/? D/WifiPermissionsUtil: canAccessScanResults: pkgName = com.android.systemui, uid = 10045
2019-07-08 13:04:06.082 1550-2189/? D/NtpTrustedTime: currentTimeMillis() cache hit
2019-07-08 13:04:06.083 1550-8692/? D/WifiPermissionsUtil: canAccessScanResults: pkgName = com.sec.android.sdhms, uid = 1000
2019-07-08 13:04:06.083 2271-2571/? D/NetworkController.WifiSignalController: handleBroadcast : mReceivedReportFromWifiManager = 0
2019-07-08 13:04:06.084 1550-1569/? D/WifiPermissionsUtil: canAccessScanResults: pkgName = com.android.systemui, uid = 10045
2019-07-08 13:04:06.085 1550-2189/? D/WifiPermissionsUtil: canAccessScanResults: pkgName = android, uid = 1000
2019-07-08 13:04:06.086 1550-2189/? D/ConnectivityService: notifyType CALLBACK_IP_CHANGED for NetworkAgentInfo [WIFI () - 628]
2019-07-08 13:04:06.086 1550-2189/? D/ConnectivityService: Not required to send intent.
2019-07-08 13:04:06.086 2271-2271/? D/SecStatusBarWifiView: updateState: WifiIconState(resId=2131232629, visible=true, activityId=0)
2019-07-08 13:04:06.087 1550-2189/? D/NtpTrustedTime: currentTimeMillis() cache hit
2019-07-08 13:04:06.087 1550-2112/? D/NtpTrustedTime: currentTimeMillis() cache hit
2019-07-08 13:04:06.087 1550-8692/? W/BroadcastQueue: Background execution not allowed: receiving Intent { act=android.net.wifi.STATE_CHANGE flg=0x4000010 (has extras) } to com.asurion.android.verizon.vms/com.wavesecure.core.WSAndroidSystemIntentReceiver
2019-07-08 13:04:06.088 1550-1590/? W/BroadcastQueue: Background execution not allowed: receiving Intent { act=android.net.wifi.STATE_CHANGE flg=0x4000010 (has extras) } to com.samsung.android.knox.containeragent/.switcher.knoxusage.KnoxUsageReceiver
2019-07-08 13:04:06.089 1550-1590/? W/BroadcastQueue: Background execution not allowed: receiving Intent { act=android.net.wifi.STATE_CHANGE flg=0x4000010 (has extras) } to com.samsung.android.messaging/com.chinamobile.aisms.sdk.LocalBroadcastManager
2019-07-08 13:04:06.089 1550-1590/? W/BroadcastQueue: Background execution not allowed: receiving Intent { act=android.net.wifi.STATE_CHANGE flg=0x4000010 (has extras) } to com.verizon.mips.services/com.vzw.hss.myverizon.rdd.wifidata.receiver.RDDWifiStateReceiver
2019-07-08 13:04:06.089 1550-1590/? W/BroadcastQueue: Background execution not allowed: receiving Intent { act=android.net.wifi.STATE_CHANGE flg=0x4000010 (has extras) } to com.verizon.mips.services/com.verizon.vzwavs.AVSImplicitBroadcastReceiver
2019-07-08 13:04:06.089 1550-1590/? W/BroadcastQueue: Background execution not allowed: receiving Intent { act=android.net.wifi.STATE_CHANGE flg=0x4000010 (has extras) } to com.vzw.hss.myverizon/com.verizon.contenttransfer.base.CTWifiConnBroadcastReceiver
2019-07-08 13:04:06.087 1550-2112/? D/NtpTrustedTime: currentTimeMillis() cache hit
2019-07-08 13:04:06.089 1550-8692/? D/WifiPermissionsUtil: canAccessScanResults: pkgName = com.sec.android.sdhms, uid = 1000
2019-07-08 13:04:06.091 2528-2528/? D/SecImsManager-WfcDataBaseManager: getInt() epdg_support : 0
2019-07-08 13:04:06.091 2528-2528/? D/SecImsManager-WfcDataBaseManager: getInt() epdg_support : 0
2019-07-08 13:04:06.092 1043-1200/? E/IptablesRestoreController: [iptables debug]iptables-restore execute *filter
    -nvx -L tetherctrl_counters
    COMMIT
2019-07-08 13:04:06.094 1043-1200/? E/IptablesRestoreController: [iptables debug]iptables-restore execute done *filter
    -nvx -L tetherctrl_counters
    COMMIT
    , res : 0
2019-07-08 13:04:06.094 1043-1200/? E/IptablesRestoreController: [iptables debug]iptables-restore execute *filter
    -nvx -L tetherctrl_counters
    COMMIT
2019-07-08 13:04:06.094 1550-2132/? I/WifiVendorHal: getWifiLinkLayerStats(l.2965) after calling iface.getLinkLayerStats
2019-07-08 13:04:06.095 1550-2132/? D/WifiIssueDetector: report htime=2019-07-08_13:04:06 time=1562605446094 rid=2 networkPrefix=23 apTypeInt=5 gw=172.20.74.1 ip=172.20.74.175 dhcp=1 dns1=208.67.222.222 dns2=208.67.220.220 ssid="PELOTON-BIKES" bssid=ea:55:2d:c1:12:28 netid=9 
2019-07-08 13:04:06.097 2271-2571/? D/NetworkController.WifiSignalController: NETWORK_STATE_CHANGED_ACTION received : mConnectionInfo = SSID: PELOTON-BIKES, BSSID: ea:55:2d:c1:12:28, MAC: 02:00:00:00:00:00, Supplicant state: COMPLETED, RSSI: -53, Link speed: 360Mbps, Frequency: 5180MHz, Net ID: 9, Metered hint: false, GigaAp: false, VenueName: null, WifiMode: 4, score: 60
2019-07-08 13:04:06.098 1550-1569/? D/WifiPermissionsUtil: canAccessScanResults: pkgName = com.android.systemui, uid = 10045
2019-07-08 13:04:06.100 1043-1200/? E/IptablesRestoreController: [iptables debug]iptables-restore execute done *filter
    -nvx -L tetherctrl_counters
    COMMIT
    , res : 0
2019-07-08 13:04:06.101 2271-2271/? I/StackScroller: ADJUST STACK.TRANSLATION
2019-07-08 13:04:06.101 2271-2271/? I/chatty: uid=10045(com.samsung.android.app.aodservice) com.android.systemui identical 1 line
2019-07-08 13:04:06.102 2271-2271/? I/StackScroller: ADJUST STACK.TRANSLATION
2019-07-08 13:04:06.102 2271-2271/? W/View: requestLayout() improperly called by com.android.keyguard.AlphaOptimizedLinearLayout{b510b93 V.E...... ......ID 7,0-51,58 #7f0a0652 app:id/wifi_group} during layout: running second layout pass
2019-07-08 13:04:06.102 2271-2271/? I/ViewRootImpl@eab56e[StatusBar]: requestLayout is already in process
2019-07-08 13:04:06.102 2271-2271/? W/View: requestLayout() improperly called by com.android.keyguard.AlphaOptimizedLinearLayout{ee2a81e V.E...... ......ID 7,0-51,58 #7f0a0652 app:id/wifi_group} during layout: running second layout pass
2019-07-08 13:04:06.102 2271-2271/? W/View: requestLayout() improperly called by com.android.keyguard.AlphaOptimizedLinearLayout{aeee8ff V.E...... ......ID 7,0-51,58 #7f0a0652 app:id/wifi_group} during layout: running second layout pass
2019-07-08 13:04:06.103 2528-2528/? D/SecImsManager: isWfcEnabledByPlatform
2019-07-08 13:04:06.105 2271-2271/? I/StackScroller: ADJUST STACK.TRANSLATION
2019-07-08 13:04:06.105 2271-2271/? I/chatty: uid=10045(com.samsung.android.app.aodservice) com.android.systemui identical 1 line
2019-07-08 13:04:06.105 2271-2271/? I/StackScroller: ADJUST STACK.TRANSLATION
2019-07-08 13:04:06.111 2271-2571/? D/NetworkController.WifiSignalController: handleBroadcast : mReceivedReportFromWifiManager = 0
2019-07-08 13:04:06.114 1550-2189/? D/NtpTrustedTime: currentTimeMillis() cache hit
2019-07-08 13:04:06.117 1550-2189/? D/WifiPermissionsUtil: canAccessScanResults: pkgName = android, uid = 1000
2019-07-08 13:04:06.118 1550-2189/? D/ConnectivityService: updateSignalStrengthThresholds: CONNECT, sending [] to NetworkAgentInfo [WIFI () - 628]
2019-07-08 13:04:06.118 1550-2132/? D/WifiNetworkAgent: NetworkAgent: Received signal strength thresholds: []
2019-07-08 13:04:06.119 1550-2112/? D/NtpTrustedTime: currentTimeMillis() cache hit
2019-07-08 13:04:06.119 1550-14410/? D/NetworkMonitor/NetworkAgentInfo [WIFI () - 628]: Connected
2019-07-08 13:04:06.119 1550-2189/? D/ConnectivityService: rematching NetworkAgentInfo [WIFI () - 628]
2019-07-08 13:04:06.119 1550-2232/? D/WifiConnectivityMonitor: Connected - Move to CaptivePortalState
2019-07-08 13:04:06.119 1550-2232/? I/WifiConnectivityMonitor: Stop scan. SNS initial connection check is ongoing
2019-07-08 13:04:06.119 1550-2132/? E/WifiVendorHal: stopRssiMonitoring(l.2426) failed {.code = ERROR_NOT_AVAILABLE, .description = }
2019-07-08 13:04:06.119 1550-2232/? D/ConnectivityService: semIsMobilePolicyDataEnabled(): deprecated
2019-07-08 13:04:06.119 1550-2132/? I/WifiStateMachine: sns inital connection check, scan set : true
2019-07-08 13:04:06.120 1550-2132/? D/WifiScanRequestProxy: setScanningEnabled: false, WCM_INITIAL_CONNECTION_CHECK
2019-07-08 13:04:06.120 1550-2132/? I/WifiScanner: setScanEnable:false pid=1550
2019-07-08 13:04:06.121 1550-2137/? I/WifiScanController: setEnableScan false reason:WCM_INITIAL_CONNECTION_CHECK
2019-07-08 13:04:06.119 1550-2189/? D/ConnectivityService:  network has: [ Transports: WIFI Capabilities: NOT_METERED&INTERNET&NOT_RESTRICTED&TRUSTED&NOT_VPN&NOT_ROAMING&FOREGROUND&NOT_CONGESTED&NOT_SUSPENDED Unwanted:  LinkUpBandwidth>=1048576Kbps LinkDnBandwidth>=1048576Kbps SignalStrength: -53 SSID: "PELOTON-BIKES"]
2019-07-08 13:04:06.121 1550-2189/? D/ConnectivityService:   checking if request is : NetworkRequest [ TRACK_DEFAULT id=11, [ Capabilities: INTERNET&NOT_RESTRICTED&TRUSTED Unwanted:  Uid: 10045] ], satisfies : true
2019-07-08 13:04:06.123 1550-2112/? D/NtpTrustedTime: currentTimeMillis() cache hit
2019-07-08 13:04:06.126 1550-2189/? D/ConnectivityService: currentScore = 0, newScore = 20
2019-07-08 13:04:06.126 1550-2189/? D/ConnectivityService: rematch for NetworkAgentInfo [WIFI () - 628]
2019-07-08 13:04:06.126 1550-2189/? D/ConnectivityService:    accepting network in place of null
2019-07-08 13:04:06.126 1550-2189/? D/ConnectivityService: sending new Min Network Score(20): NetworkRequest [ TRACK_DEFAULT id=11, [ Capabilities: INTERNET&NOT_RESTRICTED&TRUSTED Unwanted:  Uid: 10045] ]
2019-07-08 13:04:06.126 1550-2139/? D/WIFI_P2P: new score 20 for exisiting request NetworkRequest [ TRACK_DEFAULT id=11, [ Capabilities: INTERNET&NOT_RESTRICTED&TRUSTED Unwanted:  Uid: 10045] ]
2019-07-08 13:04:06.126 1550-2139/? D/WIFI_P2P:   my score=60, my filter=[ Transports: WIFI Capabilities: WIFI_P2P&NOT_RESTRICTED&TRUSTED&NOT_VPN Unwanted:  LinkUpBandwidth>=1048576Kbps LinkDnBandwidth>=1048576Kbps]
2019-07-08 13:04:06.126 1550-2239/? D/Ethernet: new score 20 for exisiting request NetworkRequest [ TRACK_DEFAULT id=11, [ Capabilities: INTERNET&NOT_RESTRICTED&TRUSTED Unwanted:  Uid: 10045] ]
2019-07-08 13:04:06.126 1550-2139/? D/WIFI_P2P: evalRequest
2019-07-08 13:04:06.126 1550-2139/? D/WIFI_P2P:   done
2019-07-08 13:04:06.126 1550-2239/? D/Ethernet:   my score=110, my filter=[ Transports: ETHERNET LinkUpBandwidth>=100000Kbps LinkDnBandwidth>=100000Kbps]
2019-07-08 13:04:06.126 1550-2239/? D/Ethernet: evalRequest
2019-07-08 13:04:06.126 1550-2239/? D/Ethernet:   done
2019-07-08 13:04:06.126 1550-2132/? D/WIFI_UT: new score 20 for exisiting request NetworkRequest [ TRACK_DEFAULT id=11, [ Capabilities: INTERNET&NOT_RESTRICTED&TRUSTED Unwanted:  Uid: 10045] ]
2019-07-08 13:04:06.126 1550-2132/? D/WIFI_UT:   my score=2147483647, my filter=[ Transports: WIFI Capabilities: NOT_METERED&INTERNET&NOT_RESTRICTED&TRUSTED&NOT_VPN&NOT_ROAMING&NOT_CONGESTED Unwanted:  LinkUpBandwidth>=1048576Kbps LinkDnBandwidth>=1048576Kbps]
2019-07-08 13:04:06.126 2528-2528/? D/SecImsManager-WfcDataBaseManager: getInt() epdg_support : 0
2019-07-08 13:04:06.126 1550-2132/? D/WIFI_UT: evalRequest
2019-07-08 13:04:06.126 2528-2528/? D/SecImsManager-WfcDataBaseManager: getInt() epdg_support : 0
2019-07-08 13:04:06.126 1550-2132/? D/WIFI_UT:   done
2019-07-08 13:04:06.126 1550-2132/? D/WIFI: new score 20 for exisiting request NetworkRequest [ TRACK_DEFAULT id=11, [ Capabilities: INTERNET&NOT_RESTRICTED&TRUSTED Unwanted:  Uid: 10045] ]
2019-07-08 13:04:06.126 1550-2132/? D/WIFI:   my score=60, my filter=[ Transports: WIFI Capabilities: NOT_METERED&INTERNET&NOT_RESTRICTED&TRUSTED&NOT_VPN&NOT_ROAMING&NOT_CONGESTED Unwanted:  LinkUpBandwidth>=1048576Kbps LinkDnBandwidth>=1048576Kbps]
2019-07-08 13:04:06.126 1550-2132/? D/WIFI: evalRequest
2019-07-08 13:04:06.126 1550-2132/? D/WIFI:   done
2019-07-08 13:04:06.127 1550-2189/? D/ConnectivityService:   checking if request is : NetworkRequest [ REQUEST id=932, [ Transports: CELLULAR Capabilities: INTERNET&NOT_RESTRICTED&TRUSTED&NOT_VPN Unwanted:  Uid: 10044] ], satisfies : false
2019-07-08 13:04:06.127 1550-2189/? D/ConnectivityService:   checking if request is : NetworkRequest [ TRACK_DEFAULT id=42, [ Capabilities: INTERNET&NOT_RESTRICTED&TRUSTED Unwanted:  Uid: 1000] ], satisfies : true
2019-07-08 13:04:06.127 1550-2189/? D/ConnectivityService: currentScore = 0, newScore = 20
2019-07-08 13:04:06.127 1550-2189/? D/ConnectivityService: rematch for NetworkAgentInfo [WIFI () - 628]
2019-07-08 13:04:06.127 1550-2189/? D/ConnectivityService:    accepting network in place of null
2019-07-08 13:04:06.127 1550-2189/? D/ConnectivityService: sending new Min Network Score(20): NetworkRequest [ TRACK_DEFAULT id=42, [ Capabilities: INTERNET&NOT_RESTRICTED&TRUSTED Unwanted:  Uid: 1000] ]
2019-07-08 13:04:06.127 1550-2239/? D/Ethernet: new score 20 for exisiting request NetworkRequest [ TRACK_DEFAULT id=42, [ Capabilities: INTERNET&NOT_RESTRICTED&TRUSTED Unwanted:  Uid: 1000] ]
2019-07-08 13:04:06.127 1550-2239/? D/Ethernet:   my score=110, my filter=[ Transports: ETHERNET LinkUpBandwidth>=100000Kbps LinkDnBandwidth>=100000Kbps]
2019-07-08 13:04:06.127 1550-2189/? D/ConnectivityService:   checking if request is : NetworkRequest [ TRACK_DEFAULT id=1179, [ Capabilities: INTERNET&NOT_RESTRICTED&TRUSTED Unwanted:  Uid: 10056] ], satisfies : true
2019-07-08 13:04:06.127 1550-2239/? D/Ethernet: evalRequest
2019-07-08 13:04:06.127 1550-2139/? D/WIFI_P2P: new score 20 for exisiting request NetworkRequest [ TRACK_DEFAULT id=42, [ Capabilities: INTERNET&NOT_RESTRICTED&TRUSTED Unwanted:  Uid: 1000] ]
2019-07-08 13:04:06.127 1550-2239/? D/Ethernet:   done
2019-07-08 13:04:06.127 1550-2189/? D/ConnectivityService: currentScore = 0, newScore = 20
2019-07-08 13:04:06.127 1550-2139/? D/WIFI_P2P:   my score=60, my filter=[ Transports: WIFI Capabilities: WIFI_P2P&NOT_RESTRICTED&TRUSTED&NOT_VPN Unwanted:  LinkUpBandwidth>=1048576Kbps LinkDnBandwidth>=1048576Kbps]
2019-07-08 13:04:06.127 1550-2189/? D/ConnectivityService: rematch for NetworkAgentInfo [WIFI () - 628]
2019-07-08 13:04:06.127 1550-2189/? D/ConnectivityService:    accepting network in place of null
2019-07-08 13:04:06.127 1550-2139/? D/WIFI_P2P: evalRequest
2019-07-08 13:04:06.127 1550-2139/? D/WIFI_P2P:   done
2019-07-08 13:04:06.127 1550-2189/? D/ConnectivityService: sending new Min Network Score(20): NetworkRequest [ TRACK_DEFAULT id=1179, [ Capabilities: INTERNET&NOT_RESTRICTED&TRUSTED Unwanted:  Uid: 10056] ]
2019-07-08 13:04:06.127 1550-2139/? D/WIFI_P2P: new score 20 for exisiting request NetworkRequest [ TRACK_DEFAULT id=1179, [ Capabilities: INTERNET&NOT_RESTRICTED&TRUSTED Unwanted:  Uid: 10056] ]
2019-07-08 13:04:06.127 1550-2139/? D/WIFI_P2P:   my score=60, my filter=[ Transports: WIFI Capabilities: WIFI_P2P&NOT_RESTRICTED&TRUSTED&NOT_VPN Unwanted:  LinkUpBandwidth>=1048576Kbps LinkDnBandwidth>=1048576Kbps]
2019-07-08 13:04:06.127 1550-2189/? D/ConnectivityService:   checking if request is : NetworkRequest [ TRACK_DEFAULT id=935, [ Capabilities: INTERNET&NOT_RESTRICTED&TRUSTED Unwanted:  Uid: 10123] ], satisfies : true
2019-07-08 13:04:06.127 1550-2139/? D/WIFI_P2P: evalRequest
2019-07-08 13:04:06.127 1550-2189/? D/ConnectivityService: currentScore = 0, newScore = 20
2019-07-08 13:04:06.127 1550-2139/? D/WIFI_P2P:   done
2019-07-08 13:04:06.127 1550-2189/? D/ConnectivityService: rematch for NetworkAgentInfo [WIFI () - 628]
2019-07-08 13:04:06.127 1550-2189/? D/ConnectivityService:    accepting network in place of null
2019-07-08 13:04:06.127 1550-2189/? D/ConnectivityService: sending new Min Network Score(20): NetworkRequest [ TRACK_DEFAULT id=935, [ Capabilities: INTERNET&NOT_RESTRICTED&TRUSTED Unwanted:  Uid: 10123] ]
2019-07-08 13:04:06.127 1550-2239/? D/Ethernet: new score 20 for exisiting request NetworkRequest [ TRACK_DEFAULT id=1179, [ Capabilities: INTERNET&NOT_RESTRICTED&TRUSTED Unwanted:  Uid: 10056] ]
2019-07-08 13:04:06.127 1550-2239/? D/Ethernet:   my score=110, my filter=[ Transports: ETHERNET LinkUpBandwidth>=100000Kbps LinkDnBandwidth>=100000Kbps]
2019-07-08 13:04:06.127 1550-2139/? D/WIFI_P2P: new score 20 for exisiting request NetworkRequest [ TRACK_DEFAULT id=935, [ Capabilities: INTERNET&NOT_RESTRICTED&TRUSTED Unwanted:  Uid: 10123] ]
2019-07-08 13:04:06.127 1550-2239/? D/Ethernet: evalRequest
2019-07-08 13:04:06.127 1550-2239/? D/Ethernet:   done
2019-07-08 13:04:06.127 1550-2139/? D/WIFI_P2P:   my score=60, my filter=[ Transports: WIFI Capabilities: WIFI_P2P&NOT_RESTRICTED&TRUSTED&NOT_VPN Unwanted:  LinkUpBandwidth>=1048576Kbps LinkDnBandwidth>=1048576Kbps]
2019-07-08 13:04:06.127 1550-2139/? D/WIFI_P2P: evalRequest
2019-07-08 13:04:06.127 1550-2189/? D/ConnectivityService:   checking if request is : NetworkRequest [ REQUEST id=1, [ Capabilities: INTERNET&NOT_RESTRICTED&TRUSTED&NOT_VPN Unwanted: ] ], satisfies : true
2019-07-08 13:04:06.127 1550-2239/? D/Ethernet: new score 20 for exisiting request NetworkRequest [ TRACK_DEFAULT id=935, [ Capabilities: INTERNET&NOT_RESTRICTED&TRUSTED Unwanted:  Uid: 10123] ]
2019-07-08 13:04:06.127 1550-2139/? D/WIFI_P2P:   done
2019-07-08 13:04:06.127 1550-2189/? D/ConnectivityService: currentScore = 0, newScore = 20
2019-07-08 13:04:06.127 1550-2189/? D/ConnectivityService: rematch for NetworkAgentInfo [WIFI () - 628]
2019-07-08 13:04:06.127 1550-2239/? D/Ethernet:   my score=110, my filter=[ Transports: ETHERNET LinkUpBandwidth>=100000Kbps LinkDnBandwidth>=100000Kbps]
2019-07-08 13:04:06.127 1550-2189/? D/ConnectivityService:    accepting network in place of null
2019-07-08 13:04:06.127 1550-2239/? D/Ethernet: evalRequest
2019-07-08 13:04:06.127 1550-2189/? D/ConnectivityService: sending new Min Network Score(20): NetworkRequest [ REQUEST id=1, [ Capabilities: INTERNET&NOT_RESTRICTED&TRUSTED&NOT_VPN Unwanted: ] ]
2019-07-08 13:04:06.127 1550-2239/? D/Ethernet:   done
2019-07-08 13:04:06.127 1550-2239/? D/Ethernet: new score 20 for exisiting request NetworkRequest [ REQUEST id=1, [ Capabilities: INTERNET&NOT_RESTRICTED&TRUSTED&NOT_VPN Unwanted: ] ]
2019-07-08 13:04:06.127 1550-2239/? D/Ethernet:   my score=110, my filter=[ Transports: ETHERNET LinkUpBandwidth>=100000Kbps LinkDnBandwidth>=100000Kbps]
2019-07-08 13:04:06.127 1550-2239/? D/Ethernet: evalRequest
2019-07-08 13:04:06.127 1550-2239/? D/Ethernet:   done
2019-07-08 13:04:06.127 1550-2189/? D/ConnectivityService:   checking if request is : NetworkRequest [ REQUEST id=930, [ Transports: WIFI Capabilities: INTERNET&NOT_RESTRICTED&TRUSTED&NOT_VPN Unwanted:  Uid: 10044] ], satisfies : true
2019-07-08 13:04:06.127 1550-2189/? D/ConnectivityService: currentScore = 0, newScore = 20
2019-07-08 13:04:06.127 1550-2189/? D/ConnectivityService: rematch for NetworkAgentInfo [WIFI () - 628]
2019-07-08 13:04:06.127 1550-2189/? D/ConnectivityService:    accepting network in place of null
2019-07-08 13:04:06.127 1550-2189/? D/ConnectivityService: sending new Min Network Score(20): NetworkRequest [ REQUEST id=930, [ Transports: WIFI Capabilities: INTERNET&NOT_RESTRICTED&TRUSTED&NOT_VPN Unwanted:  Uid: 10044] ]
2019-07-08 13:04:06.128 1550-2189/? D/ConnectivityService: MultiNetwork(R) Request to WCM (10044/6569/930)
2019-07-08 13:04:06.128 1550-2189/? D/ConnectivityService:   checking if request is : NetworkRequest [ TRACK_DEFAULT id=816, [ Capabilities: INTERNET&NOT_RESTRICTED&TRUSTED Unwanted:  Uid: 10142] ], satisfies : true
2019-07-08 13:04:06.128 1550-2189/? D/ConnectivityService: currentScore = 0, newScore = 20
2019-07-08 13:04:06.128 1550-2189/? D/ConnectivityService: rematch for NetworkAgentInfo [WIFI () - 628]
2019-07-08 13:04:06.128 1550-2189/? D/ConnectivityService:    accepting network in place of null
2019-07-08 13:04:06.128 1550-2189/? D/ConnectivityService: sending new Min Network Score(20): NetworkRequest [ TRACK_DEFAULT id=816, [ Capabilities: INTERNET&NOT_RESTRICTED&TRUSTED Unwanted:  Uid: 10142] ]
2019-07-08 13:04:06.128 1550-2239/? D/Ethernet: new score 20 for exisiting request NetworkRequest [ REQUEST id=930, [ Transports: WIFI Capabilities: INTERNET&NOT_RESTRICTED&TRUSTED&NOT_VPN Unwanted:  Uid: 10044] ]
2019-07-08 13:04:06.128 1550-2239/? D/Ethernet:   my score=110, my filter=[ Transports: ETHERNET LinkUpBandwidth>=100000Kbps LinkDnBandwidth>=100000Kbps]
2019-07-08 13:04:06.128 1550-2239/? D/Ethernet: evalRequest
2019-07-08 13:04:06.128 1550-2239/? D/Ethernet:   done
2019-07-08 13:04:06.128 1550-2239/? D/Ethernet: new score 20 for exisiting request NetworkRequest [ TRACK_DEFAULT id=816, [ Capabilities: INTERNET&NOT_RESTRICTED&TRUSTED Unwanted:  Uid: 10142] ]
2019-07-08 13:04:06.128 1550-2239/? D/Ethernet:   my score=110, my filter=[ Transports: ETHERNET LinkUpBandwidth>=100000Kbps LinkDnBandwidth>=100000Kbps]
2019-07-08 13:04:06.128 1550-2239/? D/Ethernet: evalRequest
2019-07-08 13:04:06.128 1550-2239/? D/Ethernet:   done
2019-07-08 13:04:06.128 1550-2139/? D/WIFI_P2P: new score 20 for exisiting request NetworkRequest [ REQUEST id=1, [ Capabilities: INTERNET&NOT_RESTRICTED&TRUSTED&NOT_VPN Unwanted: ] ]
2019-07-08 13:04:06.129 1550-2132/? D/WIFI_UT: new score 20 for exisiting request NetworkRequest [ TRACK_DEFAULT id=42, [ Capabilities: INTERNET&NOT_RESTRICTED&TRUSTED Unwanted:  Uid: 1000] ]
2019-07-08 13:04:06.129 1550-2132/? D/WIFI_UT:   my score=2147483647, my filter=[ Transports: WIFI Capabilities: NOT_METERED&INTERNET&NOT_RESTRICTED&TRUSTED&NOT_VPN&NOT_ROAMING&NOT_CONGESTED Unwanted:  LinkUpBandwidth>=1048576Kbps LinkDnBandwidth>=1048576Kbps]
2019-07-08 13:04:06.129 1550-2132/? D/WIFI_UT: evalRequest
2019-07-08 13:04:06.129 1550-2132/? D/WIFI_UT:   done
2019-07-08 13:04:06.129 1550-2132/? D/WIFI: new score 20 for exisiting request NetworkRequest [ TRACK_DEFAULT id=42, [ Capabilities: INTERNET&NOT_RESTRICTED&TRUSTED Unwanted:  Uid: 1000] ]
2019-07-08 13:04:06.129 1550-2132/? D/WIFI:   my score=60, my filter=[ Transports: WIFI Capabilities: NOT_METERED&INTERNET&NOT_RESTRICTED&TRUSTED&NOT_VPN&NOT_ROAMING&NOT_CONGESTED Unwanted:  LinkUpBandwidth>=1048576Kbps LinkDnBandwidth>=1048576Kbps]
2019-07-08 13:04:06.129 1550-2132/? D/WIFI: evalRequest
2019-07-08 13:04:06.129 1550-2132/? D/WIFI:   done
2019-07-08 13:04:06.129 1550-2132/? D/WIFI_UT: new score 20 for exisiting request NetworkRequest [ TRACK_DEFAULT id=1179, [ Capabilities: INTERNET&NOT_RESTRICTED&TRUSTED Unwanted:  Uid: 10056] ]
2019-07-08 13:04:06.129 1550-2132/? D/WIFI_UT:   my score=2147483647, my filter=[ Transports: WIFI Capabilities: NOT_METERED&INTERNET&NOT_RESTRICTED&TRUSTED&NOT_VPN&NOT_ROAMING&NOT_CONGESTED Unwanted:  LinkUpBandwidth>=1048576Kbps LinkDnBandwidth>=1048576Kbps]
2019-07-08 13:04:06.129 1550-2132/? D/WIFI_UT: evalRequest
2019-07-08 13:04:06.129 1550-2132/? D/WIFI_UT:   done
2019-07-08 13:04:06.129 1550-2132/? D/WIFI: new score 20 for exisiting request NetworkRequest [ TRACK_DEFAULT id=1179, [ Capabilities: INTERNET&NOT_RESTRICTED&TRUSTED Unwanted:  Uid: 10056] ]
2019-07-08 13:04:06.129 1550-2132/? D/WIFI:   my score=60, my filter=[ Transports: WIFI Capabilities: NOT_METERED&INTERNET&NOT_RESTRICTED&TRUSTED&NOT_VPN&NOT_ROAMING&NOT_CONGESTED Unwanted:  LinkUpBandwidth>=1048576Kbps LinkDnBandwidth>=1048576Kbps]
2019-07-08 13:04:06.129 1550-2189/? D/ConnectivityService:   checking if request is : NetworkRequest [ TRACK_DEFAULT id=1064, [ Capabilities: INTERNET&NOT_RESTRICTED&TRUSTED Unwanted:  Uid: 10085] ], satisfies : true
2019-07-08 13:04:06.129 1550-2132/? D/WIFI: evalRequest
2019-07-08 13:04:06.129 1550-2189/? D/ConnectivityService: currentScore = 0, newScore = 20
2019-07-08 13:04:06.129 1550-2132/? D/WIFI:   done
2019-07-08 13:04:06.129 1550-2189/? D/ConnectivityService: rematch for NetworkAgentInfo [WIFI () - 628]
2019-07-08 13:04:06.129 1550-2189/? D/ConnectivityService:    accepting network in place of null
2019-07-08 13:04:06.131 1550-2232/? E/WifiConnectivityMonitor: current state: com.android.server.wifi.WifiConnectivityMonitor$CaptivePortalState@d54f08d
2019-07-08 13:04:06.131 1550-2139/? D/WIFI_P2P:   my score=60, my filter=[ Transports: WIFI Capabilities: WIFI_P2P&NOT_RESTRICTED&TRUSTED&NOT_VPN Unwanted:  LinkUpBandwidth>=1048576Kbps LinkDnBandwidth>=1048576Kbps]
2019-07-08 13:04:06.131 1550-2139/? D/WIFI_P2P: evalRequest
2019-07-08 13:04:06.131 1550-2139/? D/WIFI_P2P:   done
2019-07-08 13:04:06.131 1550-2139/? D/WIFI_P2P: new score 20 for exisiting request NetworkRequest [ REQUEST id=930, [ Transports: WIFI Capabilities: INTERNET&NOT_RESTRICTED&TRUSTED&NOT_VPN Unwanted:  Uid: 10044] ]
2019-07-08 13:04:06.131 1550-2139/? D/WIFI_P2P:   my score=60, my filter=[ Transports: WIFI Capabilities: WIFI_P2P&NOT_RESTRICTED&TRUSTED&NOT_VPN Unwanted:  LinkUpBandwidth>=1048576Kbps LinkDnBandwidth>=1048576Kbps]
2019-07-08 13:04:06.131 1550-2132/? D/WIFI_UT: new score 20 for exisiting request NetworkRequest [ TRACK_DEFAULT id=935, [ Capabilities: INTERNET&NOT_RESTRICTED&TRUSTED Unwanted:  Uid: 10123] ]
2019-07-08 13:04:06.131 1550-2139/? D/WIFI_P2P: evalRequest
2019-07-08 13:04:06.131 1550-2139/? D/WIFI_P2P:   done
2019-07-08 13:04:06.131 1550-2132/? D/WIFI_UT:   my score=2147483647, my filter=[ Transports: WIFI Capabilities: NOT_METERED&INTERNET&NOT_RESTRICTED&TRUSTED&NOT_VPN&NOT_ROAMING&NOT_CONGESTED Unwanted:  LinkUpBandwidth>=1048576Kbps LinkDnBandwidth>=1048576Kbps]
2019-07-08 13:04:06.131 1550-2132/? D/WIFI_UT: evalRequest
2019-07-08 13:04:06.131 1550-2132/? D/WIFI_UT:   done
2019-07-08 13:04:06.131 1550-2139/? D/WIFI_P2P: new score 20 for exisiting request NetworkRequest [ TRACK_DEFAULT id=816, [ Capabilities: INTERNET&NOT_RESTRICTED&TRUSTED Unwanted:  Uid: 10142] ]
2019-07-08 13:04:06.131 1550-2132/? D/WIFI: new score 20 for exisiting request NetworkRequest [ TRACK_DEFAULT id=935, [ Capabilities: INTERNET&NOT_RESTRICTED&TRUSTED Unwanted:  Uid: 10123] ]
2019-07-08 13:04:06.131 1550-2139/? D/WIFI_P2P:   my score=60, my filter=[ Transports: WIFI Capabilities: WIFI_P2P&NOT_RESTRICTED&TRUSTED&NOT_VPN Unwanted:  LinkUpBandwidth>=1048576Kbps LinkDnBandwidth>=1048576Kbps]
2019-07-08 13:04:06.131 1550-2132/? D/WIFI:   my score=60, my filter=[ Transports: WIFI Capabilities: NOT_METERED&INTERNET&NOT_RESTRICTED&TRUSTED&NOT_VPN&NOT_ROAMING&NOT_CONGESTED Unwanted:  LinkUpBandwidth>=1048576Kbps LinkDnBandwidth>=1048576Kbps]
2019-07-08 13:04:06.131 1550-2139/? D/WIFI_P2P: evalRequest
2019-07-08 13:04:06.131 1550-2132/? D/WIFI: evalRequest
2019-07-08 13:04:06.131 1550-2132/? D/WIFI:   done
2019-07-08 13:04:06.131 1550-2139/? D/WIFI_P2P:   done
2019-07-08 13:04:06.131 1550-2132/? D/WIFI_UT: new score 20 for exisiting request NetworkRequest [ REQUEST id=1, [ Capabilities: INTERNET&NOT_RESTRICTED&TRUSTED&NOT_VPN Unwanted: ] ]
2019-07-08 13:04:06.131 1550-2132/? D/WIFI_UT:   my score=2147483647, my filter=[ Transports: WIFI Capabilities: NOT_METERED&INTERNET&NOT_RESTRICTED&TRUSTED&NOT_VPN&NOT_ROAMING&NOT_CONGESTED Unwanted:  LinkUpBandwidth>=1048576Kbps LinkDnBandwidth>=1048576Kbps]
2019-07-08 13:04:06.131 1550-2132/? D/WIFI_UT: evalRequest
2019-07-08 13:04:06.131 1550-2132/? D/WIFI_UT:   done
2019-07-08 13:04:06.131 1550-2132/? D/WIFI: new score 20 for exisiting request NetworkRequest [ REQUEST id=1, [ Capabilities: INTERNET&NOT_RESTRICTED&TRUSTED&NOT_VPN Unwanted: ] ]
2019-07-08 13:04:06.131 1550-2132/? D/WIFI:   my score=60, my filter=[ Transports: WIFI Capabilities: NOT_METERED&INTERNET&NOT_RESTRICTED&TRUSTED&NOT_VPN&NOT_ROAMING&NOT_CONGESTED Unwanted:  LinkUpBandwidth>=1048576Kbps LinkDnBandwidth>=1048576Kbps]
2019-07-08 13:04:06.131 1550-2132/? D/WIFI: evalRequest
2019-07-08 13:04:06.131 1550-2132/? D/WIFI:   done
2019-07-08 13:04:06.132 1550-2132/? D/WIFI_UT: new score 20 for exisiting request NetworkRequest [ REQUEST id=930, [ Transports: WIFI Capabilities: INTERNET&NOT_RESTRICTED&TRUSTED&NOT_VPN Unwanted:  Uid: 10044] ]
2019-07-08 13:04:06.132 1550-2132/? D/WIFI_UT:   my score=2147483647, my filter=[ Transports: WIFI Capabilities: NOT_METERED&INTERNET&NOT_RESTRICTED&TRUSTED&NOT_VPN&NOT_ROAMING&NOT_CONGESTED Unwanted:  LinkUpBandwidth>=1048576Kbps LinkDnBandwidth>=1048576Kbps]
2019-07-08 13:04:06.132 1550-2132/? D/WIFI_UT: evalRequest
2019-07-08 13:04:06.132 1550-2132/? D/WIFI_UT:   done
2019-07-08 13:04:06.132 1550-2132/? D/WIFI: new score 20 for exisiting request NetworkRequest [ REQUEST id=930, [ Transports: WIFI Capabilities: INTERNET&NOT_RESTRICTED&TRUSTED&NOT_VPN Unwanted:  Uid: 10044] ]
2019-07-08 13:04:06.132 1550-2132/? D/WIFI:   my score=60, my filter=[ Transports: WIFI Capabilities: NOT_METERED&INTERNET&NOT_RESTRICTED&TRUSTED&NOT_VPN&NOT_ROAMING&NOT_CONGESTED Unwanted:  LinkUpBandwidth>=1048576Kbps LinkDnBandwidth>=1048576Kbps]
2019-07-08 13:04:06.132 1550-2132/? D/WIFI: evalRequest
2019-07-08 13:04:06.132 1550-2132/? D/WIFI:   done
2019-07-08 13:04:06.132 1550-2132/? D/WIFI_UT: new score 20 for exisiting request NetworkRequest [ TRACK_DEFAULT id=816, [ Capabilities: INTERNET&NOT_RESTRICTED&TRUSTED Unwanted:  Uid: 10142] ]
2019-07-08 13:04:06.132 1550-2132/? D/WIFI_UT:   my score=2147483647, my filter=[ Transports: WIFI Capabilities: NOT_METERED&INTERNET&NOT_RESTRICTED&TRUSTED&NOT_VPN&NOT_ROAMING&NOT_CONGESTED Unwanted:  LinkUpBandwidth>=1048576Kbps LinkDnBandwidth>=1048576Kbps]
2019-07-08 13:04:06.132 1550-2132/? D/WIFI_UT: evalRequest
2019-07-08 13:04:06.132 1550-2132/? D/WIFI_UT:   done
2019-07-08 13:04:06.132 1550-2132/? D/WIFI: new score 20 for exisiting request NetworkRequest [ TRACK_DEFAULT id=816, [ Capabilities: INTERNET&NOT_RESTRICTED&TRUSTED Unwanted:  Uid: 10142] ]
2019-07-08 13:04:06.132 1550-2132/? D/WIFI:   my score=60, my filter=[ Transports: WIFI Capabilities: NOT_METERED&INTERNET&NOT_RESTRICTED&TRUSTED&NOT_VPN&NOT_ROAMING&NOT_CONGESTED Unwanted:  LinkUpBandwidth>=1048576Kbps LinkDnBandwidth>=1048576Kbps]
2019-07-08 13:04:06.132 1550-2132/? D/WIFI: evalRequest
2019-07-08 13:04:06.132 1550-2132/? D/WIFI:   done
2019-07-08 13:04:06.132 1550-2189/? D/ConnectivityService: sending new Min Network Score(20): NetworkRequest [ TRACK_DEFAULT id=1064, [ Capabilities: INTERNET&NOT_RESTRICTED&TRUSTED Unwanted:  Uid: 10085] ]
2019-07-08 13:04:06.133 1550-2132/? D/WIFI_UT: new score 20 for exisiting request NetworkRequest [ TRACK_DEFAULT id=1064, [ Capabilities: INTERNET&NOT_RESTRICTED&TRUSTED Unwanted:  Uid: 10085] ]
2019-07-08 13:04:06.133 1550-2239/? D/Ethernet: new score 20 for exisiting request NetworkRequest [ TRACK_DEFAULT id=1064, [ Capabilities: INTERNET&NOT_RESTRICTED&TRUSTED Unwanted:  Uid: 10085] ]
2019-07-08 13:04:06.133 1550-2239/? D/Ethernet:   my score=110, my filter=[ Transports: ETHERNET LinkUpBandwidth>=100000Kbps LinkDnBandwidth>=100000Kbps]
2019-07-08 13:04:06.133 1550-2239/? D/Ethernet: evalRequest
2019-07-08 13:04:06.134 1550-2239/? D/Ethernet:   done
2019-07-08 13:04:06.134 1550-2139/? D/WIFI_P2P: new score 20 for exisiting request NetworkRequest [ TRACK_DEFAULT id=1064, [ Capabilities: INTERNET&NOT_RESTRICTED&TRUSTED Unwanted:  Uid: 10085] ]
2019-07-08 13:04:06.134 1550-2139/? D/WIFI_P2P:   my score=60, my filter=[ Transports: WIFI Capabilities: WIFI_P2P&NOT_RESTRICTED&TRUSTED&NOT_VPN Unwanted:  LinkUpBandwidth>=1048576Kbps LinkDnBandwidth>=1048576Kbps]
2019-07-08 13:04:06.134 1550-2139/? D/WIFI_P2P: evalRequest
2019-07-08 13:04:06.134 1550-2139/? D/WIFI_P2P:   done
2019-07-08 13:04:06.135 1550-2132/? D/WIFI_UT:   my score=2147483647, my filter=[ Transports: WIFI Capabilities: NOT_METERED&INTERNET&NOT_RESTRICTED&TRUSTED&NOT_VPN&NOT_ROAMING&NOT_CONGESTED Unwanted:  LinkUpBandwidth>=1048576Kbps LinkDnBandwidth>=1048576Kbps]
2019-07-08 13:04:06.135 1550-2132/? D/WIFI_UT: evalRequest
2019-07-08 13:04:06.135 1550-2132/? D/WIFI_UT:   done
2019-07-08 13:04:06.135 1550-2132/? D/WIFI: new score 20 for exisiting request NetworkRequest [ TRACK_DEFAULT id=1064, [ Capabilities: INTERNET&NOT_RESTRICTED&TRUSTED Unwanted:  Uid: 10085] ]
2019-07-08 13:04:06.135 1550-2232/? D/WifiConnectivityMonitor: isPackageRunning - top:com.thirdtimetech.bugsnagandroidcrashminimalrepro.MainActivity
2019-07-08 13:04:06.135 1550-2189/? D/ConnectivityService:   checking if request is : NetworkRequest [ REQUEST id=934, [ Transports: ETHERNET Capabilities: INTERNET&NOT_RESTRICTED&TRUSTED&NOT_VPN Unwanted:  Uid: 10044] ], satisfies : false
2019-07-08 13:04:06.136 1550-2232/? D/WifiConnectivityMonitor: isPackageRunning - top:com.thirdtimetech.bugsnagandroidcrashminimalrepro.MainActivity
2019-07-08 13:04:06.136 1550-2132/? D/WIFI:   my score=60, my filter=[ Transports: WIFI Capabilities: NOT_METERED&INTERNET&NOT_RESTRICTED&TRUSTED&NOT_VPN&NOT_ROAMING&NOT_CONGESTED Unwanted:  LinkUpBandwidth>=1048576Kbps LinkDnBandwidth>=1048576Kbps]
2019-07-08 13:04:06.136 1550-2232/? I/WifiStateMachine: CheckEleEnvironment - setElePollingSkipMode mElePollingMode :0
2019-07-08 13:04:06.136 1550-2132/? D/WIFI: evalRequest
2019-07-08 13:04:06.136 1550-2132/? D/WIFI:   done
2019-07-08 13:04:06.136 1550-2189/? D/ConnectivityService:   checking if request is : NetworkRequest [ TRACK_DEFAULT id=980, [ Capabilities: INTERNET&NOT_RESTRICTED&TRUSTED Unwanted:  Uid: 10088] ], satisfies : true
