2019-07-08 13:04:06.516 1550-2138/? D/ConnectivityService: filterNetworkStateForUid() uid: 10032, pid: 1550, networkInfo: [type: WIFI[], state: CONNECTED/CONNECTED, reason: (unspecified), extra: (none), failover: false, available: true, roaming: false]
2019-07-08 13:04:06.516 1550-2189/? D/ConnectivityService:  sending notification for NetworkRequest [ TRACK_DEFAULT id=816, [ Capabilities: INTERNET&NOT_RESTRICTED&TRUSTED Unwanted:  Uid: 10142] ]
2019-07-08 13:04:06.516 1550-2138/? D/ConnectivityService: filterNetworkStateForUid() uid: 10209, pid: 1550
2019-07-08 13:04:06.517 1550-2138/? D/ConnectivityService: filterNetworkStateForUid() uid: 10209, pid: 1550, networkInfo: [type: WIFI[], state: CONNECTED/CONNECTED, reason: (unspecified), extra: (none), failover: false, available: true, roaming: false]
2019-07-08 13:04:06.517 1550-2138/? D/ConnectivityService: filterNetworkStateForUid() uid: 10085, pid: 1550
2019-07-08 13:04:06.517 1550-2138/? D/ConnectivityService: filterNetworkStateForUid() uid: 10085, pid: 1550, networkInfo: [type: WIFI[], state: CONNECTED/CONNECTED, reason: (unspecified), extra: (none), failover: false, available: true, roaming: false]
2019-07-08 13:04:06.517 1550-2138/? D/ConnectivityService: filterNetworkStateForUid() uid: 10141, pid: 1550
2019-07-08 13:04:06.517 1550-2138/? D/ConnectivityService: filterNetworkStateForUid() uid: 10141, pid: 1550, networkInfo: [type: WIFI[], state: CONNECTED/CONNECTED, reason: (unspecified), extra: (none), failover: false, available: true, roaming: false]
2019-07-08 13:04:06.517 1550-2132/? D/WIFI_UT: new score 60 for exisiting request NetworkRequest [ REQUEST id=1, [ Capabilities: INTERNET&NOT_RESTRICTED&TRUSTED&NOT_VPN Unwanted: ] ]
2019-07-08 13:04:06.517 1550-2138/? D/ConnectivityService: filterNetworkStateForUid() uid: 10032, pid: 1550
2019-07-08 13:04:06.517 1550-2132/? D/WIFI_UT:   my score=2147483647, my filter=[ Transports: WIFI Capabilities: NOT_METERED&INTERNET&NOT_RESTRICTED&TRUSTED&NOT_VPN&NOT_ROAMING&NOT_CONGESTED Unwanted:  LinkUpBandwidth>=1048576Kbps LinkDnBandwidth>=1048576Kbps]
2019-07-08 13:04:06.517 1550-2132/? D/WIFI_UT: evalRequest
2019-07-08 13:04:06.517 1550-2132/? D/WIFI_UT:   done
2019-07-08 13:04:06.517 1550-2132/? D/WIFI: new score 60 for exisiting request NetworkRequest [ REQUEST id=1, [ Capabilities: INTERNET&NOT_RESTRICTED&TRUSTED&NOT_VPN Unwanted: ] ]
2019-07-08 13:04:06.517 1550-2138/? D/ConnectivityService: filterNetworkStateForUid() uid: 10032, pid: 1550, networkInfo: [type: WIFI[], state: CONNECTED/CONNECTED, reason: (unspecified), extra: (none), failover: false, available: true, roaming: false]
2019-07-08 13:04:06.517 1550-2132/? D/WIFI:   my score=60, my filter=[ Transports: WIFI Capabilities: NOT_METERED&INTERNET&NOT_RESTRICTED&TRUSTED&NOT_VPN&NOT_ROAMING&NOT_CONGESTED Unwanted:  LinkUpBandwidth>=1048576Kbps LinkDnBandwidth>=1048576Kbps]
2019-07-08 13:04:06.517 1550-2132/? D/WIFI: evalRequest
2019-07-08 13:04:06.517 1550-2132/? D/WIFI:   done
2019-07-08 13:04:06.517 1550-2138/? D/ConnectivityService: filterNetworkStateForUid() uid: 5017, pid: 1550
2019-07-08 13:04:06.517 1550-2132/? D/WIFI_UT: new score 60 for exisiting request NetworkRequest [ TRACK_DEFAULT id=8, [ Capabilities: INTERNET&NOT_RESTRICTED&TRUSTED Unwanted:  Uid: 1000] ]
2019-07-08 13:04:06.517 1550-2138/? D/ConnectivityService: filterNetworkStateForUid() uid: 5017, pid: 1550, networkInfo: [type: WIFI[], state: CONNECTED/CONNECTED, reason: (unspecified), extra: (none), failover: false, available: true, roaming: false]
2019-07-08 13:04:06.517 1550-2132/? D/WIFI_UT:   my score=2147483647, my filter=[ Transports: WIFI Capabilities: NOT_METERED&INTERNET&NOT_RESTRICTED&TRUSTED&NOT_VPN&NOT_ROAMING&NOT_CONGESTED Unwanted:  LinkUpBandwidth>=1048576Kbps LinkDnBandwidth>=1048576Kbps]
2019-07-08 13:04:06.517 1550-2132/? D/WIFI_UT: evalRequest
2019-07-08 13:04:06.517 1550-2138/? D/ConnectivityService: filterNetworkStateForUid() uid: 10085, pid: 1550
2019-07-08 13:04:06.517 1550-2132/? D/WIFI_UT:   done
2019-07-08 13:04:06.517 1550-2132/? D/WIFI: new score 60 for exisiting request NetworkRequest [ TRACK_DEFAULT id=8, [ Capabilities: INTERNET&NOT_RESTRICTED&TRUSTED Unwanted:  Uid: 1000] ]
2019-07-08 13:04:06.517 1550-2132/? D/WIFI:   my score=60, my filter=[ Transports: WIFI Capabilities: NOT_METERED&INTERNET&NOT_RESTRICTED&TRUSTED&NOT_VPN&NOT_ROAMING&NOT_CONGESTED Unwanted:  LinkUpBandwidth>=1048576Kbps LinkDnBandwidth>=1048576Kbps]
2019-07-08 13:04:06.517 1550-2132/? D/WIFI: evalRequest
2019-07-08 13:04:06.517 1550-2138/? D/ConnectivityService: filterNetworkStateForUid() uid: 10085, pid: 1550, networkInfo: [type: WIFI[], state: CONNECTED/CONNECTED, reason: (unspecified), extra: (none), failover: false, available: true, roaming: false]
2019-07-08 13:04:06.517 1550-2132/? D/WIFI:   done
2019-07-08 13:04:06.517 1550-2132/? D/WIFI_UT: new score 60 for exisiting request NetworkRequest [ TRACK_DEFAULT id=11, [ Capabilities: INTERNET&NOT_RESTRICTED&TRUSTED Unwanted:  Uid: 10045] ]
2019-07-08 13:04:06.517 1550-2138/? D/ConnectivityService: filterNetworkStateForUid() uid: 1000, pid: 1550
2019-07-08 13:04:06.517 1550-2132/? D/WIFI_UT:   my score=2147483647, my filter=[ Transports: WIFI Capabilities: NOT_METERED&INTERNET&NOT_RESTRICTED&TRUSTED&NOT_VPN&NOT_ROAMING&NOT_CONGESTED Unwanted:  LinkUpBandwidth>=1048576Kbps LinkDnBandwidth>=1048576Kbps]
2019-07-08 13:04:06.519 1550-2138/? D/ConnectivityService: filterNetworkStateForUid() uid: 10032, pid: 1550
2019-07-08 13:04:06.519 1550-2132/? D/WIFI_UT:   my score=2147483647, my filter=[ Transports: WIFI Capabilities: NOT_METERED&INTERNET&NOT_RESTRICTED&TRUSTED&NOT_VPN&NOT_ROAMING&NOT_CONGESTED Unwanted:  LinkUpBandwidth>=1048576Kbps LinkDnBandwidth>=1048576Kbps]
2019-07-08 13:04:06.519 1550-2132/? D/WIFI_UT: evalRequest
2019-07-08 13:04:06.519 1550-2132/? D/WIFI_UT:   done
2019-07-08 13:04:06.519 1550-2138/? D/ConnectivityService: filterNetworkStateForUid() uid: 10032, pid: 1550, networkInfo: [type: WIFI[], state: CONNECTED/CONNECTED, reason: (unspecified), extra: (none), failover: false, available: true, roaming: false]
2019-07-08 13:04:06.519 1550-2132/? D/WIFI: new score 60 for exisiting request NetworkRequest [ TRACK_DEFAULT id=937, [ Capabilities: INTERNET&NOT_RESTRICTED&TRUSTED Unwanted:  Uid: 10123] ]
2019-07-08 13:04:06.519 1550-2138/? D/ConnectivityService: filterNetworkStateForUid() uid: 10085, pid: 1550
2019-07-08 13:04:06.519 1550-2132/? D/WIFI:   my score=60, my filter=[ Transports: WIFI Capabilities: NOT_METERED&INTERNET&NOT_RESTRICTED&TRUSTED&NOT_VPN&NOT_ROAMING&NOT_CONGESTED Unwanted:  LinkUpBandwidth>=1048576Kbps LinkDnBandwidth>=1048576Kbps]
2019-07-08 13:04:06.519 1550-2132/? D/WIFI: evalRequest
2019-07-08 13:04:06.519 1550-2132/? D/WIFI:   done
2019-07-08 13:04:06.519 1550-2132/? D/WIFI_UT: new score 60 for exisiting request NetworkRequest [ TRACK_DEFAULT id=980, [ Capabilities: INTERNET&NOT_RESTRICTED&TRUSTED Unwanted:  Uid: 10088] ]
2019-07-08 13:04:06.519 1550-2138/? D/ConnectivityService: filterNetworkStateForUid() uid: 10085, pid: 1550, networkInfo: [type: WIFI[], state: CONNECTED/CONNECTED, reason: (unspecified), extra: (none), failover: false, available: true, roaming: false]
2019-07-08 13:04:06.519 1550-2138/? D/ConnectivityService: filterNetworkStateForUid() uid: 10085, pid: 1550
2019-07-08 13:04:06.519 1043-1185/? D/DnsProxyListener: DNSDBG::dns addrinfo af 2
2019-07-08 13:04:06.519 1550-2138/? D/ConnectivityService: filterNetworkStateForUid() uid: 10085, pid: 1550, networkInfo: [type: WIFI[], state: CONNECTED/CONNECTED, reason: (unspecified), extra: (none), failover: false, available: true, roaming: false]
2019-07-08 13:04:06.519 1550-2138/? D/ConnectivityService: filterNetworkStateForUid() uid: 10142, pid: 1550
2019-07-08 13:04:06.519 1550-2138/? D/ConnectivityService: filterNetworkStateForUid() uid: 10142, pid: 1550, networkInfo: [type: WIFI[], state: CONNECTED/CONNECTED, reason: (unspecified), extra: (none), failover: false, available: true, roaming: false]
2019-07-08 13:04:06.519 1550-2132/? D/WIFI_UT:   my score=2147483647, my filter=[ Transports: WIFI Capabilities: NOT_METERED&INTERNET&NOT_RESTRICTED&TRUSTED&NOT_VPN&NOT_ROAMING&NOT_CONGESTED Unwanted:  LinkUpBandwidth>=1048576Kbps LinkDnBandwidth>=1048576Kbps]
2019-07-08 13:04:06.520 1550-2132/? D/WIFI_UT: evalRequest
2019-07-08 13:04:06.520 2271-2571/? D/NetworkController.MobileSignalController(0/-2): updateConnectivity: mCurrentState.bluetoothTethered + false
2019-07-08 13:04:06.520 1550-2132/? D/WIFI_UT:   done
2019-07-08 13:04:06.520 1550-2132/? D/WIFI: new score 60 for exisiting request NetworkRequest [ TRACK_DEFAULT id=980, [ Capabilities: INTERNET&NOT_RESTRICTED&TRUSTED Unwanted:  Uid: 10088] ]
2019-07-08 13:04:06.520 1550-2132/? D/WIFI:   my score=60, my filter=[ Transports: WIFI Capabilities: NOT_METERED&INTERNET&NOT_RESTRICTED&TRUSTED&NOT_VPN&NOT_ROAMING&NOT_CONGESTED Unwanted:  LinkUpBandwidth>=1048576Kbps LinkDnBandwidth>=1048576Kbps]
2019-07-08 13:04:06.520 1550-2132/? D/WIFI: evalRequest
2019-07-08 13:04:06.520 1550-2132/? D/WIFI:   done
2019-07-08 13:04:06.520 1550-2132/? D/WIFI_UT: new score 60 for exisiting request NetworkRequest [ TRACK_DEFAULT id=1064, [ Capabilities: INTERNET&NOT_RESTRICTED&TRUSTED Unwanted:  Uid: 10085] ]
2019-07-08 13:04:06.520 1550-2132/? D/WIFI_UT:   my score=2147483647, my filter=[ Transports: WIFI Capabilities: NOT_METERED&INTERNET&NOT_RESTRICTED&TRUSTED&NOT_VPN&NOT_ROAMING&NOT_CONGESTED Unwanted:  LinkUpBandwidth>=1048576Kbps LinkDnBandwidth>=1048576Kbps]
2019-07-08 13:04:06.520 1550-2132/? D/WIFI_UT: evalRequest
2019-07-08 13:04:06.520 1550-2132/? D/WIFI_UT:   done
2019-07-08 13:04:06.520 1550-2132/? D/WIFI: new score 60 for exisiting request NetworkRequest [ TRACK_DEFAULT id=1064, [ Capabilities: INTERNET&NOT_RESTRICTED&TRUSTED Unwanted:  Uid: 10085] ]
2019-07-08 13:04:06.520 1550-2132/? D/WIFI:   my score=60, my filter=[ Transports: WIFI Capabilities: NOT_METERED&INTERNET&NOT_RESTRICTED&TRUSTED&NOT_VPN&NOT_ROAMING&NOT_CONGESTED Unwanted:  LinkUpBandwidth>=1048576Kbps LinkDnBandwidth>=1048576Kbps]
2019-07-08 13:04:06.520 1550-2132/? D/WIFI: evalRequest
2019-07-08 13:04:06.520 1550-2132/? D/WIFI:   done
2019-07-08 13:04:06.520 1550-2132/? D/WIFI_UT: new score 60 for exisiting request NetworkRequest [ TRACK_DEFAULT id=1179, [ Capabilities: INTERNET&NOT_RESTRICTED&TRUSTED Unwanted:  Uid: 10056] ]
2019-07-08 13:04:06.520 1550-2132/? D/WIFI_UT:   my score=2147483647, my filter=[ Transports: WIFI Capabilities: NOT_METERED&INTERNET&NOT_RESTRICTED&TRUSTED&NOT_VPN&NOT_ROAMING&NOT_CONGESTED Unwanted:  LinkUpBandwidth>=1048576Kbps LinkDnBandwidth>=1048576Kbps]
2019-07-08 13:04:06.521 2271-2271/? D/SecStatusBarWifiView: updateState: WifiIconState(resId=2131232629, visible=true, activityId=2131232542)
2019-07-08 13:04:06.521 1550-2189/? D/ConnectivityService:  sending notification for NetworkRequest [ LISTEN id=817, [ Capabilities: INTERNET&NOT_RESTRICTED&TRUSTED Unwanted:  Uid: 10142] ]
2019-07-08 13:04:06.522 1550-2189/? D/ConnectivityService: sending notification CALLBACK_CAP_CHANGED for NetworkRequest [ LISTEN id=817, [ Capabilities: INTERNET&NOT_RESTRICTED&TRUSTED Unwanted:  Uid: 10142] ]
2019-07-08 13:04:06.522 1550-2189/? D/ConnectivityService:  sending notification for NetworkRequest [ LISTEN id=929, [ Transports: WIFI Capabilities: INTERNET&NOT_RESTRICTED&TRUSTED&NOT_VPN Unwanted:  Uid: 10044] ]
2019-07-08 13:04:06.522 1550-2189/? D/ConnectivityService: sending notification CALLBACK_CAP_CHANGED for NetworkRequest [ LISTEN id=929, [ Transports: WIFI Capabilities: INTERNET&NOT_RESTRICTED&TRUSTED&NOT_VPN Unwanted:  Uid: 10044] ]
2019-07-08 13:04:06.522 1550-2233/? D/WifiConnectivityMonitor: DNS resultType : 0, responseTime : 12
2019-07-08 13:04:06.522 1550-2189/? D/ConnectivityService:  sending notification for NetworkRequest [ REQUEST id=930, [ Transports: WIFI Capabilities: INTERNET&NOT_RESTRICTED&TRUSTED&NOT_VPN Unwanted:  Uid: 10044] ]
2019-07-08 13:04:06.522 1550-2189/? D/ConnectivityService: sending notification CALLBACK_CAP_CHANGED for NetworkRequest [ REQUEST id=930, [ Transports: WIFI Capabilities: INTERNET&NOT_RESTRICTED&TRUSTED&NOT_VPN Unwanted:  Uid: 10044] ]
2019-07-08 13:04:06.522 1550-2189/? D/ConnectivityService:  sending notification for NetworkRequest [ TRACK_DEFAULT id=935, [ Capabilities: INTERNET&NOT_RESTRICTED&TRUSTED Unwanted:  Uid: 10123] ]
2019-07-08 13:04:06.522 1550-2189/? D/ConnectivityService: sending notification CALLBACK_CAP_CHANGED for NetworkRequest [ TRACK_DEFAULT id=935, [ Capabilities: INTERNET&NOT_RESTRICTED&TRUSTED Unwanted:  Uid: 10123] ]
2019-07-08 13:04:06.523 1550-2440/? D/ConnectivityService: filterNetworkStateForUid() uid: 10032, pid: 28715
2019-07-08 13:04:06.523 1550-2440/? D/ConnectivityService: filterNetworkStateForUid() uid: 10032, pid: 28715, networkInfo: [type: WIFI[], state: CONNECTED/CONNECTED, reason: (unspecified), extra: (none), failover: false, available: true, roaming: false]
2019-07-08 13:04:06.523 1550-2189/? D/ConnectivityService:  sending notification for NetworkRequest [ LISTEN id=936, [ Capabilities: INTERNET&NOT_RESTRICTED&TRUSTED Unwanted:  Uid: 10123] ]
2019-07-08 13:04:06.523 1550-2465/? D/ConnectivityService: filterNetworkStateForUid() uid: 10142, pid: 7830
2019-07-08 13:04:06.523 1550-2465/? D/ConnectivityService: filterNetworkStateForUid() uid: 10142, pid: 7830, networkInfo: [type: WIFI[], state: CONNECTED/CONNECTED, reason: (unspecified), extra: (none), failover: false, available: true, roaming: false]
2019-07-08 13:04:06.524 1550-2189/? D/ConnectivityService: sending notification CALLBACK_CAP_CHANGED for NetworkRequest [ LISTEN id=936, [ Capabilities: INTERNET&NOT_RESTRICTED&TRUSTED Unwanted:  Uid: 10123] ]
2019-07-08 13:04:06.524 1550-2440/? D/WifiPermissionsUtil: canAccessScanResults: pkgName = com.google.android.gms, uid = 10032
2019-07-08 13:04:06.524 1550-2189/? D/ConnectivityService:  sending notification for NetworkRequest [ TRACK_DEFAULT id=937, [ Capabilities: INTERNET&NOT_RESTRICTED&TRUSTED Unwanted:  Uid: 10123] ]
2019-07-08 13:04:06.524 1550-2189/? D/ConnectivityService: sending notification CALLBACK_CAP_CHANGED for NetworkRequest [ TRACK_DEFAULT id=937, [ Capabilities: INTERNET&NOT_RESTRICTED&TRUSTED Unwanted:  Uid: 10123] ]
2019-07-08 13:04:06.524 1550-2189/? D/ConnectivityService:  sending notification for NetworkRequest [ LISTEN id=938, [ Capabilities: INTERNET&NOT_RESTRICTED&TRUSTED Unwanted:  Uid: 10123] ]
2019-07-08 13:04:06.524 1550-2189/? D/ConnectivityService: sending notification CALLBACK_CAP_CHANGED for NetworkRequest [ LISTEN id=938, [ Capabilities: INTERNET&NOT_RESTRICTED&TRUSTED Unwanted:  Uid: 10123] ]
2019-07-08 13:04:06.524 1550-2189/? D/ConnectivityService:  sending notification for NetworkRequest [ TRACK_DEFAULT id=980, [ Capabilities: INTERNET&NOT_RESTRICTED&TRUSTED Unwanted:  Uid: 10088] ]
2019-07-08 13:04:06.524 1550-2189/? D/ConnectivityService: sending notification CALLBACK_CAP_CHANGED for NetworkRequest [ TRACK_DEFAULT id=980, [ Capabilities: INTERNET&NOT_RESTRICTED&TRUSTED Unwanted:  Uid: 10088] ]
2019-07-08 13:04:06.525 1550-2440/? D/ConnectivityService: filterNetworkStateForUid() uid: 10123, pid: 6678
2019-07-08 13:04:06.525 1550-2189/? D/ConnectivityService:  sending notification for NetworkRequest [ LISTEN id=981, [ Capabilities: INTERNET&NOT_RESTRICTED&TRUSTED Unwanted:  Uid: 10088] ]
2019-07-08 13:04:06.525 1550-2440/? D/ConnectivityService: filterNetworkStateForUid() uid: 10123, pid: 6678, networkInfo: [type: WIFI[], state: CONNECTED/CONNECTED, reason: (unspecified), extra: (none), failover: false, available: true, roaming: false]
2019-07-08 13:04:06.525 2528-3226/? E/Telephony: PhoneInterfaceManager: [PhoneIntfMgr] getIccId: No UICC
2019-07-08 13:04:06.525 1550-2138/? D/ConnectivityService: filterNetworkStateForUid() uid: 10085, pid: 1550
2019-07-08 13:04:06.525 1550-2138/? D/ConnectivityService: filterNetworkStateForUid() uid: 10085, pid: 1550, networkInfo: [type: WIFI[], state: CONNECTED/CONNECTED, reason: (unspecified), extra: (none), failover: false, available: true, roaming: false]
2019-07-08 13:04:06.526 1550-2138/? D/ConnectivityService: filterNetworkStateForUid() uid: 10170, pid: 1550
2019-07-08 13:04:06.526 1550-2138/? D/ConnectivityService: filterNetworkStateForUid() uid: 10170, pid: 1550, networkInfo: [type: WIFI[], state: CONNECTED/CONNECTED, reason: (unspecified), extra: (none), failover: false, available: true, roaming: false]
2019-07-08 13:04:06.526 1550-2138/? D/ConnectivityService: filterNetworkStateForUid() uid: 10085, pid: 1550
2019-07-08 13:04:06.526 1550-2138/? D/ConnectivityService: filterNetworkStateForUid() uid: 10085, pid: 1550, networkInfo: [type: WIFI[], state: CONNECTED/CONNECTED, reason: (unspecified), extra: (none), failover: false, available: true, roaming: false]
2019-07-08 13:04:06.526 1550-2138/? D/ConnectivityService: filterNetworkStateForUid() uid: 10224, pid: 1550
2019-07-08 13:04:06.526 1550-2138/? D/ConnectivityService: filterNetworkStateForUid() uid: 10224, pid: 1550, networkInfo: [type: WIFI[], state: CONNECTED/CONNECTED, reason: (unspecified), extra: (none), failover: false, available: true, roaming: false]
2019-07-08 13:04:06.526 1550-2138/? D/ConnectivityService: filterNetworkStateForUid() uid: 10085, pid: 1550
2019-07-08 13:04:06.526 1550-2138/? D/ConnectivityService: filterNetworkStateForUid() uid: 10085, pid: 1550, networkInfo: [type: WIFI[], state: CONNECTED/CONNECTED, reason: (unspecified), extra: (none), failover: false, available: true, roaming: false]
2019-07-08 13:04:06.526 1550-2465/? D/SamsungAlarmManager: Cancel Alarm calling from uid:10032 pid :28702 / op:PendingIntent{e459156: PendingIntentRecord{26c4e1b com.google.android.gms broadcastIntent}}
2019-07-08 13:04:06.526 1550-2138/? D/ConnectivityService: filterNetworkStateForUid() uid: 10064, pid: 1550
2019-07-08 13:04:06.526 1550-2138/? D/ConnectivityService: filterNetworkStateForUid() uid: 10064, pid: 1550, networkInfo: [type: WIFI[], state: CONNECTED/CONNECTED, reason: (unspecified), extra: (none), failover: false, available: true, roaming: false]
2019-07-08 13:04:06.526 1550-2138/? D/ConnectivityService: filterNetworkStateForUid() uid: 10056, pid: 1550
2019-07-08 13:04:06.526 1550-2138/? D/ConnectivityService: filterNetworkStateForUid() uid: 10056, pid: 1550, networkInfo: [type: WIFI[], state: CONNECTED/CONNECTED, reason: (unspecified), extra: (none), failover: false, available: true, roaming: false]
2019-07-08 13:04:06.526 1550-2138/? D/ConnectivityService: filterNetworkStateForUid() uid: 10032, pid: 1550
2019-07-08 13:04:06.527 1550-2138/? D/ConnectivityService: filterNetworkStateForUid() uid: 10032, pid: 1550, networkInfo: [type: WIFI[], state: CONNECTED/CONNECTED, reason: (unspecified), extra: (none), failover: false, available: true, roaming: false]
2019-07-08 13:04:06.527 1550-2138/? D/ConnectivityService: filterNetworkStateForUid() uid: 10032, pid: 1550
2019-07-08 13:04:06.527 1550-2138/? D/ConnectivityService: filterNetworkStateForUid() uid: 10032, pid: 1550, networkInfo: [type: WIFI[], state: CONNECTED/CONNECTED, reason: (unspecified), extra: (none), failover: false, available: true, roaming: false]
2019-07-08 13:04:06.527 1550-2138/? D/ConnectivityService: filterNetworkStateForUid() uid: 10032, pid: 1550
2019-07-08 13:04:06.527 1550-2138/? D/ConnectivityService: filterNetworkStateForUid() uid: 10032, pid: 1550, networkInfo: [type: WIFI[], state: CONNECTED/CONNECTED, reason: (unspecified), extra: (none), failover: false, available: true, roaming: false]
2019-07-08 13:04:06.527 1550-2138/? D/ConnectivityService: filterNetworkStateForUid() uid: 10032, pid: 1550
2019-07-08 13:04:06.527 1550-2138/? D/ConnectivityService: filterNetworkStateForUid() uid: 10032, pid: 1550, networkInfo: [type: WIFI[], state: CONNECTED/CONNECTED, reason: (unspecified), extra: (none), failover: false, available: true, roaming: false]
2019-07-08 13:04:06.525 1550-2189/? D/ConnectivityService: sending notification CALLBACK_CAP_CHANGED for NetworkRequest [ LISTEN id=981, [ Capabilities: INTERNET&NOT_RESTRICTED&TRUSTED Unwanted:  Uid: 10088] ]
2019-07-08 13:04:06.527 1550-2440/? D/ConnectivityService: filterNetworkStateForUid() uid: 10123, pid: 6678
2019-07-08 13:04:06.527 1550-2440/? D/ConnectivityService: filterNetworkStateForUid() uid: 10123, pid: 6678, networkInfo: [type: WIFI[], state: CONNECTED/CONNECTED, reason: (unspecified), extra: (none), failover: false, available: true, roaming: false]
2019-07-08 13:04:06.528 1550-2189/? D/ConnectivityService:  sending notification for NetworkRequest [ TRACK_DEFAULT id=1064, [ Capabilities: INTERNET&NOT_RESTRICTED&TRUSTED Unwanted:  Uid: 10085] ]
2019-07-08 13:04:06.528 1550-2465/? I/SamsungAlarmManager: setLocked to kernel - T:2 / 20190708T130413, SetElapsed=2093697936, nowELAPSED=2093691052
2019-07-08 13:04:06.528 1550-2189/? D/ConnectivityService: sending notification CALLBACK_CAP_CHANGED for NetworkRequest [ TRACK_DEFAULT id=1064, [ Capabilities: INTERNET&NOT_RESTRICTED&TRUSTED Unwanted:  Uid: 10085] ]
2019-07-08 13:04:06.529 1550-2189/? D/ConnectivityService:  sending notification for NetworkRequest [ LISTEN id=1065, [ Capabilities: INTERNET&NOT_RESTRICTED&TRUSTED Unwanted:  Uid: 10085] ]
2019-07-08 13:04:06.529 1550-2189/? D/ConnectivityService: sending notification CALLBACK_CAP_CHANGED for NetworkRequest [ LISTEN id=1065, [ Capabilities: INTERNET&NOT_RESTRICTED&TRUSTED Unwanted:  Uid: 10085] ]
2019-07-08 13:04:06.529 1550-2189/? D/ConnectivityService:  sending notification for NetworkRequest [ TRACK_DEFAULT id=1179, [ Capabilities: INTERNET&NOT_RESTRICTED&TRUSTED Unwanted:  Uid: 10056] ]
2019-07-08 13:04:06.529 1550-2189/? D/ConnectivityService: sending notification CALLBACK_CAP_CHANGED for NetworkRequest [ TRACK_DEFAULT id=1179, [ Capabilities: INTERNET&NOT_RESTRICTED&TRUSTED Unwanted:  Uid: 10056] ]
2019-07-08 13:04:06.529 1550-2189/? D/ConnectivityService:  sending notification for NetworkRequest [ LISTEN id=1180, [ Capabilities: INTERNET&NOT_RESTRICTED&TRUSTED Unwanted:  Uid: 10056] ]
2019-07-08 13:04:06.529 1550-2189/? D/ConnectivityService: sending notification CALLBACK_CAP_CHANGED for NetworkRequest [ LISTEN id=1180, [ Capabilities: INTERNET&NOT_RESTRICTED&TRUSTED Unwanted:  Uid: 10056] ]
2019-07-08 13:04:06.529 1550-2189/? D/ConnectivityService:  sending notification for NetworkRequest [ LISTEN id=1189, [ Capabilities: INTERNET&NOT_RESTRICTED&TRUSTED&NOT_VPN Unwanted:  Uid: 10102] ]
2019-07-08 13:04:06.530 1550-2189/? D/ConnectivityService: sending notification CALLBACK_CAP_CHANGED for NetworkRequest [ LISTEN id=1189, [ Capabilities: INTERNET&NOT_RESTRICTED&TRUSTED&NOT_VPN Unwanted:  Uid: 10102] ]
2019-07-08 13:04:06.530 1550-2189/? D/ConnectivityService:  sending notification for NetworkRequest [ LISTEN id=1203, [ Transports: CELLULAR|WIFI Capabilities: NOT_RESTRICTED&TRUSTED&NOT_VPN Unwanted:  Uid: 5009] ]
2019-07-08 13:04:06.530 1550-2189/? D/ConnectivityService: sending notification CALLBACK_CAP_CHANGED for NetworkRequest [ LISTEN id=1203, [ Transports: CELLULAR|WIFI Capabilities: NOT_RESTRICTED&TRUSTED&NOT_VPN Unwanted:  Uid: 5009] ]
2019-07-08 13:04:06.530 1550-2189/? D/ConnectivityService:  sending notification for NetworkRequest [ TRACK_DEFAULT id=1214, [ Capabilities: INTERNET&NOT_RESTRICTED&TRUSTED Unwanted:  Uid: 10373] ]
2019-07-08 13:04:06.530 1550-2189/? D/ConnectivityService: sending notification CALLBACK_CAP_CHANGED for NetworkRequest [ TRACK_DEFAULT id=1214, [ Capabilities: INTERNET&NOT_RESTRICTED&TRUSTED Unwanted:  Uid: 10373] ]
2019-07-08 13:04:06.530 1550-2189/? D/ConnectivityService:  sending notification for NetworkRequest [ LISTEN id=1215, [ Capabilities: INTERNET&NOT_RESTRICTED&TRUSTED&NOT_VPN Unwanted:  Uid: 10102] ]
2019-07-08 13:04:06.530 1550-2189/? D/ConnectivityService: sending notification CALLBACK_AVAILABLE for NetworkRequest [ LISTEN id=9, [ Capabilities: INTERNET&NOT_RESTRICTED&TRUSTED&VALIDATED Unwanted:  Uid: 1000] ]
2019-07-08 13:04:06.531 1550-3527/? D/ConnectivityService: filterNetworkStateForUid() uid: 10142, pid: 7830
2019-07-08 13:04:06.531 1550-2189/? D/ConnectivityService: sendStickyBroadcast: action=android.net.conn.INET_CONDITION_ACTION
2019-07-08 13:04:06.531 1550-3527/? D/ConnectivityService: filterNetworkStateForUid() uid: 10142, pid: 7830, networkInfo: [type: WIFI[], state: CONNECTED/CONNECTED, reason: (unspecified), extra: (none), failover: false, available: true, roaming: false]
2019-07-08 13:04:06.531 1550-6273/? D/ConnectivityService: filterNetworkStateForUid() uid: 10085, pid: 5257
2019-07-08 13:04:06.531 1550-6273/? D/ConnectivityService: filterNetworkStateForUid() uid: 10085, pid: 5257, networkInfo: [type: WIFI[], state: CONNECTED/CONNECTED, reason: (unspecified), extra: (none), failover: false, available: true, roaming: false]
2019-07-08 13:04:06.532 1550-13130/? D/ConnectivityService: filterNetworkStateForUid() uid: 10088, pid: 25554
2019-07-08 13:04:06.532 1550-2138/? D/ConnectivityService: filterNetworkStateForUid() uid: 1000, pid: 1550
2019-07-08 13:04:06.532 1550-13130/? D/ConnectivityService: filterNetworkStateForUid() uid: 10088, pid: 25554, networkInfo: [type: WIFI[], state: CONNECTED/CONNECTED, reason: (unspecified), extra: (none), failover: false, available: true, roaming: false]
2019-07-08 13:04:06.532 1550-2138/? D/ConnectivityService: filterNetworkStateForUid() uid: 1000, pid: 1550, networkInfo: [type: WIFI[], state: CONNECTED/CONNECTED, reason: (unspecified), extra: (none), failover: false, available: true, roaming: false]
2019-07-08 13:04:06.532 1550-8692/? D/ConnectivityService: filterNetworkStateForUid() uid: 10056, pid: 19498
2019-07-08 13:04:06.532 1550-8692/? D/ConnectivityService: filterNetworkStateForUid() uid: 10056, pid: 19498, networkInfo: [type: WIFI[], state: CONNECTED/CONNECTED, reason: (unspecified), extra: (none), failover: false, available: true, roaming: false]
2019-07-08 13:04:06.532 1550-2138/? I/GnssLocationProvider: WakeLock acquired by sendMessage(UPDATE_NETWORK_STATE, 0, 628)
2019-07-08 13:04:06.532 1550-2391/? D/ConnectivityService: filterNetworkStateForUid() uid: 1000, pid: 1550
2019-07-08 13:04:06.532 1550-2391/? D/ConnectivityService: filterNetworkStateForUid() uid: 1000, pid: 1550, networkInfo: [type: WIFI[], state: CONNECTED/CONNECTED, reason: (unspecified), extra: (none), failover: false, available: true, roaming: false]
2019-07-08 13:04:06.535 1550-2440/? D/ConnectivityService: filterNetworkStateForUid() uid: 10123, pid: 6678
2019-07-08 13:04:06.535 1550-2440/? D/ConnectivityService: filterNetworkStateForUid() uid: 10123, pid: 6678, networkInfo: [type: WIFI[], state: CONNECTED/CONNECTED, reason: (unspecified), extra: (none), failover: false, available: true, roaming: false]
2019-07-08 13:04:06.536 2271-2571/? D/NetworkController.WifiSignalController: handleBroadcast : mReceivedReportFromWifiManager = 1
2019-07-08 13:04:06.537 1550-2391/? D/GnssLocationProvider: UpdateNetworkState, type=1, connected=true, info=[type: WIFI[], state: CONNECTED/CONNECTED, reason: (unspecified), extra: (none), failover: false, available: true, roaming: false], capabilities=[ TRANSPORTS: WIFI CAPABILITIES: NOT_METERED&INTERNET&NOT_RESTRICTED&TRUSTED&NOT_VPN&VALIDATED&NOT_ROAMING&FOREGROUND&NOT_CONGESTED&NOT_SUSPENDED UNWANTED:  LINKUPBANDWIDTH>=1048576KBPS LINKDNBANDWIDTH>=1048576KBPS SIGNALSTRENGTH: -53 SSID: "PELOTON-BIKES"], network=628
2019-07-08 13:04:06.537 2271-2271/? I/StackScroller: ADJUST STACK.TRANSLATION
2019-07-08 13:04:06.537 2271-2271/? I/chatty: uid=10045(com.samsung.android.app.aodservice) com.android.systemui identical 1 line
2019-07-08 13:04:06.537 2271-2271/? I/StackScroller: ADJUST STACK.TRANSLATION
2019-07-08 13:04:06.538 2528-3226/? E/Telephony: PhoneInterfaceManager: [PhoneIntfMgr] getIccId: No UICC
2019-07-08 13:04:06.539 1550-2189/? D/ConnectivityService: updateCapabilities: oldCap = [ Transports: WIFI Capabilities: NOT_METERED&INTERNET&NOT_RESTRICTED&TRUSTED&NOT_VPN&VALIDATED&NOT_ROAMING&FOREGROUND&NOT_CONGESTED&NOT_SUSPENDED Unwanted:  LinkUpBandwidth>=1048576Kbps LinkDnBandwidth>=1048576Kbps SignalStrength: -53 SSID: "PELOTON-BIKES"], newCap = [ Transports: WIFI Capabilities: NOT_METERED&INTERNET&NOT_RESTRICTED&TRUSTED&NOT_VPN&NOT_ROAMING&NOT_CONGESTED Unwanted:  LinkUpBandwidth>=1048576Kbps LinkDnBandwidth>=1048576Kbps SignalStrength: -50 SSID: "PELOTON-BIKES"]
2019-07-08 13:04:06.539 1550-2189/? D/ConnectivityService: notifyType CALLBACK_CAP_CHANGED for NetworkAgentInfo [WIFI () - 628]
2019-07-08 13:04:06.539 1550-2189/? D/ConnectivityService:  sending notification for NetworkRequest [ REQUEST id=1, [ Capabilities: INTERNET&NOT_RESTRICTED&TRUSTED&NOT_VPN Unwanted: ] ]
2019-07-08 13:04:06.539 1550-2189/? D/ConnectivityService:  sending notification for NetworkRequest [ LISTEN id=3, [] ]
2019-07-08 13:04:06.539 1550-2189/? D/ConnectivityService: sending notification CALLBACK_CAP_CHANGED for NetworkRequest [ LISTEN id=3, [] ]
2019-07-08 13:04:06.539 1550-2189/? D/ConnectivityService:  sending notification for NetworkRequest [ LISTEN id=6, [ Transports: WIFI Capabilities: INTERNET&NOT_RESTRICTED&TRUSTED&NOT_VPN Unwanted: ] ]
2019-07-08 13:04:06.539 1550-2189/? D/ConnectivityService: sending notification CALLBACK_CAP_CHANGED for NetworkRequest [ LISTEN id=6, [ Transports: WIFI Capabilities: INTERNET&NOT_RESTRICTED&TRUSTED&NOT_VPN Unwanted: ] ]
2019-07-08 13:04:06.539 1550-2189/? D/ConnectivityService:  sending notification for NetworkRequest [ LISTEN id=7, [ Capabilities: NOT_RESTRICTED&TRUSTED&NOT_VPN Unwanted:  Uid: 1000] ]
2019-07-08 13:04:06.539 1550-2189/? D/ConnectivityService: sending notification CALLBACK_CAP_CHANGED for NetworkRequest [ LISTEN id=7, [ Capabilities: NOT_RESTRICTED&TRUSTED&NOT_VPN Unwanted:  Uid: 1000] ]
2019-07-08 13:04:06.539 1550-2189/? D/ConnectivityService:  sending notification for NetworkRequest [ TRACK_DEFAULT id=8, [ Capabilities: INTERNET&NOT_RESTRICTED&TRUSTED Unwanted:  Uid: 1000] ]
2019-07-08 13:04:06.539 1550-2189/? D/ConnectivityService: sending notification CALLBACK_CAP_CHANGED for NetworkRequest [ TRACK_DEFAULT id=8, [ Capabilities: INTERNET&NOT_RESTRICTED&TRUSTED Unwanted:  Uid: 1000] ]
2019-07-08 13:04:06.540 1550-2189/? D/ConnectivityService:  sending notification for NetworkRequest [ LISTEN id=9, [ Capabilities: INTERNET&NOT_RESTRICTED&TRUSTED&VALIDATED Unwanted:  Uid: 1000] ]
2019-07-08 13:04:06.540 1550-2189/? D/ConnectivityService: sending notification CALLBACK_CAP_CHANGED for NetworkRequest [ LISTEN id=9, [ Capabilities: INTERNET&NOT_RESTRICTED&TRUSTED&VALIDATED Unwanted:  Uid: 1000] ]
2019-07-08 13:04:06.540 1550-2189/? D/ConnectivityService:  sending notification for NetworkRequest [ LISTEN id=10, [ Transports: WIFI Capabilities: NOT_VPN Unwanted: ] ]
2019-07-08 13:04:06.540 1550-2189/? D/ConnectivityService: sending notification CALLBACK_CAP_CHANGED for NetworkRequest [ LISTEN id=10, [ Transports: WIFI Capabilities: NOT_VPN Unwanted: ] ]
2019-07-08 13:04:06.540 1550-2232/? D/ConnectivityService: filterNetworkStateForUid() uid: 1000, pid: 1550
2019-07-08 13:04:06.540 1550-2232/? D/ConnectivityService: filterNetworkStateForUid() uid: 1000, pid: 1550, networkInfo: [type: WIFI[], state: CONNECTED/CONNECTED, reason: (unspecified), extra: (none), failover: false, available: true, roaming: false]
2019-07-08 13:04:06.540 1550-2189/? D/ConnectivityService:  sending notification for NetworkRequest [ TRACK_DEFAULT id=11, [ Capabilities: INTERNET&NOT_RESTRICTED&TRUSTED Unwanted:  Uid: 10045] ]
2019-07-08 13:04:06.540 1550-2232/? D/ConnectivityService: filterNetworkStateForUid() uid: 1000, pid: 1550
2019-07-08 13:04:06.540 1550-2232/? D/ConnectivityService: filterNetworkStateForUid() uid: 1000, pid: 1550, networkInfo: [type: WIFI[], state: CONNECTED/CONNECTED, reason: (unspecified), extra: (none), failover: false, available: true, roaming: false]
2019-07-08 13:04:06.540 1550-2232/? D/WifiConnectivityMonitor: NETWORK_STATUS_VALID : 1
2019-07-08 13:04:06.540 1550-2232/? D/WifiConnectivityMonitor: Send initial result to System UI - Valid
2019-07-08 13:04:06.540 1550-2189/? D/ConnectivityService: sending notification CALLBACK_CAP_CHANGED for NetworkRequest [ TRACK_DEFAULT id=11, [ Capabilities: INTERNET&NOT_RESTRICTED&TRUSTED Unwanted:  Uid: 10045] ]
2019-07-08 13:04:06.540 1550-6273/? D/ConnectivityService: filterNetworkStateForUid() uid: 10088, pid: 25554
2019-07-08 13:04:06.540 2499-2797/? D/AECLog: AECModule: handleMessage: HANDLE_ENTITLEMENT_CONNECTIVITY_CHANGE
2019-07-08 13:04:06.540 1550-2189/? D/ConnectivityService:  sending notification for NetworkRequest [ LISTEN id=12, [ Transports: WIFI Capabilities: INTERNET&NOT_RESTRICTED&TRUSTED&NOT_VPN Unwanted:  Uid: 1000] ]
2019-07-08 13:04:06.540 1550-6273/? D/ConnectivityService: filterNetworkStateForUid() uid: 10088, pid: 25554, networkInfo: [type: WIFI[], state: CONNECTED/CONNECTED, reason: (unspecified), extra: (none), failover: false, available: true, roaming: false]
2019-07-08 13:04:06.540 1550-2189/? D/ConnectivityService: sending notification CALLBACK_CAP_CHANGED for NetworkRequest [ LISTEN id=12, [ Transports: WIFI Capabilities: INTERNET&NOT_RESTRICTED&TRUSTED&NOT_VPN Unwanted:  Uid: 1000] ]
2019-07-08 13:04:06.541 1550-1550/? D/ConnectivityService: filterNetworkStateForUid() uid: 1000, pid: 1550
2019-07-08 13:04:06.541 1550-2189/? D/ConnectivityService:  sending notification for NetworkRequest [ LISTEN id=13, [ Transports: WIFI Capabilities: INTERNET&NOT_RESTRICTED&TRUSTED&NOT_VPN Unwanted:  Uid: 1000] ]
2019-07-08 13:04:06.541 1550-1550/? D/ConnectivityService: filterNetworkStateForUid() uid: 1000, pid: 1550, networkInfo: [type: WIFI[], state: CONNECTED/CONNECTED, reason: (unspecified), extra: (none), failover: false, available: true, roaming: false]
2019-07-08 13:04:06.541 1550-2189/? D/ConnectivityService: sending notification CALLBACK_CAP_CHANGED for NetworkRequest [ LISTEN id=13, [ Transports: WIFI Capabilities: INTERNET&NOT_RESTRICTED&TRUSTED&NOT_VPN Unwanted:  Uid: 1000] ]
2019-07-08 13:04:06.541 1550-2189/? D/ConnectivityService:  sending notification for NetworkRequest [ LISTEN id=14, [] ]
2019-07-08 13:04:06.541 1550-2189/? D/ConnectivityService: sending notification CALLBACK_CAP_CHANGED for NetworkRequest [ LISTEN id=14, [] ]
2019-07-08 13:04:06.541 1550-2189/? D/ConnectivityService:  sending notification for NetworkRequest [ TRACK_DEFAULT id=42, [ Capabilities: INTERNET&NOT_RESTRICTED&TRUSTED Unwanted:  Uid: 1000] ]
2019-07-08 13:04:06.541 1550-2189/? D/ConnectivityService: sending notification CALLBACK_CAP_CHANGED for NetworkRequest [ TRACK_DEFAULT id=42, [ Capabilities: INTERNET&NOT_RESTRICTED&TRUSTED Unwanted:  Uid: 1000] ]
2019-07-08 13:04:06.541 1550-2189/? D/ConnectivityService:  sending notification for NetworkRequest [ TRACK_DEFAULT id=610, [ Capabilities: INTERNET&NOT_RESTRICTED&TRUSTED Unwanted:  Uid: 10032] ]
2019-07-08 13:04:06.541 1550-2189/? D/ConnectivityService: sending notification CALLBACK_CAP_CHANGED for NetworkRequest [ TRACK_DEFAULT id=610, [ Capabilities: INTERNET&NOT_RESTRICTED&TRUSTED Unwanted:  Uid: 10032] ]
2019-07-08 13:04:06.541 1550-2189/? D/ConnectivityService:  sending notification for NetworkRequest [ LISTEN id=611, [ Capabilities: INTERNET&NOT_RESTRICTED&TRUSTED Unwanted:  Uid: 10032] ]
2019-07-08 13:04:06.541 1550-2189/? D/ConnectivityService: sending notification CALLBACK_CAP_CHANGED for NetworkRequest [ LISTEN id=611, [ Capabilities: INTERNET&NOT_RESTRICTED&TRUSTED Unwanted:  Uid: 10032] ]
2019-07-08 13:04:06.542 1550-2189/? D/ConnectivityService:  sending notification for NetworkRequest [ LISTEN id=676, [ Capabilities: INTERNET&NOT_RESTRICTED&TRUSTED&NOT_VPN Unwanted:  Uid: 10032] ]
2019-07-08 13:04:06.542 1550-2189/? D/ConnectivityService: sending notification CALLBACK_CAP_CHANGED for NetworkRequest [ LISTEN id=676, [ Capabilities: INTERNET&NOT_RESTRICTED&TRUSTED&NOT_VPN Unwanted:  Uid: 10032] ]
2019-07-08 13:04:06.542 1550-2189/? D/ConnectivityService:  sending notification for NetworkRequest [ TRACK_DEFAULT id=816, [ Capabilities: INTERNET&NOT_RESTRICTED&TRUSTED Unwanted:  Uid: 10142] ]
2019-07-08 13:04:06.542 1550-2189/? D/ConnectivityService: sending notification CALLBACK_CAP_CHANGED for NetworkRequest [ TRACK_DEFAULT id=816, [ Capabilities: INTERNET&NOT_RESTRICTED&TRUSTED Unwanted:  Uid: 10142] ]
2019-07-08 13:04:06.542 1550-2189/? D/ConnectivityService:  sending notification for NetworkRequest [ LISTEN id=817, [ Capabilities: INTERNET&NOT_RESTRICTED&TRUSTED Unwanted:  Uid: 10142] ]
2019-07-08 13:04:06.543 1550-14245/? D/SamsungAlarmManager: setExact Intent (T:2/F:5/AC:false) 20190708T130756 - CU:10032/CP:28702
2019-07-08 13:04:06.543 1550-14245/? I/SamsungAlarmManager: setLocked to kernel - T:2 / 20190708T130413, SetElapsed=2093697936, nowELAPSED=2093691066
2019-07-08 13:04:06.543 2271-2271/? D/SecStatusBarWifiView: updateState: WifiIconState(resId=2131232657, visible=true, activityId=2131232542)
2019-07-08 13:04:06.543 1550-2138/? D/ConnectivityService: filterNetworkStateForUid() uid: 10085, pid: 1550
2019-07-08 13:04:06.544 1550-6273/? D/ConnectivityService: filterNetworkStateForUid() uid: 10032, pid: 28715
2019-07-08 13:04:06.544 1550-6273/? D/ConnectivityService: filterNetworkStateForUid() uid: 10032, pid: 28715, networkInfo: [type: WIFI[], state: CONNECTED/CONNECTED, reason: (unspecified), extra: (none), failover: false, available: true, roaming: false]
2019-07-08 13:04:06.545 1550-2138/? D/ConnectivityService: filterNetworkStateForUid() uid: 10085, pid: 1550, networkInfo: [type: WIFI[], state: CONNECTED/CONNECTED, reason: (unspecified), extra: (none), failover: false, available: true, roaming: false]
2019-07-08 13:04:06.545 1550-2138/? D/ConnectivityService: filterNetworkStateForUid() uid: 5017, pid: 1550
2019-07-08 13:04:06.545 1550-2138/? D/ConnectivityService: filterNetworkStateForUid() uid: 5017, pid: 1550, networkInfo: [type: WIFI[], state: CONNECTED/CONNECTED, reason: (unspecified), extra: (none), failover: false, available: true, roaming: false]
2019-07-08 13:04:06.545 1550-2138/? D/ConnectivityService: filterNetworkStateForUid() uid: 10085, pid: 1550
2019-07-08 13:04:06.545 2528-2936/? I/TelephonyProvider: D/TelephonyProvider: query: match = 5
2019-07-08 13:04:06.545 2528-2936/? I/TelephonyProvider: D/TelephonyProvider: getPreferredApnIdFromApn: for subId -2
2019-07-08 13:04:06.546 1550-2138/? D/ConnectivityService: filterNetworkStateForUid() uid: 10085, pid: 1550, networkInfo: [type: WIFI[], state: CONNECTED/CONNECTED, reason: (unspecified), extra: (none), failover: false, available: true, roaming: false]
2019-07-08 13:04:06.546 1550-2138/? D/ConnectivityService: filterNetworkStateForUid() uid: 10029, pid: 1550
2019-07-08 13:04:06.546 1550-2138/? D/ConnectivityService: filterNetworkStateForUid() uid: 10029, pid: 1550, networkInfo: [type: WIFI[], state: CONNECTED/CONNECTED, reason: (unspecified), extra: (none), failover: false, available: true, roaming: false]
2019-07-08 13:04:06.546 1550-2138/? D/ConnectivityService: filterNetworkStateForUid() uid: 10208, pid: 1550
2019-07-08 13:04:06.546 1550-2138/? D/ConnectivityService: filterNetworkStateForUid() uid: 10208, pid: 1550, networkInfo: [type: WIFI[], state: CONNECTED/CONNECTED, reason: (unspecified), extra: (none), failover: false, available: true, roaming: false]
2019-07-08 13:04:06.546 1550-2138/? D/ConnectivityService: filterNetworkStateForUid() uid: 10032, pid: 1550
2019-07-08 13:04:06.546 1550-2138/? D/ConnectivityService: filterNetworkStateForUid() uid: 10032, pid: 1550, networkInfo: [type: WIFI[], state: CONNECTED/CONNECTED, reason: (unspecified), extra: (none), failover: false, available: true, roaming: false]
2019-07-08 13:04:06.546 1550-2138/? D/ConnectivityService: filterNetworkStateForUid() uid: 10085, pid: 1550
2019-07-08 13:04:06.546 1550-2138/? D/ConnectivityService: filterNetworkStateForUid() uid: 10085, pid: 1550, networkInfo: [type: WIFI[], state: CONNECTED/CONNECTED, reason: (unspecified), extra: (none), failover: false, available: true, roaming: false]
2019-07-08 13:04:06.541 2271-2571/? D/NetworkController.MobileSignalController(0/-2): updateConnectivity: mCurrentState.bluetoothTethered + false
2019-07-08 13:04:06.547 1550-2138/? D/ConnectivityService: filterNetworkStateForUid() uid: 10085, pid: 1550
2019-07-08 13:04:06.547 2271-2571/? D/NetworkController.WifiSignalController: ACTION_WIFI_CONNECTIVITY_REPORT received : inetCondition = 1
2019-07-08 13:04:06.547 1550-2138/? D/ConnectivityService: filterNetworkStateForUid() uid: 10085, pid: 1550, networkInfo: [type: WIFI[], state: CONNECTED/CONNECTED, reason: (unspecified), extra: (none), failover: false, available: true, roaming: false]
2019-07-08 13:04:06.547 1550-2138/? D/ConnectivityService: filterNetworkStateForUid() uid: 10085, pid: 1550
2019-07-08 13:04:06.547 1550-2138/? D/ConnectivityService: filterNetworkStateForUid() uid: 10085, pid: 1550, networkInfo: [type: WIFI[], state: CONNECTED/CONNECTED, reason: (unspecified), extra: (none), failover: false, available: true, roaming: false]
2019-07-08 13:04:06.547 1550-2138/? D/ConnectivityService: filterNetworkStateForUid() uid: 10223, pid: 1550
2019-07-08 13:04:06.547 1550-2138/? D/ConnectivityService: filterNetworkStateForUid() uid: 10223, pid: 1550, networkInfo: [type: WIFI[], state: CONNECTED/CONNECTED, reason: (unspecified), extra: (none), failover: false, available: true, roaming: false]
2019-07-08 13:04:06.547 1550-2138/? D/ConnectivityService: filterNetworkStateForUid() uid: 10032, pid: 1550
2019-07-08 13:04:06.547 1550-2189/? D/ConnectivityService: sending notification CALLBACK_CAP_CHANGED for NetworkRequest [ LISTEN id=817, [ Capabilities: INTERNET&NOT_RESTRICTED&TRUSTED Unwanted:  Uid: 10142] ]
2019-07-08 13:04:06.547 1550-2138/? D/ConnectivityService: filterNetworkStateForUid() uid: 10032, pid: 1550, networkInfo: [type: WIFI[], state: CONNECTED/CONNECTED, reason: (unspecified), extra: (none), failover: false, available: true, roaming: false]
2019-07-08 13:04:06.547 1550-2138/? D/ConnectivityService: filterNetworkStateForUid() uid: 10223, pid: 1550
2019-07-08 13:04:06.548 1550-2138/? D/ConnectivityService: filterNetworkStateForUid() uid: 10223, pid: 1550, networkInfo: [type: WIFI[], state: CONNECTED/CONNECTED, reason: (unspecified), extra: (none), failover: false, available: true, roaming: false]
2019-07-08 13:04:06.548 1550-2189/? D/ConnectivityService:  sending notification for NetworkRequest [ LISTEN id=929, [ Transports: WIFI Capabilities: INTERNET&NOT_RESTRICTED&TRUSTED&NOT_VPN Unwanted:  Uid: 10044] ]
2019-07-08 13:04:06.548 1550-2138/? D/ConnectivityService: filterNetworkStateForUid() uid: 5017, pid: 1550
2019-07-08 13:04:06.548 1550-2138/? D/ConnectivityService: filterNetworkStateForUid() uid: 5017, pid: 1550, networkInfo: [type: WIFI[], state: CONNECTED/CONNECTED, reason: (unspecified), extra: (none), failover: false, available: true, roaming: false]
2019-07-08 13:04:06.548 1550-2189/? D/ConnectivityService: sending notification CALLBACK_CAP_CHANGED for NetworkRequest [ LISTEN id=929, [ Transports: WIFI Capabilities: INTERNET&NOT_RESTRICTED&TRUSTED&NOT_VPN Unwanted:  Uid: 10044] ]
2019-07-08 13:04:06.548 1550-2138/? D/ConnectivityService: filterNetworkStateForUid() uid: 10085, pid: 1550
2019-07-08 13:04:06.548 1550-2138/? D/ConnectivityService: filterNetworkStateForUid() uid: 10085, pid: 1550, networkInfo: [type: WIFI[], state: CONNECTED/CONNECTED, reason: (unspecified), extra: (none), failover: false, available: true, roaming: false]
2019-07-08 13:04:06.548 1550-2189/? D/ConnectivityService:  sending notification for NetworkRequest [ REQUEST id=930, [ Transports: WIFI Capabilities: INTERNET&NOT_RESTRICTED&TRUSTED&NOT_VPN Unwanted:  Uid: 10044] ]
2019-07-08 13:04:06.548 1550-2138/? D/ConnectivityService: filterNetworkStateForUid() uid: 10141, pid: 1550
2019-07-08 13:04:06.548 1550-2189/? D/ConnectivityService: sending notification CALLBACK_CAP_CHANGED for NetworkRequest [ REQUEST id=930, [ Transports: WIFI Capabilities: INTERNET&NOT_RESTRICTED&TRUSTED&NOT_VPN Unwanted:  Uid: 10044] ]
2019-07-08 13:04:06.548 1550-2138/? D/ConnectivityService: filterNetworkStateForUid() uid: 10141, pid: 1550, networkInfo: [type: WIFI[], state: CONNECTED/CONNECTED, reason: (unspecified), extra: (none), failover: false, available: true, roaming: false]
2019-07-08 13:04:06.548 1550-2189/? D/ConnectivityService:  sending notification for NetworkRequest [ TRACK_DEFAULT id=935, [ Capabilities: INTERNET&NOT_RESTRICTED&TRUSTED Unwanted:  Uid: 10123] ]
2019-07-08 13:04:06.548 1550-2138/? D/ConnectivityService: filterNetworkStateForUid() uid: 10222, pid: 1550
2019-07-08 13:04:06.548 1550-2189/? D/ConnectivityService: sending notification CALLBACK_CAP_CHANGED for NetworkRequest [ TRACK_DEFAULT id=935, [ Capabilities: INTERNET&NOT_RESTRICTED&TRUSTED Unwanted:  Uid: 10123] ]
2019-07-08 13:04:06.548 1550-2138/? D/ConnectivityService: filterNetworkStateForUid() uid: 10222, pid: 1550, networkInfo: [type: WIFI[], state: CONNECTED/CONNECTED, reason: (unspecified), extra: (none), failover: false, available: true, roaming: false]
2019-07-08 13:04:06.548 1550-2138/? D/ConnectivityService: filterNetworkStateForUid() uid: 10029, pid: 1550
2019-07-08 13:04:06.548 1550-2189/? D/ConnectivityService:  sending notification for NetworkRequest [ LISTEN id=936, [ Capabilities: INTERNET&NOT_RESTRICTED&TRUSTED Unwanted:  Uid: 10123] ]
2019-07-08 13:04:06.548 1550-2138/? D/ConnectivityService: filterNetworkStateForUid() uid: 10029, pid: 1550, networkInfo: [type: WIFI[], state: CONNECTED/CONNECTED, reason: (unspecified), extra: (none), failover: false, available: true, roaming: false]
2019-07-08 13:04:06.548 1550-2138/? D/ConnectivityService: filterNetworkStateForUid() uid: 10032, pid: 1550
2019-07-08 13:04:06.548 1550-2189/? D/ConnectivityService: sending notification CALLBACK_CAP_CHANGED for NetworkRequest [ LISTEN id=936, [ Capabilities: INTERNET&NOT_RESTRICTED&TRUSTED Unwanted:  Uid: 10123] ]
2019-07-08 13:04:06.548 1550-2138/? D/ConnectivityService: filterNetworkStateForUid() uid: 10032, pid: 1550, networkInfo: [type: WIFI[], state: CONNECTED/CONNECTED, reason: (unspecified), extra: (none), failover: false, available: true, roaming: false]
2019-07-08 13:04:06.548 1550-2189/? D/ConnectivityService:  sending notification for NetworkRequest [ TRACK_DEFAULT id=937, [ Capabilities: INTERNET&NOT_RESTRICTED&TRUSTED Unwanted:  Uid: 10123] ]
2019-07-08 13:04:06.549 1550-2138/? D/ConnectivityService: filterNetworkStateForUid() uid: 10224, pid: 1550
2019-07-08 13:04:06.549 1550-2465/? D/ConnectivityService: filterNetworkStateForUid() uid: 10142, pid: 7830
2019-07-08 13:04:06.549 1550-2189/? D/ConnectivityService: sending notification CALLBACK_CAP_CHANGED for NetworkRequest [ TRACK_DEFAULT id=937, [ Capabilities: INTERNET&NOT_RESTRICTED&TRUSTED Unwanted:  Uid: 10123] ]
2019-07-08 13:04:06.549 1550-2138/? D/ConnectivityService: filterNetworkStateForUid() uid: 10224, pid: 1550, networkInfo: [type: WIFI[], state: CONNECTED/CONNECTED, reason: (unspecified), extra: (none), failover: false, available: true, roaming: false]
2019-07-08 13:04:06.549 1550-2465/? D/ConnectivityService: filterNetworkStateForUid() uid: 10142, pid: 7830, networkInfo: [type: WIFI[], state: CONNECTED/CONNECTED, reason: (unspecified), extra: (none), failover: false, available: true, roaming: false]
2019-07-08 13:04:06.549 1550-2138/? D/ConnectivityService: filterNetworkStateForUid() uid: 10029, pid: 1550
2019-07-08 13:04:06.549 1550-2189/? D/ConnectivityService:  sending notification for NetworkRequest [ LISTEN id=938, [ Capabilities: INTERNET&NOT_RESTRICTED&TRUSTED Unwanted:  Uid: 10123] ]
2019-07-08 13:04:06.549 1550-2138/? D/ConnectivityService: filterNetworkStateForUid() uid: 10029, pid: 1550, networkInfo: [type: WIFI[], state: CONNECTED/CONNECTED, reason: (unspecified), extra: (none), failover: false, available: true, roaming: false]
2019-07-08 13:04:06.549 1550-2189/? D/ConnectivityService: sending notification CALLBACK_CAP_CHANGED for NetworkRequest [ LISTEN id=938, [ Capabilities: INTERNET&NOT_RESTRICTED&TRUSTED Unwanted:  Uid: 10123] ]
2019-07-08 13:04:06.549 1550-2138/? D/ConnectivityService: filterNetworkStateForUid() uid: 10101, pid: 1550
2019-07-08 13:04:06.549 1550-2189/? D/ConnectivityService:  sending notification for NetworkRequest [ TRACK_DEFAULT id=980, [ Capabilities: INTERNET&NOT_RESTRICTED&TRUSTED Unwanted:  Uid: 10088] ]
2019-07-08 13:04:06.549 1550-2465/? D/ConnectivityService: filterNetworkStateForUid() uid: 10123, pid: 6678
2019-07-08 13:04:06.549 1550-2189/? D/ConnectivityService: sending notification CALLBACK_CAP_CHANGED for NetworkRequest [ TRACK_DEFAULT id=980, [ Capabilities: INTERNET&NOT_RESTRICTED&TRUSTED Unwanted:  Uid: 10088] ]
2019-07-08 13:04:06.549 1550-2465/? D/ConnectivityService: filterNetworkStateForUid() uid: 10123, pid: 6678, networkInfo: [type: WIFI[], state: CONNECTED/CONNECTED, reason: (unspecified), extra: (none), failover: false, available: true, roaming: false]
2019-07-08 13:04:06.549 1550-2189/? D/ConnectivityService:  sending notification for NetworkRequest [ LISTEN id=981, [ Capabilities: INTERNET&NOT_RESTRICTED&TRUSTED Unwanted:  Uid: 10088] ]
2019-07-08 13:04:06.549 1550-2189/? D/ConnectivityService: sending notification CALLBACK_CAP_CHANGED for NetworkRequest [ LISTEN id=981, [ Capabilities: INTERNET&NOT_RESTRICTED&TRUSTED Unwanted:  Uid: 10088] ]
2019-07-08 13:04:06.549 1550-2138/? D/ConnectivityService: filterNetworkStateForUid() uid: 10101, pid: 1550, networkInfo: [type: WIFI[], state: CONNECTED/CONNECTED, reason: (unspecified), extra: (none), failover: false, available: true, roaming: false]
2019-07-08 13:04:06.549 1550-2189/? D/ConnectivityService:  sending notification for NetworkRequest [ TRACK_DEFAULT id=1064, [ Capabilities: INTERNET&NOT_RESTRICTED&TRUSTED Unwanted:  Uid: 10085] ]
2019-07-08 13:04:06.549 1550-2138/? D/ConnectivityService: filterNetworkStateForUid() uid: 10056, pid: 1550
